
> planpal-backend@1.0.0 test
> cross-env NODE_ENV=test node --experimental-vm-modules node_modules/jest/bin/jest.js

  console.log
    
    ΓÜá∩╕Å  Skipping RLS tests: TEST_SUPABASE_URL, TEST_SUPABASE_ANON_KEY, or TEST_SUPABASE_SERVICE_KEY not set

      at tests/rls-isolation.test.js:19:11

(node:16976) ExperimentalWarning: VM Modules is an experimental feature and might change at any time
(Use `node --trace-warnings ...` to show where the warning was created)
(node:17820) ExperimentalWarning: VM Modules is an experimental feature and might change at any time
(Use `node --trace-warnings ...` to show where the warning was created)
(node:13280) ExperimentalWarning: VM Modules is an experimental feature and might change at any time
(Use `node --trace-warnings ...` to show where the warning was created)
{"level":30,"time":1791249071637,"pid":13280,"hostname":"DESKTOP-APUHV9O","req":{"id":1,"method":"GET","url":"/health"},"res":{"statusCode":200},"responseTime":8,"msg":"GET / 200"}
{"level":30,"time":1791249071834,"pid":13280,"hostname":"DESKTOP-APUHV9O","req":{"id":2,"method":"GET","url":"/health/db"},"res":{"statusCode":200},"responseTime":174,"msg":"GET /db 200"}
{"level":50,"time":1791249071845,"pid":13280,"hostname":"DESKTOP-APUHV9O","err":{"type":"AppError","message":"Authentication required","stack":"AppError: Authentication required\n    at authenticate (C:\\Users\\lardg\\Desktop\\TASK APP\\BACKEND\\src\\middleware\\auth.js:13:13)\n    at Layer.handle [as handle_request] (C:\\Users\\lardg\\Desktop\\TASK APP\\BACKEND\\node_modules\\express\\lib\\router\\layer.js:95:5)\n    at trim_prefix (C:\\Users\\lardg\\Desktop\\TASK APP\\BACKEND\\node_modules\\express\\lib\\router\\index.js:328:13)\n    at C:\\Users\\lardg\\Desktop\\TASK APP\\BACKEND\\node_modules\\express\\lib\\router\\index.js:286:9\n    at router.process_params (C:\\Users\\lardg\\Desktop\\TASK APP\\BACKEND\\node_modules\\express\\lib\\router\\index.js:346:12)\n    at next (C:\\Users\\lardg\\Desktop\\TASK APP\\BACKEND\\node_modules\\express\\lib\\router\\index.js:280:10)\n    at router.handle (C:\\Users\\lardg\\Desktop\\TASK APP\\BACKEND\\node_modules\\express\\lib\\router\\index.js:175:3)\n    at router (C:\\Users\\lardg\\Desktop\\TASK APP\\BACKEND\\node_modules\\express\\lib\\router\\index.js:47:12)\n    at Layer.handle [as handle_request] (C:\\Users\\lardg\\Desktop\\TASK APP\\BACKEND\\node_modules\\express\\lib\\router\\layer.js:95:5)\n    at trim_prefix (C:\\Users\\lardg\\Desktop\\TASK APP\\BACKEND\\node_modules\\express\\lib\\router\\index.js:328:13)\n    at C:\\Users\\lardg\\Desktop\\TASK APP\\BACKEND\\node_modules\\express\\lib\\router\\index.js:286:9\n    at router.process_params (C:\\Users\\lardg\\Desktop\\TASK APP\\BACKEND\\node_modules\\express\\lib\\router\\index.js:346:12)\n    at next (C:\\Users\\lardg\\Desktop\\TASK APP\\BACKEND\\node_modules\\express\\lib\\router\\index.js:280:10)\n    at C:\\Users\\lardg\\Desktop\\TASK APP\\BACKEND\\src\\app.js:49:5\n    at Layer.handle [as handle_request] (C:\\Users\\lardg\\Desktop\\TASK APP\\BACKEND\\node_modules\\express\\lib\\router\\layer.js:95:5)\n    at trim_prefix (C:\\Users\\lardg\\Desktop\\TASK APP\\BACKEND\\node_modules\\express\\lib\\router\\index.js:328:13)\n    at C:\\Users\\lardg\\Desktop\\TASK APP\\BACKEND\\node_modules\\express\\lib\\router\\index.js:286:9\n    at router.process_params (C:\\Users\\lardg\\Desktop\\TASK APP\\BACKEND\\node_modules\\express\\lib\\router\\index.js:346:12)\n    at next (C:\\Users\\lardg\\Desktop\\TASK APP\\BACKEND\\node_modules\\express\\lib\\router\\index.js:280:10)\n    at loggingMiddleware (C:\\Users\\lardg\\Desktop\\TASK APP\\BACKEND\\node_modules\\pino-http\\logger.js:206:7)\n    at result (C:\\Users\\lardg\\Desktop\\TASK APP\\BACKEND\\node_modules\\pino-http\\logger.js:90:12)\n    at Layer.handle [as handle_request] (C:\\Users\\lardg\\Desktop\\TASK APP\\BACKEND\\node_modules\\express\\lib\\router\\layer.js:95:5)\n    at trim_prefix (C:\\Users\\lardg\\Desktop\\TASK APP\\BACKEND\\node_modules\\express\\lib\\router\\index.js:328:13)\n    at C:\\Users\\lardg\\Desktop\\TASK APP\\BACKEND\\node_modules\\express\\lib\\router\\index.js:286:9\n    at router.process_params (C:\\Users\\lardg\\Desktop\\TASK APP\\BACKEND\\node_modules\\express\\lib\\router\\index.js:346:12)\n    at next (C:\\Users\\lardg\\Desktop\\TASK APP\\BACKEND\\node_modules\\express\\lib\\router\\index.js:280:10)\n    at urlencodedParser (C:\\Users\\lardg\\Desktop\\TASK APP\\BACKEND\\node_modules\\body-parser\\lib\\types\\urlencoded.js:95:7)\n    at Layer.handle [as handle_request] (C:\\Users\\lardg\\Desktop\\TASK APP\\BACKEND\\node_modules\\express\\lib\\router\\layer.js:95:5)\n    at trim_prefix (C:\\Users\\lardg\\Desktop\\TASK APP\\BACKEND\\node_modules\\express\\lib\\router\\index.js:328:13)\n    at C:\\Users\\lardg\\Desktop\\TASK APP\\BACKEND\\node_modules\\express\\lib\\router\\index.js:286:9\n    at router.process_params (C:\\Users\\lardg\\Desktop\\TASK APP\\BACKEND\\node_modules\\express\\lib\\router\\index.js:346:12)\n    at next (C:\\Users\\lardg\\Desktop\\TASK APP\\BACKEND\\node_modules\\express\\lib\\router\\index.js:280:10)\n    at jsonParser (C:\\Users\\lardg\\Desktop\\TASK APP\\BACKEND\\node_modules\\body-parser\\lib\\types\\json.js:117:7)\n    at Layer.handle [as handle_request] (C:\\Users\\lardg\\Desktop\\TASK APP\\BACKEND\\node_modules\\express\\lib\\router\\layer.js:95:5)\n    at trim_prefix (C:\\Users\\lardg\\Desktop\\TASK APP\\BACKEND\\node_modules\\express\\lib\\router\\index.js:328:13)\n    at C:\\Users\\lardg\\Desktop\\TASK APP\\BACKEND\\node_modules\\express\\lib\\router\\index.js:286:9\n    at router.process_params (C:\\Users\\lardg\\Desktop\\TASK APP\\BACKEND\\node_modules\\express\\lib\\router\\index.js:346:12)\n    at next (C:\\Users\\lardg\\Desktop\\TASK APP\\BACKEND\\node_modules\\express\\lib\\router\\index.js:280:10)\n    at cors (C:\\Users\\lardg\\Desktop\\TASK APP\\BACKEND\\node_modules\\cors\\lib\\index.js:188:7)\n    at C:\\Users\\lardg\\Desktop\\TASK APP\\BACKEND\\node_modules\\cors\\lib\\index.js:224:17\n    at originCallback (C:\\Users\\lardg\\Desktop\\TASK APP\\BACKEND\\node_modules\\cors\\lib\\index.js:214:15)\n    at C:\\Users\\lardg\\Desktop\\TASK APP\\BACKEND\\node_modules\\cors\\lib\\index.js:219:13\n    at optionsCallback (C:\\Users\\lardg\\Desktop\\TASK APP\\BACKEND\\node_modules\\cors\\lib\\index.js:199:9)\n    at corsMiddleware (C:\\Users\\lardg\\Desktop\\TASK APP\\BACKEND\\node_modules\\cors\\lib\\index.js:204:7)\n    at Layer.handle [as handle_request] (C:\\Users\\lardg\\Desktop\\TASK APP\\BACKEND\\node_modules\\express\\lib\\router\\layer.js:95:5)\n    at trim_prefix (C:\\Users\\lardg\\Desktop\\TASK APP\\BACKEND\\node_modules\\express\\lib\\router\\index.js:328:13)\n    at C:\\Users\\lardg\\Desktop\\TASK APP\\BACKEND\\node_modules\\express\\lib\\router\\index.js:286:9\n    at router.process_params (C:\\Users\\lardg\\Desktop\\TASK APP\\BACKEND\\node_modules\\express\\lib\\router\\index.js:346:12)\n    at next (C:\\Users\\lardg\\Desktop\\TASK APP\\BACKEND\\node_modules\\express\\lib\\router\\index.js:280:10)\n    at internalNext (C:\\Users\\lardg\\Desktop\\TASK APP\\BACKEND\\node_modules\\helmet\\index.mjs:554:6)\n    at xXssProtectionMiddleware (C:\\Users\\lardg\\Desktop\\TASK APP\\BACKEND\\node_modules\\helmet\\index.mjs:334:3)\n    at internalNext (C:\\Users\\lardg\\Desktop\\TASK APP\\BACKEND\\node_modules\\helmet\\index.mjs:552:6)\n    at xPoweredByMiddleware (C:\\Users\\lardg\\Desktop\\TASK APP\\BACKEND\\node_modules\\helmet\\index.mjs:327:3)\n    at internalNext (C:\\Users\\lardg\\Desktop\\TASK APP\\BACKEND\\node_modules\\helmet\\index.mjs:552:6)\n    at xPermittedCrossDomainPoliciesMiddleware (C:\\Users\\lardg\\Desktop\\TASK APP\\BACKEND\\node_modules\\helmet\\index.mjs:320:3)\n    at internalNext (C:\\Users\\lardg\\Desktop\\TASK APP\\BACKEND\\node_modules\\helmet\\index.mjs:552:6)\n    at xFrameOptionsMiddleware (C:\\Users\\lardg\\Desktop\\TASK APP\\BACKEND\\node_modules\\helmet\\index.mjs:304:3)\n    at internalNext (C:\\Users\\lardg\\Desktop\\TASK APP\\BACKEND\\node_modules\\helmet\\index.mjs:552:6)\n    at xDownloadOptionsMiddleware (C:\\Users\\lardg\\Desktop\\TASK APP\\BACKEND\\node_modules\\helmet\\index.mjs:284:3)\n    at internalNext (C:\\Users\\lardg\\Desktop\\TASK APP\\BACKEND\\node_modules\\helmet\\index.mjs:552:6)\n    at xDnsPrefetchControlMiddleware (C:\\Users\\lardg\\Desktop\\TASK APP\\BACKEND\\node_modules\\helmet\\index.mjs:277:3)\n    at internalNext (C:\\Users\\lardg\\Desktop\\TASK APP\\BACKEND\\node_modules\\helmet\\index.mjs:552:6)\n    at xContentTypeOptionsMiddleware (C:\\Users\\lardg\\Desktop\\TASK APP\\BACKEND\\node_modules\\helmet\\index.mjs:269:3)\n    at internalNext (C:\\Users\\lardg\\Desktop\\TASK APP\\BACKEND\\node_modules\\helmet\\index.mjs:552:6)\n    at strictTransportSecurityMiddleware (C:\\Users\\lardg\\Desktop\\TASK APP\\BACKEND\\node_modules\\helmet\\index.mjs:262:3)\n    at internalNext (C:\\Users\\lardg\\Desktop\\TASK APP\\BACKEND\\node_modules\\helmet\\index.mjs:552:6)\n    at referrerPolicyMiddleware (C:\\Users\\lardg\\Desktop\\TASK APP\\BACKEND\\node_modules\\helmet\\index.mjs:230:3)\n    at internalNext (C:\\Users\\lardg\\Desktop\\TASK APP\\BACKEND\\node_modules\\helmet\\index.mjs:552:6)\n    at originAgentClusterMiddleware (C:\\Users\\lardg\\Desktop\\TASK APP\\BACKEND\\node_modules\\helmet\\index.mjs:205:3)\n    at internalNext (C:\\Users\\lardg\\Desktop\\TASK APP\\BACKEND\\node_modules\\helmet\\index.mjs:552:6)\n    at crossOriginResourcePolicyMiddleware (C:\\Users\\lardg\\Desktop\\TASK APP\\BACKEND\\node_modules\\helmet\\index.mjs:198:3)\n    at internalNext (C:\\Users\\lardg\\Desktop\\TASK APP\\BACKEND\\node_modules\\helmet\\index.mjs:552:6)\n    at crossOriginOpenerPolicyMiddleware (C:\\Users\\lardg\\Desktop\\TASK APP\\BACKEND\\node_modules\\helmet\\index.mjs:182:3)\n    at internalNext (C:\\Users\\lardg\\Desktop\\TASK APP\\BACKEND\\node_modules\\helmet\\index.mjs:552:6)\n    at contentSecurityPolicyMiddleware (C:\\Users\\lardg\\Desktop\\TASK APP\\BACKEND\\node_modules\\helmet\\index.mjs:138:4)\n    at internalNext (C:\\Users\\lardg\\Desktop\\TASK APP\\BACKEND\\node_modules\\helmet\\index.mjs:552:6)\n    at helmetMiddleware (C:\\Users\\lardg\\Desktop\\TASK APP\\BACKEND\\node_modules\\helmet\\index.mjs:556:6)\n    at Layer.handle [as handle_request] (C:\\Users\\lardg\\Desktop\\TASK APP\\BACKEND\\node_modules\\express\\lib\\router\\layer.js:95:5)\n    at trim_prefix (C:\\Users\\lardg\\Desktop\\TASK APP\\BACKEND\\node_modules\\express\\lib\\router\\index.js:328:13)\n    at C:\\Users\\lardg\\Desktop\\TASK APP\\BACKEND\\node_modules\\express\\lib\\router\\index.js:286:9\n    at router.process_params (C:\\Users\\lardg\\Desktop\\TASK APP\\BACKEND\\node_modules\\express\\lib\\router\\index.js:346:12)\n    at next (C:\\Users\\lardg\\Desktop\\TASK APP\\BACKEND\\node_modules\\express\\lib\\router\\index.js:280:10)\n    at expressInit (C:\\Users\\lardg\\Desktop\\TASK APP\\BACKEND\\node_modules\\express\\lib\\middleware\\init.js:40:5)\n    at Layer.handle [as handle_request] (C:\\Users\\lardg\\Desktop\\TASK APP\\BACKEND\\node_modules\\express\\lib\\router\\layer.js:95:5)\n    at trim_prefix (C:\\Users\\lardg\\Desktop\\TASK APP\\BACKEND\\node_modules\\express\\lib\\router\\index.js:328:13)\n    at C:\\Users\\lardg\\Desktop\\TASK APP\\BACKEND\\node_modules\\express\\lib\\router\\index.js:286:9\n    at router.process_params (C:\\Users\\lardg\\Desktop\\TASK APP\\BACKEND\\node_modules\\express\\lib\\router\\index.js:346:12)\n    at next (C:\\Users\\lardg\\Desktop\\TASK APP\\BACKEND\\node_modules\\express\\lib\\router\\index.js:280:10)\n    at query (C:\\Users\\lardg\\Desktop\\TASK APP\\BACKEND\\node_modules\\express\\lib\\middleware\\query.js:45:5)\n    at Layer.handle [as handle_request] (C:\\Users\\lardg\\Desktop\\TASK APP\\BACKEND\\node_modules\\express\\lib\\router\\layer.js:95:5)\n    at trim_prefix (C:\\Users\\lardg\\Desktop\\TASK APP\\BACKEND\\node_modules\\express\\lib\\router\\index.js:328:13)\n    at C:\\Users\\lardg\\Desktop\\TASK APP\\BACKEND\\node_modules\\express\\lib\\router\\index.js:286:9\n    at router.process_params (C:\\Users\\lardg\\Desktop\\TASK APP\\BACKEND\\node_modules\\express\\lib\\router\\index.js:346:12)\n    at next (C:\\Users\\lardg\\Desktop\\TASK APP\\BACKEND\\node_modules\\express\\lib\\router\\index.js:280:10)\n    at router.handle (C:\\Users\\lardg\\Desktop\\TASK APP\\BACKEND\\node_modules\\express\\lib\\router\\index.js:175:3)\n    at app.handle (C:\\Users\\lardg\\Desktop\\TASK APP\\BACKEND\\node_modules\\express\\lib\\application.js:181:10)\n    at Server.app (C:\\Users\\lardg\\Desktop\\TASK APP\\BACKEND\\node_modules\\express\\lib\\express.js:39:9)\n    at Server.emit (node:events:508:28)\n    at parserOnIncoming (node:_http_server:1210:12)\n    at HTTPParser.parserOnHeadersComplete (node:_http_common:125:17)","name":"AppError","code":"AUTH_REQUIRED","statusCode":401,"details":null},"requestId":3,"path":"/api/v1/me","msg":"Authentication required"}
{"level":40,"time":1791249071859,"pid":13280,"hostname":"DESKTOP-APUHV9O","req":{"id":3,"method":"GET","url":"/api/v1/me"},"res":{"statusCode":401},"responseTime":15,"msg":"GET /api/v1/me 401"}
{"level":30,"time":1791249072013,"pid":17820,"hostname":"DESKTOP-APUHV9O","req":{"id":1,"method":"GET","url":"/api/v1/workspaces"},"res":{"statusCode":200},"responseTime":506,"msg":"GET / 200"}
{"level":50,"time":1791249072043,"pid":17820,"hostname":"DESKTOP-APUHV9O","err":{"type":"AppError","message":"Authentication required","stack":"AppError: Authentication required\n    at authenticate (C:\\Users\\lardg\\Desktop\\TASK APP\\BACKEND\\src\\middleware\\auth.js:13:13)\n    at Layer.handle [as handle_request] (C:\\Users\\lardg\\Desktop\\TASK APP\\BACKEND\\node_modules\\express\\lib\\router\\layer.js:95:5)\n    at trim_prefix (C:\\Users\\lardg\\Desktop\\TASK APP\\BACKEND\\node_modules\\express\\lib\\router\\index.js:328:13)\n    at C:\\Users\\lardg\\Desktop\\TASK APP\\BACKEND\\node_modules\\express\\lib\\router\\index.js:286:9\n    at router.process_params (C:\\Users\\lardg\\Desktop\\TASK APP\\BACKEND\\node_modules\\express\\lib\\router\\index.js:346:12)\n    at next (C:\\Users\\lardg\\Desktop\\TASK APP\\BACKEND\\node_modules\\express\\lib\\router\\index.js:280:10)\n    at router.handle (C:\\Users\\lardg\\Desktop\\TASK APP\\BACKEND\\node_modules\\express\\lib\\router\\index.js:175:3)\n    at router (C:\\Users\\lardg\\Desktop\\TASK APP\\BACKEND\\node_modules\\express\\lib\\router\\index.js:47:12)\n    at Layer.handle [as handle_request] (C:\\Users\\lardg\\Desktop\\TASK APP\\BACKEND\\node_modules\\express\\lib\\router\\layer.js:95:5)\n    at trim_prefix (C:\\Users\\lardg\\Desktop\\TASK APP\\BACKEND\\node_modules\\express\\lib\\router\\index.js:328:13)\n    at C:\\Users\\lardg\\Desktop\\TASK APP\\BACKEND\\node_modules\\express\\lib\\router\\index.js:286:9\n    at router.process_params (C:\\Users\\lardg\\Desktop\\TASK APP\\BACKEND\\node_modules\\express\\lib\\router\\index.js:346:12)\n    at next (C:\\Users\\lardg\\Desktop\\TASK APP\\BACKEND\\node_modules\\express\\lib\\router\\index.js:280:10)\n    at C:\\Users\\lardg\\Desktop\\TASK APP\\BACKEND\\src\\app.js:49:5\n    at Layer.handle [as handle_request] (C:\\Users\\lardg\\Desktop\\TASK APP\\BACKEND\\node_modules\\express\\lib\\router\\layer.js:95:5)\n    at trim_prefix (C:\\Users\\lardg\\Desktop\\TASK APP\\BACKEND\\node_modules\\express\\lib\\router\\index.js:328:13)\n    at C:\\Users\\lardg\\Desktop\\TASK APP\\BACKEND\\node_modules\\express\\lib\\router\\index.js:286:9\n    at router.process_params (C:\\Users\\lardg\\Desktop\\TASK APP\\BACKEND\\node_modules\\express\\lib\\router\\index.js:346:12)\n    at next (C:\\Users\\lardg\\Desktop\\TASK APP\\BACKEND\\node_modules\\express\\lib\\router\\index.js:280:10)\n    at loggingMiddleware (C:\\Users\\lardg\\Desktop\\TASK APP\\BACKEND\\node_modules\\pino-http\\logger.js:206:7)\n    at result (C:\\Users\\lardg\\Desktop\\TASK APP\\BACKEND\\node_modules\\pino-http\\logger.js:90:12)\n    at Layer.handle [as handle_request] (C:\\Users\\lardg\\Desktop\\TASK APP\\BACKEND\\node_modules\\express\\lib\\router\\layer.js:95:5)\n    at trim_prefix (C:\\Users\\lardg\\Desktop\\TASK APP\\BACKEND\\node_modules\\express\\lib\\router\\index.js:328:13)\n    at C:\\Users\\lardg\\Desktop\\TASK APP\\BACKEND\\node_modules\\express\\lib\\router\\index.js:286:9\n    at router.process_params (C:\\Users\\lardg\\Desktop\\TASK APP\\BACKEND\\node_modules\\express\\lib\\router\\index.js:346:12)\n    at next (C:\\Users\\lardg\\Desktop\\TASK APP\\BACKEND\\node_modules\\express\\lib\\router\\index.js:280:10)\n    at urlencodedParser (C:\\Users\\lardg\\Desktop\\TASK APP\\BACKEND\\node_modules\\body-parser\\lib\\types\\urlencoded.js:95:7)\n    at Layer.handle [as handle_request] (C:\\Users\\lardg\\Desktop\\TASK APP\\BACKEND\\node_modules\\express\\lib\\router\\layer.js:95:5)\n    at trim_prefix (C:\\Users\\lardg\\Desktop\\TASK APP\\BACKEND\\node_modules\\express\\lib\\router\\index.js:328:13)\n    at C:\\Users\\lardg\\Desktop\\TASK APP\\BACKEND\\node_modules\\express\\lib\\router\\index.js:286:9\n    at router.process_params (C:\\Users\\lardg\\Desktop\\TASK APP\\BACKEND\\node_modules\\express\\lib\\router\\index.js:346:12)\n    at next (C:\\Users\\lardg\\Desktop\\TASK APP\\BACKEND\\node_modules\\express\\lib\\router\\index.js:280:10)\n    at jsonParser (C:\\Users\\lardg\\Desktop\\TASK APP\\BACKEND\\node_modules\\body-parser\\lib\\types\\json.js:117:7)\n    at Layer.handle [as handle_request] (C:\\Users\\lardg\\Desktop\\TASK APP\\BACKEND\\node_modules\\express\\lib\\router\\layer.js:95:5)\n    at trim_prefix (C:\\Users\\lardg\\Desktop\\TASK APP\\BACKEND\\node_modules\\express\\lib\\router\\index.js:328:13)\n    at C:\\Users\\lardg\\Desktop\\TASK APP\\BACKEND\\node_modules\\express\\lib\\router\\index.js:286:9\n    at router.process_params (C:\\Users\\lardg\\Desktop\\TASK APP\\BACKEND\\node_modules\\express\\lib\\router\\index.js:346:12)\n    at next (C:\\Users\\lardg\\Desktop\\TASK APP\\BACKEND\\node_modules\\express\\lib\\router\\index.js:280:10)\n    at cors (C:\\Users\\lardg\\Desktop\\TASK APP\\BACKEND\\node_modules\\cors\\lib\\index.js:188:7)\n    at C:\\Users\\lardg\\Desktop\\TASK APP\\BACKEND\\node_modules\\cors\\lib\\index.js:224:17\n    at originCallback (C:\\Users\\lardg\\Desktop\\TASK APP\\BACKEND\\node_modules\\cors\\lib\\index.js:214:15)\n    at C:\\Users\\lardg\\Desktop\\TASK APP\\BACKEND\\node_modules\\cors\\lib\\index.js:219:13\n    at optionsCallback (C:\\Users\\lardg\\Desktop\\TASK APP\\BACKEND\\node_modules\\cors\\lib\\index.js:199:9)\n    at corsMiddleware (C:\\Users\\lardg\\Desktop\\TASK APP\\BACKEND\\node_modules\\cors\\lib\\index.js:204:7)\n    at Layer.handle [as handle_request] (C:\\Users\\lardg\\Desktop\\TASK APP\\BACKEND\\node_modules\\express\\lib\\router\\layer.js:95:5)\n    at trim_prefix (C:\\Users\\lardg\\Desktop\\TASK APP\\BACKEND\\node_modules\\express\\lib\\router\\index.js:328:13)\n    at C:\\Users\\lardg\\Desktop\\TASK APP\\BACKEND\\node_modules\\express\\lib\\router\\index.js:286:9\n    at router.process_params (C:\\Users\\lardg\\Desktop\\TASK APP\\BACKEND\\node_modules\\express\\lib\\router\\index.js:346:12)\n    at next (C:\\Users\\lardg\\Desktop\\TASK APP\\BACKEND\\node_modules\\express\\lib\\router\\index.js:280:10)\n    at internalNext (C:\\Users\\lardg\\Desktop\\TASK APP\\BACKEND\\node_modules\\helmet\\index.mjs:554:6)\n    at xXssProtectionMiddleware (C:\\Users\\lardg\\Desktop\\TASK APP\\BACKEND\\node_modules\\helmet\\index.mjs:334:3)\n    at internalNext (C:\\Users\\lardg\\Desktop\\TASK APP\\BACKEND\\node_modules\\helmet\\index.mjs:552:6)\n    at xPoweredByMiddleware (C:\\Users\\lardg\\Desktop\\TASK APP\\BACKEND\\node_modules\\helmet\\index.mjs:327:3)\n    at internalNext (C:\\Users\\lardg\\Desktop\\TASK APP\\BACKEND\\node_modules\\helmet\\index.mjs:552:6)\n    at xPermittedCrossDomainPoliciesMiddleware (C:\\Users\\lardg\\Desktop\\TASK APP\\BACKEND\\node_modules\\helmet\\index.mjs:320:3)\n    at internalNext (C:\\Users\\lardg\\Desktop\\TASK APP\\BACKEND\\node_modules\\helmet\\index.mjs:552:6)\n    at xFrameOptionsMiddleware (C:\\Users\\lardg\\Desktop\\TASK APP\\BACKEND\\node_modules\\helmet\\index.mjs:304:3)\n    at internalNext (C:\\Users\\lardg\\Desktop\\TASK APP\\BACKEND\\node_modules\\helmet\\index.mjs:552:6)\n    at xDownloadOptionsMiddleware (C:\\Users\\lardg\\Desktop\\TASK APP\\BACKEND\\node_modules\\helmet\\index.mjs:284:3)\n    at internalNext (C:\\Users\\lardg\\Desktop\\TASK APP\\BACKEND\\node_modules\\helmet\\index.mjs:552:6)\n    at xDnsPrefetchControlMiddleware (C:\\Users\\lardg\\Desktop\\TASK APP\\BACKEND\\node_modules\\helmet\\index.mjs:277:3)\n    at internalNext (C:\\Users\\lardg\\Desktop\\TASK APP\\BACKEND\\node_modules\\helmet\\index.mjs:552:6)\n    at xContentTypeOptionsMiddleware (C:\\Users\\lardg\\Desktop\\TASK APP\\BACKEND\\node_modules\\helmet\\index.mjs:269:3)\n    at internalNext (C:\\Users\\lardg\\Desktop\\TASK APP\\BACKEND\\node_modules\\helmet\\index.mjs:552:6)\n    at strictTransportSecurityMiddleware (C:\\Users\\lardg\\Desktop\\TASK APP\\BACKEND\\node_modules\\helmet\\index.mjs:262:3)\n    at internalNext (C:\\Users\\lardg\\Desktop\\TASK APP\\BACKEND\\node_modules\\helmet\\index.mjs:552:6)\n    at referrerPolicyMiddleware (C:\\Users\\lardg\\Desktop\\TASK APP\\BACKEND\\node_modules\\helmet\\index.mjs:230:3)\n    at internalNext (C:\\Users\\lardg\\Desktop\\TASK APP\\BACKEND\\node_modules\\helmet\\index.mjs:552:6)\n    at originAgentClusterMiddleware (C:\\Users\\lardg\\Desktop\\TASK APP\\BACKEND\\node_modules\\helmet\\index.mjs:205:3)\n    at internalNext (C:\\Users\\lardg\\Desktop\\TASK APP\\BACKEND\\node_modules\\helmet\\index.mjs:552:6)\n    at crossOriginResourcePolicyMiddleware (C:\\Users\\lardg\\Desktop\\TASK APP\\BACKEND\\node_modules\\helmet\\index.mjs:198:3)\n    at internalNext (C:\\Users\\lardg\\Desktop\\TASK APP\\BACKEND\\node_modules\\helmet\\index.mjs:552:6)\n    at crossOriginOpenerPolicyMiddleware (C:\\Users\\lardg\\Desktop\\TASK APP\\BACKEND\\node_modules\\helmet\\index.mjs:182:3)\n    at internalNext (C:\\Users\\lardg\\Desktop\\TASK APP\\BACKEND\\node_modules\\helmet\\index.mjs:552:6)\n    at contentSecurityPolicyMiddleware (C:\\Users\\lardg\\Desktop\\TASK APP\\BACKEND\\node_modules\\helmet\\index.mjs:138:4)\n    at internalNext (C:\\Users\\lardg\\Desktop\\TASK APP\\BACKEND\\node_modules\\helmet\\index.mjs:552:6)\n    at helmetMiddleware (C:\\Users\\lardg\\Desktop\\TASK APP\\BACKEND\\node_modules\\helmet\\index.mjs:556:6)\n    at Layer.handle [as handle_request] (C:\\Users\\lardg\\Desktop\\TASK APP\\BACKEND\\node_modules\\express\\lib\\router\\layer.js:95:5)\n    at trim_prefix (C:\\Users\\lardg\\Desktop\\TASK APP\\BACKEND\\node_modules\\express\\lib\\router\\index.js:328:13)\n    at C:\\Users\\lardg\\Desktop\\TASK APP\\BACKEND\\node_modules\\express\\lib\\router\\index.js:286:9\n    at router.process_params (C:\\Users\\lardg\\Desktop\\TASK APP\\BACKEND\\node_modules\\express\\lib\\router\\index.js:346:12)\n    at next (C:\\Users\\lardg\\Desktop\\TASK APP\\BACKEND\\node_modules\\express\\lib\\router\\index.js:280:10)\n    at expressInit (C:\\Users\\lardg\\Desktop\\TASK APP\\BACKEND\\node_modules\\express\\lib\\middleware\\init.js:40:5)\n    at Layer.handle [as handle_request] (C:\\Users\\lardg\\Desktop\\TASK APP\\BACKEND\\node_modules\\express\\lib\\router\\layer.js:95:5)\n    at trim_prefix (C:\\Users\\lardg\\Desktop\\TASK APP\\BACKEND\\node_modules\\express\\lib\\router\\index.js:328:13)\n    at C:\\Users\\lardg\\Desktop\\TASK APP\\BACKEND\\node_modules\\express\\lib\\router\\index.js:286:9\n    at router.process_params (C:\\Users\\lardg\\Desktop\\TASK APP\\BACKEND\\node_modules\\express\\lib\\router\\index.js:346:12)\n    at next (C:\\Users\\lardg\\Desktop\\TASK APP\\BACKEND\\node_modules\\express\\lib\\router\\index.js:280:10)\n    at query (C:\\Users\\lardg\\Desktop\\TASK APP\\BACKEND\\node_modules\\express\\lib\\middleware\\query.js:45:5)\n    at Layer.handle [as handle_request] (C:\\Users\\lardg\\Desktop\\TASK APP\\BACKEND\\node_modules\\express\\lib\\router\\layer.js:95:5)\n    at trim_prefix (C:\\Users\\lardg\\Desktop\\TASK APP\\BACKEND\\node_modules\\express\\lib\\router\\index.js:328:13)\n    at C:\\Users\\lardg\\Desktop\\TASK APP\\BACKEND\\node_modules\\express\\lib\\router\\index.js:286:9\n    at router.process_params (C:\\Users\\lardg\\Desktop\\TASK APP\\BACKEND\\node_modules\\express\\lib\\router\\index.js:346:12)\n    at next (C:\\Users\\lardg\\Desktop\\TASK APP\\BACKEND\\node_modules\\express\\lib\\router\\index.js:280:10)\n    at router.handle (C:\\Users\\lardg\\Desktop\\TASK APP\\BACKEND\\node_modules\\express\\lib\\router\\index.js:175:3)\n    at app.handle (C:\\Users\\lardg\\Desktop\\TASK APP\\BACKEND\\node_modules\\express\\lib\\application.js:181:10)\n    at Server.app (C:\\Users\\lardg\\Desktop\\TASK APP\\BACKEND\\node_modules\\express\\lib\\express.js:39:9)\n    at Server.emit (node:events:508:28)\n    at parserOnIncoming (node:_http_server:1210:12)\n    at HTTPParser.parserOnHeadersComplete (node:_http_common:125:17)","name":"AppError","code":"AUTH_REQUIRED","statusCode":401,"details":null},"requestId":2,"path":"/api/v1/workspaces","msg":"Authentication required"}
{"level":40,"time":1791249072060,"pid":17820,"hostname":"DESKTOP-APUHV9O","req":{"id":2,"method":"GET","url":"/api/v1/workspaces"},"res":{"statusCode":401},"responseTime":18,"msg":"GET /api/v1/workspaces 401"}
{"level":50,"time":1791249072140,"pid":13280,"hostname":"DESKTOP-APUHV9O","err":{"type":"AppError","message":"Token expired or invalid","stack":"AppError: Token expired or invalid\n    at authenticate (C:\\Users\\lardg\\Desktop\\TASK APP\\BACKEND\\src\\middleware\\auth.js:26:13)\n    at processTicksAndRejections (node:internal/process/task_queues:104:5)","name":"AppError","code":"AUTH_EXPIRED","statusCode":401,"details":null},"requestId":4,"path":"/api/v1/me","msg":"Token expired or invalid"}
{"level":40,"time":1791249072142,"pid":13280,"hostname":"DESKTOP-APUHV9O","req":{"id":4,"method":"GET","url":"/api/v1/me"},"res":{"statusCode":401},"responseTime":267,"msg":"GET /api/v1/me 401"}
{"level":50,"time":1791249072569,"pid":17820,"hostname":"DESKTOP-APUHV9O","err":{"type":"Object","message":"Could not find the 'owner_id' column of 'workspaces' in the schema cache","stack":"","code":"PGRST204","details":null,"hint":null},"requestId":3,"userId":"f4c11da2-be4b-4780-903b-0f1dfb8be7a9","path":"/api/v1/workspaces","msg":"Could not find the 'owner_id' column of 'workspaces' in the schema cache"}
{"level":50,"time":1791249072573,"pid":17820,"hostname":"DESKTOP-APUHV9O","req":{"id":3,"method":"POST","url":"/api/v1/workspaces"},"res":{"statusCode":502},"err":{"type":"Error","message":"failed with status code 502","stack":"Error: failed with status code 502\n    at onResFinished (C:\\Users\\lardg\\Desktop\\TASK APP\\BACKEND\\node_modules\\pino-http\\logger.js:115:39)\n    at ServerResponse.onResponseComplete (C:\\Users\\lardg\\Desktop\\TASK APP\\BACKEND\\node_modules\\pino-http\\logger.js:178:14)\n    at ServerResponse.emit (node:events:520:35)\n    at onFinish (node:_http_outgoing:1026:10)\n    at callback (node:internal/streams/writable:764:21)\n    at afterWrite (node:internal/streams/writable:708:5)\n    at afterWriteTick (node:internal/streams/writable:694:10)\n    at processTicksAndRejections (node:internal/process/task_queues:89:21)"},"responseTime":462,"msg":"POST /api/v1/workspaces 502 - failed with status code 502"}
{"level":30,"time":1791249072598,"pid":16976,"hostname":"DESKTOP-APUHV9O","req":{"id":1,"method":"GET","url":"/api/v1/workspaces"},"res":{"statusCode":200},"responseTime":510,"msg":"GET / 200"}
{"level":30,"time":1791249072844,"pid":13280,"hostname":"DESKTOP-APUHV9O","req":{"id":5,"method":"GET","url":"/api/v1/me"},"res":{"statusCode":200},"responseTime":686,"msg":"GET / 200"}
{"level":50,"time":1791249072859,"pid":13280,"hostname":"DESKTOP-APUHV9O","err":{"type":"AppError","message":"Authentication required","stack":"AppError: Authentication required\n    at authenticate (C:\\Users\\lardg\\Desktop\\TASK APP\\BACKEND\\src\\middleware\\auth.js:13:13)\n    at Layer.handle [as handle_request] (C:\\Users\\lardg\\Desktop\\TASK APP\\BACKEND\\node_modules\\express\\lib\\router\\layer.js:95:5)\n    at trim_prefix (C:\\Users\\lardg\\Desktop\\TASK APP\\BACKEND\\node_modules\\express\\lib\\router\\index.js:328:13)\n    at C:\\Users\\lardg\\Desktop\\TASK APP\\BACKEND\\node_modules\\express\\lib\\router\\index.js:286:9\n    at router.process_params (C:\\Users\\lardg\\Desktop\\TASK APP\\BACKEND\\node_modules\\express\\lib\\router\\index.js:346:12)\n    at next (C:\\Users\\lardg\\Desktop\\TASK APP\\BACKEND\\node_modules\\express\\lib\\router\\index.js:280:10)\n    at router.handle (C:\\Users\\lardg\\Desktop\\TASK APP\\BACKEND\\node_modules\\express\\lib\\router\\index.js:175:3)\n    at router (C:\\Users\\lardg\\Desktop\\TASK APP\\BACKEND\\node_modules\\express\\lib\\router\\index.js:47:12)\n    at Layer.handle [as handle_request] (C:\\Users\\lardg\\Desktop\\TASK APP\\BACKEND\\node_modules\\express\\lib\\router\\layer.js:95:5)\n    at trim_prefix (C:\\Users\\lardg\\Desktop\\TASK APP\\BACKEND\\node_modules\\express\\lib\\router\\index.js:328:13)\n    at C:\\Users\\lardg\\Desktop\\TASK APP\\BACKEND\\node_modules\\express\\lib\\router\\index.js:286:9\n    at router.process_params (C:\\Users\\lardg\\Desktop\\TASK APP\\BACKEND\\node_modules\\express\\lib\\router\\index.js:346:12)\n    at next (C:\\Users\\lardg\\Desktop\\TASK APP\\BACKEND\\node_modules\\express\\lib\\router\\index.js:280:10)\n    at C:\\Users\\lardg\\Desktop\\TASK APP\\BACKEND\\src\\app.js:49:5\n    at Layer.handle [as handle_request] (C:\\Users\\lardg\\Desktop\\TASK APP\\BACKEND\\node_modules\\express\\lib\\router\\layer.js:95:5)\n    at trim_prefix (C:\\Users\\lardg\\Desktop\\TASK APP\\BACKEND\\node_modules\\express\\lib\\router\\index.js:328:13)\n    at C:\\Users\\lardg\\Desktop\\TASK APP\\BACKEND\\node_modules\\express\\lib\\router\\index.js:286:9\n    at router.process_params (C:\\Users\\lardg\\Desktop\\TASK APP\\BACKEND\\node_modules\\express\\lib\\router\\index.js:346:12)\n    at next (C:\\Users\\lardg\\Desktop\\TASK APP\\BACKEND\\node_modules\\express\\lib\\router\\index.js:280:10)\n    at loggingMiddleware (C:\\Users\\lardg\\Desktop\\TASK APP\\BACKEND\\node_modules\\pino-http\\logger.js:206:7)\n    at result (C:\\Users\\lardg\\Desktop\\TASK APP\\BACKEND\\node_modules\\pino-http\\logger.js:90:12)\n    at Layer.handle [as handle_request] (C:\\Users\\lardg\\Desktop\\TASK APP\\BACKEND\\node_modules\\express\\lib\\router\\layer.js:95:5)\n    at trim_prefix (C:\\Users\\lardg\\Desktop\\TASK APP\\BACKEND\\node_modules\\express\\lib\\router\\index.js:328:13)\n    at C:\\Users\\lardg\\Desktop\\TASK APP\\BACKEND\\node_modules\\express\\lib\\router\\index.js:286:9\n    at router.process_params (C:\\Users\\lardg\\Desktop\\TASK APP\\BACKEND\\node_modules\\express\\lib\\router\\index.js:346:12)\n    at next (C:\\Users\\lardg\\Desktop\\TASK APP\\BACKEND\\node_modules\\express\\lib\\router\\index.js:280:10)\n    at urlencodedParser (C:\\Users\\lardg\\Desktop\\TASK APP\\BACKEND\\node_modules\\body-parser\\lib\\types\\urlencoded.js:95:7)\n    at Layer.handle [as handle_request] (C:\\Users\\lardg\\Desktop\\TASK APP\\BACKEND\\node_modules\\express\\lib\\router\\layer.js:95:5)\n    at trim_prefix (C:\\Users\\lardg\\Desktop\\TASK APP\\BACKEND\\node_modules\\express\\lib\\router\\index.js:328:13)\n    at C:\\Users\\lardg\\Desktop\\TASK APP\\BACKEND\\node_modules\\express\\lib\\router\\index.js:286:9\n    at router.process_params (C:\\Users\\lardg\\Desktop\\TASK APP\\BACKEND\\node_modules\\express\\lib\\router\\index.js:346:12)\n    at next (C:\\Users\\lardg\\Desktop\\TASK APP\\BACKEND\\node_modules\\express\\lib\\router\\index.js:280:10)\n    at jsonParser (C:\\Users\\lardg\\Desktop\\TASK APP\\BACKEND\\node_modules\\body-parser\\lib\\types\\json.js:117:7)\n    at Layer.handle [as handle_request] (C:\\Users\\lardg\\Desktop\\TASK APP\\BACKEND\\node_modules\\express\\lib\\router\\layer.js:95:5)\n    at trim_prefix (C:\\Users\\lardg\\Desktop\\TASK APP\\BACKEND\\node_modules\\express\\lib\\router\\index.js:328:13)\n    at C:\\Users\\lardg\\Desktop\\TASK APP\\BACKEND\\node_modules\\express\\lib\\router\\index.js:286:9\n    at router.process_params (C:\\Users\\lardg\\Desktop\\TASK APP\\BACKEND\\node_modules\\express\\lib\\router\\index.js:346:12)\n    at next (C:\\Users\\lardg\\Desktop\\TASK APP\\BACKEND\\node_modules\\express\\lib\\router\\index.js:280:10)\n    at cors (C:\\Users\\lardg\\Desktop\\TASK APP\\BACKEND\\node_modules\\cors\\lib\\index.js:188:7)\n    at C:\\Users\\lardg\\Desktop\\TASK APP\\BACKEND\\node_modules\\cors\\lib\\index.js:224:17\n    at originCallback (C:\\Users\\lardg\\Desktop\\TASK APP\\BACKEND\\node_modules\\cors\\lib\\index.js:214:15)\n    at C:\\Users\\lardg\\Desktop\\TASK APP\\BACKEND\\node_modules\\cors\\lib\\index.js:219:13\n    at optionsCallback (C:\\Users\\lardg\\Desktop\\TASK APP\\BACKEND\\node_modules\\cors\\lib\\index.js:199:9)\n    at corsMiddleware (C:\\Users\\lardg\\Desktop\\TASK APP\\BACKEND\\node_modules\\cors\\lib\\index.js:204:7)\n    at Layer.handle [as handle_request] (C:\\Users\\lardg\\Desktop\\TASK APP\\BACKEND\\node_modules\\express\\lib\\router\\layer.js:95:5)\n    at trim_prefix (C:\\Users\\lardg\\Desktop\\TASK APP\\BACKEND\\node_modules\\express\\lib\\router\\index.js:328:13)\n    at C:\\Users\\lardg\\Desktop\\TASK APP\\BACKEND\\node_modules\\express\\lib\\router\\index.js:286:9\n    at router.process_params (C:\\Users\\lardg\\Desktop\\TASK APP\\BACKEND\\node_modules\\express\\lib\\router\\index.js:346:12)\n    at next (C:\\Users\\lardg\\Desktop\\TASK APP\\BACKEND\\node_modules\\express\\lib\\router\\index.js:280:10)\n    at internalNext (C:\\Users\\lardg\\Desktop\\TASK APP\\BACKEND\\node_modules\\helmet\\index.mjs:554:6)\n    at xXssProtectionMiddleware (C:\\Users\\lardg\\Desktop\\TASK APP\\BACKEND\\node_modules\\helmet\\index.mjs:334:3)\n    at internalNext (C:\\Users\\lardg\\Desktop\\TASK APP\\BACKEND\\node_modules\\helmet\\index.mjs:552:6)\n    at xPoweredByMiddleware (C:\\Users\\lardg\\Desktop\\TASK APP\\BACKEND\\node_modules\\helmet\\index.mjs:327:3)\n    at internalNext (C:\\Users\\lardg\\Desktop\\TASK APP\\BACKEND\\node_modules\\helmet\\index.mjs:552:6)\n    at xPermittedCrossDomainPoliciesMiddleware (C:\\Users\\lardg\\Desktop\\TASK APP\\BACKEND\\node_modules\\helmet\\index.mjs:320:3)\n    at internalNext (C:\\Users\\lardg\\Desktop\\TASK APP\\BACKEND\\node_modules\\helmet\\index.mjs:552:6)\n    at xFrameOptionsMiddleware (C:\\Users\\lardg\\Desktop\\TASK APP\\BACKEND\\node_modules\\helmet\\index.mjs:304:3)\n    at internalNext (C:\\Users\\lardg\\Desktop\\TASK APP\\BACKEND\\node_modules\\helmet\\index.mjs:552:6)\n    at xDownloadOptionsMiddleware (C:\\Users\\lardg\\Desktop\\TASK APP\\BACKEND\\node_modules\\helmet\\index.mjs:284:3)\n    at internalNext (C:\\Users\\lardg\\Desktop\\TASK APP\\BACKEND\\node_modules\\helmet\\index.mjs:552:6)\n    at xDnsPrefetchControlMiddleware (C:\\Users\\lardg\\Desktop\\TASK APP\\BACKEND\\node_modules\\helmet\\index.mjs:277:3)\n    at internalNext (C:\\Users\\lardg\\Desktop\\TASK APP\\BACKEND\\node_modules\\helmet\\index.mjs:552:6)\n    at xContentTypeOptionsMiddleware (C:\\Users\\lardg\\Desktop\\TASK APP\\BACKEND\\node_modules\\helmet\\index.mjs:269:3)\n    at internalNext (C:\\Users\\lardg\\Desktop\\TASK APP\\BACKEND\\node_modules\\helmet\\index.mjs:552:6)\n    at strictTransportSecurityMiddleware (C:\\Users\\lardg\\Desktop\\TASK APP\\BACKEND\\node_modules\\helmet\\index.mjs:262:3)\n    at internalNext (C:\\Users\\lardg\\Desktop\\TASK APP\\BACKEND\\node_modules\\helmet\\index.mjs:552:6)\n    at referrerPolicyMiddleware (C:\\Users\\lardg\\Desktop\\TASK APP\\BACKEND\\node_modules\\helmet\\index.mjs:230:3)\n    at internalNext (C:\\Users\\lardg\\Desktop\\TASK APP\\BACKEND\\node_modules\\helmet\\index.mjs:552:6)\n    at originAgentClusterMiddleware (C:\\Users\\lardg\\Desktop\\TASK APP\\BACKEND\\node_modules\\helmet\\index.mjs:205:3)\n    at internalNext (C:\\Users\\lardg\\Desktop\\TASK APP\\BACKEND\\node_modules\\helmet\\index.mjs:552:6)\n    at crossOriginResourcePolicyMiddleware (C:\\Users\\lardg\\Desktop\\TASK APP\\BACKEND\\node_modules\\helmet\\index.mjs:198:3)\n    at internalNext (C:\\Users\\lardg\\Desktop\\TASK APP\\BACKEND\\node_modules\\helmet\\index.mjs:552:6)\n    at crossOriginOpenerPolicyMiddleware (C:\\Users\\lardg\\Desktop\\TASK APP\\BACKEND\\node_modules\\helmet\\index.mjs:182:3)\n    at internalNext (C:\\Users\\lardg\\Desktop\\TASK APP\\BACKEND\\node_modules\\helmet\\index.mjs:552:6)\n    at contentSecurityPolicyMiddleware (C:\\Users\\lardg\\Desktop\\TASK APP\\BACKEND\\node_modules\\helmet\\index.mjs:138:4)\n    at internalNext (C:\\Users\\lardg\\Desktop\\TASK APP\\BACKEND\\node_modules\\helmet\\index.mjs:552:6)\n    at helmetMiddleware (C:\\Users\\lardg\\Desktop\\TASK APP\\BACKEND\\node_modules\\helmet\\index.mjs:556:6)\n    at Layer.handle [as handle_request] (C:\\Users\\lardg\\Desktop\\TASK APP\\BACKEND\\node_modules\\express\\lib\\router\\layer.js:95:5)\n    at trim_prefix (C:\\Users\\lardg\\Desktop\\TASK APP\\BACKEND\\node_modules\\express\\lib\\router\\index.js:328:13)\n    at C:\\Users\\lardg\\Desktop\\TASK APP\\BACKEND\\node_modules\\express\\lib\\router\\index.js:286:9\n    at router.process_params (C:\\Users\\lardg\\Desktop\\TASK APP\\BACKEND\\node_modules\\express\\lib\\router\\index.js:346:12)\n    at next (C:\\Users\\lardg\\Desktop\\TASK APP\\BACKEND\\node_modules\\express\\lib\\router\\index.js:280:10)\n    at expressInit (C:\\Users\\lardg\\Desktop\\TASK APP\\BACKEND\\node_modules\\express\\lib\\middleware\\init.js:40:5)\n    at Layer.handle [as handle_request] (C:\\Users\\lardg\\Desktop\\TASK APP\\BACKEND\\node_modules\\express\\lib\\router\\layer.js:95:5)\n    at trim_prefix (C:\\Users\\lardg\\Desktop\\TASK APP\\BACKEND\\node_modules\\express\\lib\\router\\index.js:328:13)\n    at C:\\Users\\lardg\\Desktop\\TASK APP\\BACKEND\\node_modules\\express\\lib\\router\\index.js:286:9\n    at router.process_params (C:\\Users\\lardg\\Desktop\\TASK APP\\BACKEND\\node_modules\\express\\lib\\router\\index.js:346:12)\n    at next (C:\\Users\\lardg\\Desktop\\TASK APP\\BACKEND\\node_modules\\express\\lib\\router\\index.js:280:10)\n    at query (C:\\Users\\lardg\\Desktop\\TASK APP\\BACKEND\\node_modules\\express\\lib\\middleware\\query.js:45:5)\n    at Layer.handle [as handle_request] (C:\\Users\\lardg\\Desktop\\TASK APP\\BACKEND\\node_modules\\express\\lib\\router\\layer.js:95:5)\n    at trim_prefix (C:\\Users\\lardg\\Desktop\\TASK APP\\BACKEND\\node_modules\\express\\lib\\router\\index.js:328:13)\n    at C:\\Users\\lardg\\Desktop\\TASK APP\\BACKEND\\node_modules\\express\\lib\\router\\index.js:286:9\n    at router.process_params (C:\\Users\\lardg\\Desktop\\TASK APP\\BACKEND\\node_modules\\express\\lib\\router\\index.js:346:12)\n    at next (C:\\Users\\lardg\\Desktop\\TASK APP\\BACKEND\\node_modules\\express\\lib\\router\\index.js:280:10)\n    at router.handle (C:\\Users\\lardg\\Desktop\\TASK APP\\BACKEND\\node_modules\\express\\lib\\router\\index.js:175:3)\n    at app.handle (C:\\Users\\lardg\\Desktop\\TASK APP\\BACKEND\\node_modules\\express\\lib\\application.js:181:10)\n    at Server.app (C:\\Users\\lardg\\Desktop\\TASK APP\\BACKEND\\node_modules\\express\\lib\\express.js:39:9)\n    at Server.emit (node:events:508:28)\n    at parserOnIncoming (node:_http_server:1210:12)\n    at HTTPParser.parserOnHeadersComplete (node:_http_common:125:17)","name":"AppError","code":"AUTH_REQUIRED","statusCode":401,"details":null},"requestId":6,"path":"/api/v1/me","msg":"Authentication required"}
{"level":40,"time":1791249072864,"pid":13280,"hostname":"DESKTOP-APUHV9O","req":{"id":6,"method":"GET","url":"/api/v1/me"},"res":{"statusCode":401},"responseTime":6,"msg":"GET /api/v1/me 401"}
{"level":50,"time":1791249072875,"pid":17820,"hostname":"DESKTOP-APUHV9O","err":{"type":"AppError","message":"Validation failed","stack":"AppError: Validation failed\n    at C:\\Users\\lardg\\Desktop\\TASK APP\\BACKEND\\src\\middleware\\validate.js:21:15\n    at Layer.handle [as handle_request] (C:\\Users\\lardg\\Desktop\\TASK APP\\BACKEND\\node_modules\\express\\lib\\router\\layer.js:95:5)\n    at next (C:\\Users\\lardg\\Desktop\\TASK APP\\BACKEND\\node_modules\\express\\lib\\router\\route.js:149:13)\n    at Route.dispatch (C:\\Users\\lardg\\Desktop\\TASK APP\\BACKEND\\node_modules\\express\\lib\\router\\route.js:119:3)\n    at Layer.handle [as handle_request] (C:\\Users\\lardg\\Desktop\\TASK APP\\BACKEND\\node_modules\\express\\lib\\router\\layer.js:95:5)\n    at C:\\Users\\lardg\\Desktop\\TASK APP\\BACKEND\\node_modules\\express\\lib\\router\\index.js:284:15\n    at router.process_params (C:\\Users\\lardg\\Desktop\\TASK APP\\BACKEND\\node_modules\\express\\lib\\router\\index.js:346:12)\n    at next (C:\\Users\\lardg\\Desktop\\TASK APP\\BACKEND\\node_modules\\express\\lib\\router\\index.js:280:10)\n    at router.handle (C:\\Users\\lardg\\Desktop\\TASK APP\\BACKEND\\node_modules\\express\\lib\\router\\index.js:175:3)\n    at router (C:\\Users\\lardg\\Desktop\\TASK APP\\BACKEND\\node_modules\\express\\lib\\router\\index.js:47:12)\n    at Layer.handle [as handle_request] (C:\\Users\\lardg\\Desktop\\TASK APP\\BACKEND\\node_modules\\express\\lib\\router\\layer.js:95:5)\n    at trim_prefix (C:\\Users\\lardg\\Desktop\\TASK APP\\BACKEND\\node_modules\\express\\lib\\router\\index.js:328:13)\n    at C:\\Users\\lardg\\Desktop\\TASK APP\\BACKEND\\node_modules\\express\\lib\\router\\index.js:286:9\n    at router.process_params (C:\\Users\\lardg\\Desktop\\TASK APP\\BACKEND\\node_modules\\express\\lib\\router\\index.js:346:12)\n    at next (C:\\Users\\lardg\\Desktop\\TASK APP\\BACKEND\\node_modules\\express\\lib\\router\\index.js:280:10)\n    at C:\\Users\\lardg\\Desktop\\TASK APP\\BACKEND\\node_modules\\express-rate-limit\\dist\\index.mjs:779:7\n    at processTicksAndRejections (node:internal/process/task_queues:104:5)\n    at C:\\Users\\lardg\\Desktop\\TASK APP\\BACKEND\\node_modules\\express-rate-limit\\dist\\index.mjs:663:5","name":"AppError","code":"VALIDATION_FAILED","statusCode":400,"details":{"fields":[{"field":"name","message":"String must contain at least 1 character(s)"}]}},"requestId":4,"userId":"f4c11da2-be4b-4780-903b-0f1dfb8be7a9","path":"/api/v1/workspaces","msg":"Validation failed"}
{"level":40,"time":1791249072878,"pid":17820,"hostname":"DESKTOP-APUHV9O","req":{"id":4,"method":"POST","url":"/api/v1/workspaces"},"res":{"statusCode":400},"responseTime":291,"msg":"POST /api/v1/workspaces 400"}
{"level":40,"time":1791249073172,"pid":13280,"hostname":"DESKTOP-APUHV9O","req":{"id":7,"method":"GET","url":"/api/v1/nonexistent"},"res":{"statusCode":404},"responseTime":293,"msg":"GET /api/v1/nonexistent 404"}
{"level":50,"time":1791249073178,"pid":17820,"hostname":"DESKTOP-APUHV9O","err":{"type":"AppError","message":"Validation failed","stack":"AppError: Validation failed\n    at C:\\Users\\lardg\\Desktop\\TASK APP\\BACKEND\\src\\middleware\\validate.js:21:15\n    at Layer.handle [as handle_request] (C:\\Users\\lardg\\Desktop\\TASK APP\\BACKEND\\node_modules\\express\\lib\\router\\layer.js:95:5)\n    at next (C:\\Users\\lardg\\Desktop\\TASK APP\\BACKEND\\node_modules\\express\\lib\\router\\route.js:149:13)\n    at Route.dispatch (C:\\Users\\lardg\\Desktop\\TASK APP\\BACKEND\\node_modules\\express\\lib\\router\\route.js:119:3)\n    at Layer.handle [as handle_request] (C:\\Users\\lardg\\Desktop\\TASK APP\\BACKEND\\node_modules\\express\\lib\\router\\layer.js:95:5)\n    at C:\\Users\\lardg\\Desktop\\TASK APP\\BACKEND\\node_modules\\express\\lib\\router\\index.js:284:15\n    at router.process_params (C:\\Users\\lardg\\Desktop\\TASK APP\\BACKEND\\node_modules\\express\\lib\\router\\index.js:346:12)\n    at next (C:\\Users\\lardg\\Desktop\\TASK APP\\BACKEND\\node_modules\\express\\lib\\router\\index.js:280:10)\n    at router.handle (C:\\Users\\lardg\\Desktop\\TASK APP\\BACKEND\\node_modules\\express\\lib\\router\\index.js:175:3)\n    at router (C:\\Users\\lardg\\Desktop\\TASK APP\\BACKEND\\node_modules\\express\\lib\\router\\index.js:47:12)\n    at Layer.handle [as handle_request] (C:\\Users\\lardg\\Desktop\\TASK APP\\BACKEND\\node_modules\\express\\lib\\router\\layer.js:95:5)\n    at trim_prefix (C:\\Users\\lardg\\Desktop\\TASK APP\\BACKEND\\node_modules\\express\\lib\\router\\index.js:328:13)\n    at C:\\Users\\lardg\\Desktop\\TASK APP\\BACKEND\\node_modules\\express\\lib\\router\\index.js:286:9\n    at router.process_params (C:\\Users\\lardg\\Desktop\\TASK APP\\BACKEND\\node_modules\\express\\lib\\router\\index.js:346:12)\n    at next (C:\\Users\\lardg\\Desktop\\TASK APP\\BACKEND\\node_modules\\express\\lib\\router\\index.js:280:10)\n    at C:\\Users\\lardg\\Desktop\\TASK APP\\BACKEND\\node_modules\\express-rate-limit\\dist\\index.mjs:779:7\n    at processTicksAndRejections (node:internal/process/task_queues:104:5)\n    at C:\\Users\\lardg\\Desktop\\TASK APP\\BACKEND\\node_modules\\express-rate-limit\\dist\\index.mjs:663:5","name":"AppError","code":"VALIDATION_FAILED","statusCode":400,"details":{"fields":[{"field":"name","message":"Required"}]}},"requestId":5,"userId":"f4c11da2-be4b-4780-903b-0f1dfb8be7a9","path":"/api/v1/workspaces","msg":"Validation failed"}
{"level":40,"time":1791249073180,"pid":17820,"hostname":"DESKTOP-APUHV9O","req":{"id":5,"method":"POST","url":"/api/v1/workspaces"},"res":{"statusCode":400},"responseTime":289,"msg":"POST /api/v1/workspaces 400"}
{"level":30,"time":1791249073190,"pid":13280,"hostname":"DESKTOP-APUHV9O","req":{"id":8,"method":"GET","url":"/health"},"res":{"statusCode":200},"responseTime":2,"msg":"GET / 200"}
{"level":30,"time":1791249073346,"pid":16976,"hostname":"DESKTOP-APUHV9O","req":{"id":2,"method":"POST","url":"/api/v1/workspaces/d3438227-7d1c-40b3-822d-34fac88ce549/labels"},"res":{"statusCode":201},"responseTime":674,"msg":"POST / 201"}
{"level":50,"time":1791249073545,"pid":13280,"hostname":"DESKTOP-APUHV9O","err":{"type":"AppError","message":"Validation failed","stack":"AppError: Validation failed\n    at C:\\Users\\lardg\\Desktop\\TASK APP\\BACKEND\\src\\middleware\\validate.js:21:15\n    at Layer.handle [as handle_request] (C:\\Users\\lardg\\Desktop\\TASK APP\\BACKEND\\node_modules\\express\\lib\\router\\layer.js:95:5)\n    at next (C:\\Users\\lardg\\Desktop\\TASK APP\\BACKEND\\node_modules\\express\\lib\\router\\route.js:149:13)\n    at Route.dispatch (C:\\Users\\lardg\\Desktop\\TASK APP\\BACKEND\\node_modules\\express\\lib\\router\\route.js:119:3)\n    at Layer.handle [as handle_request] (C:\\Users\\lardg\\Desktop\\TASK APP\\BACKEND\\node_modules\\express\\lib\\router\\layer.js:95:5)\n    at C:\\Users\\lardg\\Desktop\\TASK APP\\BACKEND\\node_modules\\express\\lib\\router\\index.js:284:15\n    at router.process_params (C:\\Users\\lardg\\Desktop\\TASK APP\\BACKEND\\node_modules\\express\\lib\\router\\index.js:346:12)\n    at next (C:\\Users\\lardg\\Desktop\\TASK APP\\BACKEND\\node_modules\\express\\lib\\router\\index.js:280:10)\n    at router.handle (C:\\Users\\lardg\\Desktop\\TASK APP\\BACKEND\\node_modules\\express\\lib\\router\\index.js:175:3)\n    at router (C:\\Users\\lardg\\Desktop\\TASK APP\\BACKEND\\node_modules\\express\\lib\\router\\index.js:47:12)\n    at Layer.handle [as handle_request] (C:\\Users\\lardg\\Desktop\\TASK APP\\BACKEND\\node_modules\\express\\lib\\router\\layer.js:95:5)\n    at trim_prefix (C:\\Users\\lardg\\Desktop\\TASK APP\\BACKEND\\node_modules\\express\\lib\\router\\index.js:328:13)\n    at C:\\Users\\lardg\\Desktop\\TASK APP\\BACKEND\\node_modules\\express\\lib\\router\\index.js:286:9\n    at router.process_params (C:\\Users\\lardg\\Desktop\\TASK APP\\BACKEND\\node_modules\\express\\lib\\router\\index.js:346:12)\n    at next (C:\\Users\\lardg\\Desktop\\TASK APP\\BACKEND\\node_modules\\express\\lib\\router\\index.js:280:10)\n    at C:\\Users\\lardg\\Desktop\\TASK APP\\BACKEND\\node_modules\\express-rate-limit\\dist\\index.mjs:779:7\n    at processTicksAndRejections (node:internal/process/task_queues:104:5)\n    at C:\\Users\\lardg\\Desktop\\TASK APP\\BACKEND\\node_modules\\express-rate-limit\\dist\\index.mjs:663:5","name":"AppError","code":"VALIDATION_FAILED","statusCode":400,"details":{"fields":[{"field":"fullName","message":"String must contain at least 1 character(s)"},{"field":"language","message":"Invalid enum value. Expected 'en' | 'es' | 'fr' | 'zh' | 'ko', received 'invalid'"},{"field":"theme","message":"Invalid enum value. Expected 'light' | 'dark' | 'system', received 'rainbow'"}]}},"requestId":9,"userId":"c08282a7-5ebd-45f1-ae31-05361bff6a51","path":"/api/v1/me","msg":"Validation failed"}
{"level":40,"time":1791249073548,"pid":13280,"hostname":"DESKTOP-APUHV9O","req":{"id":9,"method":"PATCH","url":"/api/v1/me"},"res":{"statusCode":400},"responseTime":307,"msg":"PATCH /api/v1/me 400"}
{"level":50,"time":1791249073658,"pid":17820,"hostname":"DESKTOP-APUHV9O","err":{"type":"AppError","message":"Not a member of this workspace","stack":"AppError: Not a member of this workspace\n    at loadWorkspace (C:\\Users\\lardg\\Desktop\\TASK APP\\BACKEND\\src\\middleware\\workspace.js:27:13)\n    at processTicksAndRejections (node:internal/process/task_queues:104:5)","name":"AppError","code":"NOT_A_MEMBER","statusCode":403,"details":null},"requestId":6,"userId":"f4c11da2-be4b-4780-903b-0f1dfb8be7a9","path":"/api/v1/workspaces/null","msg":"Not a member of this workspace"}
{"level":40,"time":1791249073660,"pid":17820,"hostname":"DESKTOP-APUHV9O","req":{"id":6,"method":"GET","url":"/api/v1/workspaces/null"},"res":{"statusCode":403},"responseTime":463,"msg":"GET /api/v1/workspaces/null 403"}
{"level":50,"time":1791249073863,"pid":13280,"hostname":"DESKTOP-APUHV9O","err":{"type":"AppError","message":"Validation failed","stack":"AppError: Validation failed\n    at C:\\Users\\lardg\\Desktop\\TASK APP\\BACKEND\\src\\middleware\\validate.js:21:15\n    at Layer.handle [as handle_request] (C:\\Users\\lardg\\Desktop\\TASK APP\\BACKEND\\node_modules\\express\\lib\\router\\layer.js:95:5)\n    at next (C:\\Users\\lardg\\Desktop\\TASK APP\\BACKEND\\node_modules\\express\\lib\\router\\route.js:149:13)\n    at Route.dispatch (C:\\Users\\lardg\\Desktop\\TASK APP\\BACKEND\\node_modules\\express\\lib\\router\\route.js:119:3)\n    at Layer.handle [as handle_request] (C:\\Users\\lardg\\Desktop\\TASK APP\\BACKEND\\node_modules\\express\\lib\\router\\layer.js:95:5)\n    at C:\\Users\\lardg\\Desktop\\TASK APP\\BACKEND\\node_modules\\express\\lib\\router\\index.js:284:15\n    at router.process_params (C:\\Users\\lardg\\Desktop\\TASK APP\\BACKEND\\node_modules\\express\\lib\\router\\index.js:346:12)\n    at next (C:\\Users\\lardg\\Desktop\\TASK APP\\BACKEND\\node_modules\\express\\lib\\router\\index.js:280:10)\n    at router.handle (C:\\Users\\lardg\\Desktop\\TASK APP\\BACKEND\\node_modules\\express\\lib\\router\\index.js:175:3)\n    at router (C:\\Users\\lardg\\Desktop\\TASK APP\\BACKEND\\node_modules\\express\\lib\\router\\index.js:47:12)\n    at Layer.handle [as handle_request] (C:\\Users\\lardg\\Desktop\\TASK APP\\BACKEND\\node_modules\\express\\lib\\router\\layer.js:95:5)\n    at trim_prefix (C:\\Users\\lardg\\Desktop\\TASK APP\\BACKEND\\node_modules\\express\\lib\\router\\index.js:328:13)\n    at C:\\Users\\lardg\\Desktop\\TASK APP\\BACKEND\\node_modules\\express\\lib\\router\\index.js:286:9\n    at router.process_params (C:\\Users\\lardg\\Desktop\\TASK APP\\BACKEND\\node_modules\\express\\lib\\router\\index.js:346:12)\n    at next (C:\\Users\\lardg\\Desktop\\TASK APP\\BACKEND\\node_modules\\express\\lib\\router\\index.js:280:10)\n    at C:\\Users\\lardg\\Desktop\\TASK APP\\BACKEND\\node_modules\\express-rate-limit\\dist\\index.mjs:779:7\n    at processTicksAndRejections (node:internal/process/task_queues:104:5)\n    at C:\\Users\\lardg\\Desktop\\TASK APP\\BACKEND\\node_modules\\express-rate-limit\\dist\\index.mjs:663:5","name":"AppError","code":"VALIDATION_FAILED","statusCode":400,"details":{"fields":[{"field":"language","message":"Invalid enum value. Expected 'en' | 'es' | 'fr' | 'zh' | 'ko', received 'invalid'"}]}},"requestId":10,"userId":"c08282a7-5ebd-45f1-ae31-05361bff6a51","path":"/api/v1/me","msg":"Validation failed"}
{"level":50,"time":1791249073869,"pid":16976,"hostname":"DESKTOP-APUHV9O","err":{"type":"AppError","message":"Validation failed","stack":"AppError: Validation failed\n    at C:\\Users\\lardg\\Desktop\\TASK APP\\BACKEND\\src\\middleware\\validate.js:21:15\n    at Layer.handle [as handle_request] (C:\\Users\\lardg\\Desktop\\TASK APP\\BACKEND\\node_modules\\express\\lib\\router\\layer.js:95:5)\n    at next (C:\\Users\\lardg\\Desktop\\TASK APP\\BACKEND\\node_modules\\express\\lib\\router\\route.js:149:13)\n    at loadWorkspace (C:\\Users\\lardg\\Desktop\\TASK APP\\BACKEND\\src\\middleware\\workspace.js:40:5)\n    at processTicksAndRejections (node:internal/process/task_queues:104:5)","name":"AppError","code":"VALIDATION_FAILED","statusCode":400,"details":{"fields":[{"field":"color","message":"Invalid"}]}},"requestId":3,"userId":"c68ee6e6-32d6-411b-ae0e-63ef7ce28cd4","path":"/api/v1/workspaces/d3438227-7d1c-40b3-822d-34fac88ce549/labels","msg":"Validation failed"}
{"level":40,"time":1791249073864,"pid":13280,"hostname":"DESKTOP-APUHV9O","req":{"id":10,"method":"PATCH","url":"/api/v1/me"},"res":{"statusCode":400},"responseTime":300,"msg":"PATCH /api/v1/me 400"}
{"level":40,"time":1791249073873,"pid":16976,"hostname":"DESKTOP-APUHV9O","req":{"id":3,"method":"POST","url":"/api/v1/workspaces/d3438227-7d1c-40b3-822d-34fac88ce549/labels"},"res":{"statusCode":400},"responseTime":502,"msg":"POST /api/v1/workspaces/d3438227-7d1c-40b3-822d-34fac88ce549/labels 400"}
{"level":50,"time":1791249074151,"pid":17820,"hostname":"DESKTOP-APUHV9O","err":{"type":"AppError","message":"Not a member of this workspace","stack":"AppError: Not a member of this workspace\n    at loadWorkspace (C:\\Users\\lardg\\Desktop\\TASK APP\\BACKEND\\src\\middleware\\workspace.js:27:13)\n    at processTicksAndRejections (node:internal/process/task_queues:104:5)","name":"AppError","code":"NOT_A_MEMBER","statusCode":403,"details":null},"requestId":7,"userId":"f4c11da2-be4b-4780-903b-0f1dfb8be7a9","path":"/api/v1/workspaces/00000000-0000-0000-0000-000000000000","msg":"Not a member of this workspace"}
{"level":40,"time":1791249074154,"pid":17820,"hostname":"DESKTOP-APUHV9O","req":{"id":7,"method":"GET","url":"/api/v1/workspaces/00000000-0000-0000-0000-000000000000"},"res":{"statusCode":403},"responseTime":482,"msg":"GET /api/v1/workspaces/00000000-0000-0000-0000-000000000000 403"}
{"level":50,"time":1791249074409,"pid":16976,"hostname":"DESKTOP-APUHV9O","err":{"type":"AppError","message":"Validation failed","stack":"AppError: Validation failed\n    at C:\\Users\\lardg\\Desktop\\TASK APP\\BACKEND\\src\\middleware\\validate.js:21:15\n    at Layer.handle [as handle_request] (C:\\Users\\lardg\\Desktop\\TASK APP\\BACKEND\\node_modules\\express\\lib\\router\\layer.js:95:5)\n    at next (C:\\Users\\lardg\\Desktop\\TASK APP\\BACKEND\\node_modules\\express\\lib\\router\\route.js:149:13)\n    at loadWorkspace (C:\\Users\\lardg\\Desktop\\TASK APP\\BACKEND\\src\\middleware\\workspace.js:40:5)\n    at processTicksAndRejections (node:internal/process/task_queues:104:5)","name":"AppError","code":"VALIDATION_FAILED","statusCode":400,"details":{"fields":[{"field":"name","message":"String must contain at least 1 character(s)"}]}},"requestId":4,"userId":"c68ee6e6-32d6-411b-ae0e-63ef7ce28cd4","path":"/api/v1/workspaces/d3438227-7d1c-40b3-822d-34fac88ce549/labels","msg":"Validation failed"}
{"level":40,"time":1791249074411,"pid":16976,"hostname":"DESKTOP-APUHV9O","req":{"id":4,"method":"POST","url":"/api/v1/workspaces/d3438227-7d1c-40b3-822d-34fac88ce549/labels"},"res":{"statusCode":400},"responseTime":524,"msg":"POST /api/v1/workspaces/d3438227-7d1c-40b3-822d-34fac88ce549/labels 400"}
{"level":30,"time":1791249074563,"pid":13280,"hostname":"DESKTOP-APUHV9O","req":{"id":11,"method":"GET","url":"/api/v1/me"},"res":{"statusCode":200},"responseTime":685,"msg":"GET / 200"}
{"level":50,"time":1791249074695,"pid":17820,"hostname":"DESKTOP-APUHV9O","err":{"type":"AppError","message":"Not a member of this workspace","stack":"AppError: Not a member of this workspace\n    at loadWorkspace (C:\\Users\\lardg\\Desktop\\TASK APP\\BACKEND\\src\\middleware\\workspace.js:27:13)\n    at processTicksAndRejections (node:internal/process/task_queues:104:5)","name":"AppError","code":"NOT_A_MEMBER","statusCode":403,"details":null},"requestId":8,"userId":"f4c11da2-be4b-4780-903b-0f1dfb8be7a9","path":"/api/v1/workspaces/null","msg":"Not a member of this workspace"}
{"level":40,"time":1791249074700,"pid":17820,"hostname":"DESKTOP-APUHV9O","req":{"id":8,"method":"PATCH","url":"/api/v1/workspaces/null"},"res":{"statusCode":403},"responseTime":525,"msg":"PATCH /api/v1/workspaces/null 403"}
{"level":50,"time":1791249074904,"pid":16976,"hostname":"DESKTOP-APUHV9O","err":{"type":"AppError","message":"Not a member of this workspace","stack":"AppError: Not a member of this workspace\n    at loadWorkspace (C:\\Users\\lardg\\Desktop\\TASK APP\\BACKEND\\src\\middleware\\workspace.js:27:13)\n    at processTicksAndRejections (node:internal/process/task_queues:104:5)","name":"AppError","code":"NOT_A_MEMBER","statusCode":403,"details":null},"requestId":5,"userId":"c68ee6e6-32d6-411b-ae0e-63ef7ce28cd4","path":"/api/v1/workspaces/00000000-0000-0000-0000-000000000000/labels","msg":"Not a member of this workspace"}
{"level":40,"time":1791249074906,"pid":16976,"hostname":"DESKTOP-APUHV9O","req":{"id":5,"method":"POST","url":"/api/v1/workspaces/00000000-0000-0000-0000-000000000000/labels"},"res":{"statusCode":403},"responseTime":479,"msg":"POST /api/v1/workspaces/00000000-0000-0000-0000-000000000000/labels 403"}
{"level":50,"time":1791249075194,"pid":17820,"hostname":"DESKTOP-APUHV9O","err":{"type":"AppError","message":"Cannot rename personal workspace","stack":"AppError: Cannot rename personal workspace\n    at C:\\Users\\lardg\\Desktop\\TASK APP\\BACKEND\\src\\routes\\workspaces.js:170:15\n    at Layer.handle [as handle_request] (C:\\Users\\lardg\\Desktop\\TASK APP\\BACKEND\\node_modules\\express\\lib\\router\\layer.js:95:5)\n    at next (C:\\Users\\lardg\\Desktop\\TASK APP\\BACKEND\\node_modules\\express\\lib\\router\\route.js:149:13)\n    at C:\\Users\\lardg\\Desktop\\TASK APP\\BACKEND\\src\\middleware\\validate.js:34:7\n    at Layer.handle [as handle_request] (C:\\Users\\lardg\\Desktop\\TASK APP\\BACKEND\\node_modules\\express\\lib\\router\\layer.js:95:5)\n    at next (C:\\Users\\lardg\\Desktop\\TASK APP\\BACKEND\\node_modules\\express\\lib\\router\\route.js:149:13)\n    at C:\\Users\\lardg\\Desktop\\TASK APP\\BACKEND\\src\\middleware\\workspace.js:67:5\n    at Layer.handle [as handle_request] (C:\\Users\\lardg\\Desktop\\TASK APP\\BACKEND\\node_modules\\express\\lib\\router\\layer.js:95:5)\n    at next (C:\\Users\\lardg\\Desktop\\TASK APP\\BACKEND\\node_modules\\express\\lib\\router\\route.js:149:13)\n    at loadWorkspace (C:\\Users\\lardg\\Desktop\\TASK APP\\BACKEND\\src\\middleware\\workspace.js:40:5)\n    at processTicksAndRejections (node:internal/process/task_queues:104:5)","name":"AppError","code":"FORBIDDEN","statusCode":403,"details":null},"requestId":9,"userId":"f4c11da2-be4b-4780-903b-0f1dfb8be7a9","path":"/api/v1/workspaces/3d4e9224-1957-4c4b-b852-dc143a3afc39","msg":"Cannot rename personal workspace"}
{"level":40,"time":1791249075199,"pid":17820,"hostname":"DESKTOP-APUHV9O","req":{"id":9,"method":"PATCH","url":"/api/v1/workspaces/3d4e9224-1957-4c4b-b852-dc143a3afc39"},"res":{"statusCode":403},"responseTime":475,"msg":"PATCH /api/v1/workspaces/3d4e9224-1957-4c4b-b852-dc143a3afc39 403"}
{"level":30,"time":1791249075311,"pid":13280,"hostname":"DESKTOP-APUHV9O","req":{"id":12,"method":"GET","url":"/api/v1/me"},"res":{"statusCode":200},"responseTime":718,"msg":"GET / 200"}
{"level":30,"time":1791249075700,"pid":16976,"hostname":"DESKTOP-APUHV9O","req":{"id":6,"method":"GET","url":"/api/v1/workspaces/d3438227-7d1c-40b3-822d-34fac88ce549/labels"},"res":{"statusCode":200},"responseTime":782,"msg":"GET / 200"}
{"level":50,"time":1791249075711,"pid":17820,"hostname":"DESKTOP-APUHV9O","err":{"type":"AppError","message":"Cannot delete personal workspace","stack":"AppError: Cannot delete personal workspace\n    at C:\\Users\\lardg\\Desktop\\TASK APP\\BACKEND\\src\\routes\\workspaces.js:208:15\n    at Layer.handle [as handle_request] (C:\\Users\\lardg\\Desktop\\TASK APP\\BACKEND\\node_modules\\express\\lib\\router\\layer.js:95:5)\n    at next (C:\\Users\\lardg\\Desktop\\TASK APP\\BACKEND\\node_modules\\express\\lib\\router\\route.js:149:13)\n    at C:\\Users\\lardg\\Desktop\\TASK APP\\BACKEND\\src\\middleware\\workspace.js:67:5\n    at Layer.handle [as handle_request] (C:\\Users\\lardg\\Desktop\\TASK APP\\BACKEND\\node_modules\\express\\lib\\router\\layer.js:95:5)\n    at next (C:\\Users\\lardg\\Desktop\\TASK APP\\BACKEND\\node_modules\\express\\lib\\router\\route.js:149:13)\n    at loadWorkspace (C:\\Users\\lardg\\Desktop\\TASK APP\\BACKEND\\src\\middleware\\workspace.js:40:5)\n    at processTicksAndRejections (node:internal/process/task_queues:104:5)","name":"AppError","code":"FORBIDDEN","statusCode":403,"details":null},"requestId":10,"userId":"f4c11da2-be4b-4780-903b-0f1dfb8be7a9","path":"/api/v1/workspaces/3d4e9224-1957-4c4b-b852-dc143a3afc39","msg":"Cannot delete personal workspace"}
{"level":40,"time":1791249075713,"pid":17820,"hostname":"DESKTOP-APUHV9O","req":{"id":10,"method":"DELETE","url":"/api/v1/workspaces/3d4e9224-1957-4c4b-b852-dc143a3afc39"},"res":{"statusCode":403},"responseTime":494,"msg":"DELETE /api/v1/workspaces/3d4e9224-1957-4c4b-b852-dc143a3afc39 403"}
{"level":30,"time":1791249076007,"pid":13280,"hostname":"DESKTOP-APUHV9O","req":{"id":13,"method":"GET","url":"/api/v1/me"},"res":{"statusCode":200},"responseTime":673,"msg":"GET / 200"}
{"level":50,"time":1791249076263,"pid":17820,"hostname":"DESKTOP-APUHV9O","err":{"type":"Object","message":"Could not find the 'owner_id' column of 'workspaces' in the schema cache","stack":"","code":"PGRST204","details":null,"hint":null},"requestId":11,"userId":"f4c11da2-be4b-4780-903b-0f1dfb8be7a9","path":"/api/v1/workspaces","msg":"Could not find the 'owner_id' column of 'workspaces' in the schema cache"}
{"level":50,"time":1791249076267,"pid":17820,"hostname":"DESKTOP-APUHV9O","req":{"id":11,"method":"POST","url":"/api/v1/workspaces"},"res":{"statusCode":502},"err":{"type":"Error","message":"failed with status code 502","stack":"Error: failed with status code 502\n    at onResFinished (C:\\Users\\lardg\\Desktop\\TASK APP\\BACKEND\\node_modules\\pino-http\\logger.js:115:39)\n    at ServerResponse.onResponseComplete (C:\\Users\\lardg\\Desktop\\TASK APP\\BACKEND\\node_modules\\pino-http\\logger.js:178:14)\n    at ServerResponse.emit (node:events:520:35)\n    at onFinish (node:_http_outgoing:1026:10)\n    at callback (node:internal/streams/writable:764:21)\n    at afterWrite (node:internal/streams/writable:708:5)\n    at afterWriteTick (node:internal/streams/writable:694:10)\n    at processTicksAndRejections (node:internal/process/task_queues:89:21)"},"responseTime":540,"msg":"POST /api/v1/workspaces 502 - failed with status code 502"}
{"level":30,"time":1791249076454,"pid":16976,"hostname":"DESKTOP-APUHV9O","req":{"id":7,"method":"POST","url":"/api/v1/workspaces/d3438227-7d1c-40b3-822d-34fac88ce549/labels"},"res":{"statusCode":201},"responseTime":736,"msg":"POST / 201"}
{"level":30,"time":1791249076486,"pid":13280,"hostname":"DESKTOP-APUHV9O","req":{"id":14,"method":"PATCH","url":"/api/v1/me"},"res":{"statusCode":200},"responseTime":466,"msg":"PATCH / 200"}
{"level":50,"time":1791249076881,"pid":17820,"hostname":"DESKTOP-APUHV9O","err":{"type":"AppError","message":"Not a member of this workspace","stack":"AppError: Not a member of this workspace\n    at loadWorkspace (C:\\Users\\lardg\\Desktop\\TASK APP\\BACKEND\\src\\middleware\\workspace.js:27:13)\n    at processTicksAndRejections (node:internal/process/task_queues:104:5)","name":"AppError","code":"NOT_A_MEMBER","statusCode":403,"details":null},"requestId":12,"userId":"f4c11da2-be4b-4780-903b-0f1dfb8be7a9","path":"/api/v1/workspaces/null/invites","msg":"Not a member of this workspace"}
{"level":40,"time":1791249076882,"pid":17820,"hostname":"DESKTOP-APUHV9O","req":{"id":12,"method":"POST","url":"/api/v1/workspaces/null/invites"},"res":{"statusCode":403},"responseTime":590,"msg":"POST /api/v1/workspaces/null/invites 403"}
{"level":30,"time":1791249076979,"pid":13280,"hostname":"DESKTOP-APUHV9O","req":{"id":15,"method":"PATCH","url":"/api/v1/me"},"res":{"statusCode":200},"responseTime":482,"msg":"PATCH / 200"}
{"level":30,"time":1791249077146,"pid":16976,"hostname":"DESKTOP-APUHV9O","req":{"id":8,"method":"POST","url":"/api/v1/workspaces/d3438227-7d1c-40b3-822d-34fac88ce549/labels"},"res":{"statusCode":201},"responseTime":679,"msg":"POST / 201"}
{"level":50,"time":1791249077427,"pid":17820,"hostname":"DESKTOP-APUHV9O","err":{"type":"AppError","message":"Not a member of this workspace","stack":"AppError: Not a member of this workspace\n    at loadWorkspace (C:\\Users\\lardg\\Desktop\\TASK APP\\BACKEND\\src\\middleware\\workspace.js:27:13)\n    at processTicksAndRejections (node:internal/process/task_queues:104:5)","name":"AppError","code":"NOT_A_MEMBER","statusCode":403,"details":null},"requestId":13,"userId":"f4c11da2-be4b-4780-903b-0f1dfb8be7a9","path":"/api/v1/workspaces/null/invites","msg":"Not a member of this workspace"}
{"level":40,"time":1791249077428,"pid":17820,"hostname":"DESKTOP-APUHV9O","req":{"id":13,"method":"POST","url":"/api/v1/workspaces/null/invites"},"res":{"statusCode":403},"responseTime":535,"msg":"POST /api/v1/workspaces/null/invites 403"}
{"level":30,"time":1791249077466,"pid":13280,"hostname":"DESKTOP-APUHV9O","req":{"id":16,"method":"PATCH","url":"/api/v1/me"},"res":{"statusCode":200},"responseTime":470,"msg":"PATCH / 200"}
{"level":30,"time":1791249077881,"pid":16976,"hostname":"DESKTOP-APUHV9O","req":{"id":9,"method":"GET","url":"/api/v1/workspaces/d3438227-7d1c-40b3-822d-34fac88ce549/labels"},"res":{"statusCode":200},"responseTime":716,"msg":"GET / 200"}
{"level":50,"time":1791249077893,"pid":17820,"hostname":"DESKTOP-APUHV9O","err":{"type":"AppError","message":"Not a member of this workspace","stack":"AppError: Not a member of this workspace\n    at loadWorkspace (C:\\Users\\lardg\\Desktop\\TASK APP\\BACKEND\\src\\middleware\\workspace.js:27:13)\n    at processTicksAndRejections (node:internal/process/task_queues:104:5)","name":"AppError","code":"NOT_A_MEMBER","statusCode":403,"details":null},"requestId":14,"userId":"f4c11da2-be4b-4780-903b-0f1dfb8be7a9","path":"/api/v1/workspaces/null/invites","msg":"Not a member of this workspace"}
{"level":40,"time":1791249077894,"pid":17820,"hostname":"DESKTOP-APUHV9O","req":{"id":14,"method":"GET","url":"/api/v1/workspaces/null/invites"},"res":{"statusCode":403},"responseTime":453,"msg":"GET /api/v1/workspaces/null/invites 403"}
{"level":30,"time":1791249077939,"pid":13280,"hostname":"DESKTOP-APUHV9O","req":{"id":17,"method":"PATCH","url":"/api/v1/me"},"res":{"statusCode":200},"responseTime":463,"msg":"PATCH / 200"}
{"level":50,"time":1791249078376,"pid":17820,"hostname":"DESKTOP-APUHV9O","err":{"type":"AppError","message":"Not a member of this workspace","stack":"AppError: Not a member of this workspace\n    at loadWorkspace (C:\\Users\\lardg\\Desktop\\TASK APP\\BACKEND\\src\\middleware\\workspace.js:27:13)\n    at processTicksAndRejections (node:internal/process/task_queues:104:5)","name":"AppError","code":"NOT_A_MEMBER","statusCode":403,"details":null},"requestId":15,"userId":"f4c11da2-be4b-4780-903b-0f1dfb8be7a9","path":"/api/v1/workspaces/null/invites/null","msg":"Not a member of this workspace"}
{"level":40,"time":1791249078377,"pid":17820,"hostname":"DESKTOP-APUHV9O","req":{"id":15,"method":"DELETE","url":"/api/v1/workspaces/null/invites/null"},"res":{"statusCode":403},"responseTime":470,"msg":"DELETE /api/v1/workspaces/null/invites/null 403"}
{"level":30,"time":1791249078405,"pid":13280,"hostname":"DESKTOP-APUHV9O","req":{"id":18,"method":"PATCH","url":"/api/v1/me"},"res":{"statusCode":200},"responseTime":448,"msg":"PATCH / 200"}
{"level":30,"time":1791249078541,"pid":16976,"hostname":"DESKTOP-APUHV9O","req":{"id":10,"method":"POST","url":"/api/v1/workspaces/d3438227-7d1c-40b3-822d-34fac88ce549/labels"},"res":{"statusCode":201},"responseTime":643,"msg":"POST / 201"}
{"level":50,"time":1791249078705,"pid":13280,"hostname":"DESKTOP-APUHV9O","err":{"type":"AppError","message":"Validation failed","stack":"AppError: Validation failed\n    at C:\\Users\\lardg\\Desktop\\TASK APP\\BACKEND\\src\\middleware\\validate.js:21:15\n    at Layer.handle [as handle_request] (C:\\Users\\lardg\\Desktop\\TASK APP\\BACKEND\\node_modules\\express\\lib\\router\\layer.js:95:5)\n    at next (C:\\Users\\lardg\\Desktop\\TASK APP\\BACKEND\\node_modules\\express\\lib\\router\\route.js:149:13)\n    at Route.dispatch (C:\\Users\\lardg\\Desktop\\TASK APP\\BACKEND\\node_modules\\express\\lib\\router\\route.js:119:3)\n    at Layer.handle [as handle_request] (C:\\Users\\lardg\\Desktop\\TASK APP\\BACKEND\\node_modules\\express\\lib\\router\\layer.js:95:5)\n    at C:\\Users\\lardg\\Desktop\\TASK APP\\BACKEND\\node_modules\\express\\lib\\router\\index.js:284:15\n    at router.process_params (C:\\Users\\lardg\\Desktop\\TASK APP\\BACKEND\\node_modules\\express\\lib\\router\\index.js:346:12)\n    at next (C:\\Users\\lardg\\Desktop\\TASK APP\\BACKEND\\node_modules\\express\\lib\\router\\index.js:280:10)\n    at router.handle (C:\\Users\\lardg\\Desktop\\TASK APP\\BACKEND\\node_modules\\express\\lib\\router\\index.js:175:3)\n    at router (C:\\Users\\lardg\\Desktop\\TASK APP\\BACKEND\\node_modules\\express\\lib\\router\\index.js:47:12)\n    at Layer.handle [as handle_request] (C:\\Users\\lardg\\Desktop\\TASK APP\\BACKEND\\node_modules\\express\\lib\\router\\layer.js:95:5)\n    at trim_prefix (C:\\Users\\lardg\\Desktop\\TASK APP\\BACKEND\\node_modules\\express\\lib\\router\\index.js:328:13)\n    at C:\\Users\\lardg\\Desktop\\TASK APP\\BACKEND\\node_modules\\express\\lib\\router\\index.js:286:9\n    at router.process_params (C:\\Users\\lardg\\Desktop\\TASK APP\\BACKEND\\node_modules\\express\\lib\\router\\index.js:346:12)\n    at next (C:\\Users\\lardg\\Desktop\\TASK APP\\BACKEND\\node_modules\\express\\lib\\router\\index.js:280:10)\n    at C:\\Users\\lardg\\Desktop\\TASK APP\\BACKEND\\node_modules\\express-rate-limit\\dist\\index.mjs:779:7\n    at processTicksAndRejections (node:internal/process/task_queues:104:5)\n    at C:\\Users\\lardg\\Desktop\\TASK APP\\BACKEND\\node_modules\\express-rate-limit\\dist\\index.mjs:663:5","name":"AppError","code":"VALIDATION_FAILED","statusCode":400,"details":{"fields":[{"field":"language","message":"Invalid enum value. Expected 'en' | 'es' | 'fr' | 'zh' | 'ko', received 'invalid'"}]}},"requestId":19,"userId":"c08282a7-5ebd-45f1-ae31-05361bff6a51","path":"/api/v1/me","msg":"Validation failed"}
{"level":40,"time":1791249078706,"pid":13280,"hostname":"DESKTOP-APUHV9O","req":{"id":19,"method":"PATCH","url":"/api/v1/me"},"res":{"statusCode":400},"responseTime":292,"msg":"PATCH /api/v1/me 400"}
{"level":50,"time":1791249078875,"pid":17820,"hostname":"DESKTOP-APUHV9O","err":{"type":"AppError","message":"Not a member of this workspace","stack":"AppError: Not a member of this workspace\n    at loadWorkspace (C:\\Users\\lardg\\Desktop\\TASK APP\\BACKEND\\src\\middleware\\workspace.js:27:13)\n    at processTicksAndRejections (node:internal/process/task_queues:104:5)","name":"AppError","code":"NOT_A_MEMBER","statusCode":403,"details":null},"requestId":16,"userId":"f4c11da2-be4b-4780-903b-0f1dfb8be7a9","path":"/api/v1/workspaces/null/invites","msg":"Not a member of this workspace"}
{"level":40,"time":1791249078877,"pid":17820,"hostname":"DESKTOP-APUHV9O","req":{"id":16,"method":"POST","url":"/api/v1/workspaces/null/invites"},"res":{"statusCode":403},"responseTime":489,"msg":"POST /api/v1/workspaces/null/invites 403"}
{"level":50,"time":1791249079003,"pid":13280,"hostname":"DESKTOP-APUHV9O","err":{"type":"AppError","message":"Validation failed","stack":"AppError: Validation failed\n    at C:\\Users\\lardg\\Desktop\\TASK APP\\BACKEND\\src\\middleware\\validate.js:21:15\n    at Layer.handle [as handle_request] (C:\\Users\\lardg\\Desktop\\TASK APP\\BACKEND\\node_modules\\express\\lib\\router\\layer.js:95:5)\n    at next (C:\\Users\\lardg\\Desktop\\TASK APP\\BACKEND\\node_modules\\express\\lib\\router\\route.js:149:13)\n    at Route.dispatch (C:\\Users\\lardg\\Desktop\\TASK APP\\BACKEND\\node_modules\\express\\lib\\router\\route.js:119:3)\n    at Layer.handle [as handle_request] (C:\\Users\\lardg\\Desktop\\TASK APP\\BACKEND\\node_modules\\express\\lib\\router\\layer.js:95:5)\n    at C:\\Users\\lardg\\Desktop\\TASK APP\\BACKEND\\node_modules\\express\\lib\\router\\index.js:284:15\n    at router.process_params (C:\\Users\\lardg\\Desktop\\TASK APP\\BACKEND\\node_modules\\express\\lib\\router\\index.js:346:12)\n    at next (C:\\Users\\lardg\\Desktop\\TASK APP\\BACKEND\\node_modules\\express\\lib\\router\\index.js:280:10)\n    at router.handle (C:\\Users\\lardg\\Desktop\\TASK APP\\BACKEND\\node_modules\\express\\lib\\router\\index.js:175:3)\n    at router (C:\\Users\\lardg\\Desktop\\TASK APP\\BACKEND\\node_modules\\express\\lib\\router\\index.js:47:12)\n    at Layer.handle [as handle_request] (C:\\Users\\lardg\\Desktop\\TASK APP\\BACKEND\\node_modules\\express\\lib\\router\\layer.js:95:5)\n    at trim_prefix (C:\\Users\\lardg\\Desktop\\TASK APP\\BACKEND\\node_modules\\express\\lib\\router\\index.js:328:13)\n    at C:\\Users\\lardg\\Desktop\\TASK APP\\BACKEND\\node_modules\\express\\lib\\router\\index.js:286:9\n    at router.process_params (C:\\Users\\lardg\\Desktop\\TASK APP\\BACKEND\\node_modules\\express\\lib\\router\\index.js:346:12)\n    at next (C:\\Users\\lardg\\Desktop\\TASK APP\\BACKEND\\node_modules\\express\\lib\\router\\index.js:280:10)\n    at C:\\Users\\lardg\\Desktop\\TASK APP\\BACKEND\\node_modules\\express-rate-limit\\dist\\index.mjs:779:7\n    at processTicksAndRejections (node:internal/process/task_queues:104:5)\n    at C:\\Users\\lardg\\Desktop\\TASK APP\\BACKEND\\node_modules\\express-rate-limit\\dist\\index.mjs:663:5","name":"AppError","code":"VALIDATION_FAILED","statusCode":400,"details":{"fields":[{"field":"theme","message":"Invalid enum value. Expected 'light' | 'dark' | 'system', received 'rainbow'"}]}},"requestId":20,"userId":"c08282a7-5ebd-45f1-ae31-05361bff6a51","path":"/api/v1/me","msg":"Validation failed"}
{"level":40,"time":1791249079006,"pid":13280,"hostname":"DESKTOP-APUHV9O","req":{"id":20,"method":"PATCH","url":"/api/v1/me"},"res":{"statusCode":400},"responseTime":288,"msg":"PATCH /api/v1/me 400"}
{"level":30,"time":1791249079184,"pid":16976,"hostname":"DESKTOP-APUHV9O","req":{"id":11,"method":"DELETE","url":"/api/v1/workspaces/d3438227-7d1c-40b3-822d-34fac88ce549/labels/b5701fe4-5b33-4c00-8254-69a4051856d8"},"res":{"statusCode":204},"responseTime":632,"msg":"DELETE /b5701fe4-5b33-4c00-8254-69a4051856d8 204"}
{"level":50,"time":1791249079338,"pid":17820,"hostname":"DESKTOP-APUHV9O","err":{"type":"AppError","message":"Not a member of this workspace","stack":"AppError: Not a member of this workspace\n    at loadWorkspace (C:\\Users\\lardg\\Desktop\\TASK APP\\BACKEND\\src\\middleware\\workspace.js:27:13)\n    at processTicksAndRejections (node:internal/process/task_queues:104:5)","name":"AppError","code":"NOT_A_MEMBER","statusCode":403,"details":null},"requestId":17,"userId":"f4c11da2-be4b-4780-903b-0f1dfb8be7a9","path":"/api/v1/workspaces/null/members","msg":"Not a member of this workspace"}
{"level":40,"time":1791249079339,"pid":17820,"hostname":"DESKTOP-APUHV9O","req":{"id":17,"method":"GET","url":"/api/v1/workspaces/null/members"},"res":{"statusCode":403},"responseTime":448,"msg":"GET /api/v1/workspaces/null/members 403"}
{"level":30,"time":1791249079501,"pid":13280,"hostname":"DESKTOP-APUHV9O","req":{"id":21,"method":"PATCH","url":"/api/v1/me"},"res":{"statusCode":200},"responseTime":478,"msg":"PATCH / 200"}
{"level":50,"time":1791249079519,"pid":13280,"hostname":"DESKTOP-APUHV9O","err":{"type":"AppError","message":"Authentication required","stack":"AppError: Authentication required\n    at authenticate (C:\\Users\\lardg\\Desktop\\TASK APP\\BACKEND\\src\\middleware\\auth.js:13:13)\n    at Layer.handle [as handle_request] (C:\\Users\\lardg\\Desktop\\TASK APP\\BACKEND\\node_modules\\express\\lib\\router\\layer.js:95:5)\n    at trim_prefix (C:\\Users\\lardg\\Desktop\\TASK APP\\BACKEND\\node_modules\\express\\lib\\router\\index.js:328:13)\n    at C:\\Users\\lardg\\Desktop\\TASK APP\\BACKEND\\node_modules\\express\\lib\\router\\index.js:286:9\n    at router.process_params (C:\\Users\\lardg\\Desktop\\TASK APP\\BACKEND\\node_modules\\express\\lib\\router\\index.js:346:12)\n    at next (C:\\Users\\lardg\\Desktop\\TASK APP\\BACKEND\\node_modules\\express\\lib\\router\\index.js:280:10)\n    at router.handle (C:\\Users\\lardg\\Desktop\\TASK APP\\BACKEND\\node_modules\\express\\lib\\router\\index.js:175:3)\n    at router (C:\\Users\\lardg\\Desktop\\TASK APP\\BACKEND\\node_modules\\express\\lib\\router\\index.js:47:12)\n    at Layer.handle [as handle_request] (C:\\Users\\lardg\\Desktop\\TASK APP\\BACKEND\\node_modules\\express\\lib\\router\\layer.js:95:5)\n    at trim_prefix (C:\\Users\\lardg\\Desktop\\TASK APP\\BACKEND\\node_modules\\express\\lib\\router\\index.js:328:13)\n    at C:\\Users\\lardg\\Desktop\\TASK APP\\BACKEND\\node_modules\\express\\lib\\router\\index.js:286:9\n    at router.process_params (C:\\Users\\lardg\\Desktop\\TASK APP\\BACKEND\\node_modules\\express\\lib\\router\\index.js:346:12)\n    at next (C:\\Users\\lardg\\Desktop\\TASK APP\\BACKEND\\node_modules\\express\\lib\\router\\index.js:280:10)\n    at C:\\Users\\lardg\\Desktop\\TASK APP\\BACKEND\\src\\app.js:49:5\n    at Layer.handle [as handle_request] (C:\\Users\\lardg\\Desktop\\TASK APP\\BACKEND\\node_modules\\express\\lib\\router\\layer.js:95:5)\n    at trim_prefix (C:\\Users\\lardg\\Desktop\\TASK APP\\BACKEND\\node_modules\\express\\lib\\router\\index.js:328:13)\n    at C:\\Users\\lardg\\Desktop\\TASK APP\\BACKEND\\node_modules\\express\\lib\\router\\index.js:286:9\n    at router.process_params (C:\\Users\\lardg\\Desktop\\TASK APP\\BACKEND\\node_modules\\express\\lib\\router\\index.js:346:12)\n    at next (C:\\Users\\lardg\\Desktop\\TASK APP\\BACKEND\\node_modules\\express\\lib\\router\\index.js:280:10)\n    at loggingMiddleware (C:\\Users\\lardg\\Desktop\\TASK APP\\BACKEND\\node_modules\\pino-http\\logger.js:206:7)\n    at result (C:\\Users\\lardg\\Desktop\\TASK APP\\BACKEND\\node_modules\\pino-http\\logger.js:90:12)\n    at Layer.handle [as handle_request] (C:\\Users\\lardg\\Desktop\\TASK APP\\BACKEND\\node_modules\\express\\lib\\router\\layer.js:95:5)\n    at trim_prefix (C:\\Users\\lardg\\Desktop\\TASK APP\\BACKEND\\node_modules\\express\\lib\\router\\index.js:328:13)\n    at C:\\Users\\lardg\\Desktop\\TASK APP\\BACKEND\\node_modules\\express\\lib\\router\\index.js:286:9\n    at router.process_params (C:\\Users\\lardg\\Desktop\\TASK APP\\BACKEND\\node_modules\\express\\lib\\router\\index.js:346:12)\n    at next (C:\\Users\\lardg\\Desktop\\TASK APP\\BACKEND\\node_modules\\express\\lib\\router\\index.js:280:10)\n    at urlencodedParser (C:\\Users\\lardg\\Desktop\\TASK APP\\BACKEND\\node_modules\\body-parser\\lib\\types\\urlencoded.js:86:7)\n    at Layer.handle [as handle_request] (C:\\Users\\lardg\\Desktop\\TASK APP\\BACKEND\\node_modules\\express\\lib\\router\\layer.js:95:5)\n    at trim_prefix (C:\\Users\\lardg\\Desktop\\TASK APP\\BACKEND\\node_modules\\express\\lib\\router\\index.js:328:13)\n    at C:\\Users\\lardg\\Desktop\\TASK APP\\BACKEND\\node_modules\\express\\lib\\router\\index.js:286:9\n    at router.process_params (C:\\Users\\lardg\\Desktop\\TASK APP\\BACKEND\\node_modules\\express\\lib\\router\\index.js:346:12)\n    at next (C:\\Users\\lardg\\Desktop\\TASK APP\\BACKEND\\node_modules\\express\\lib\\router\\index.js:280:10)\n    at C:\\Users\\lardg\\Desktop\\TASK APP\\BACKEND\\node_modules\\body-parser\\lib\\read.js:137:5\n    at AsyncResource.runInAsyncScope (node:async_hooks:228:14)\n    at invokeCallback (C:\\Users\\lardg\\Desktop\\TASK APP\\BACKEND\\node_modules\\raw-body\\index.js:238:16)\n    at done (C:\\Users\\lardg\\Desktop\\TASK APP\\BACKEND\\node_modules\\raw-body\\index.js:227:7)\n    at IncomingMessage.onEnd (C:\\Users\\lardg\\Desktop\\TASK APP\\BACKEND\\node_modules\\raw-body\\index.js:287:7)\n    at IncomingMessage.emit (node:events:508:28)\n    at endReadableNT (node:internal/streams/readable:1729:12)\n    at processTicksAndRejections (node:internal/process/task_queues:90:21)","name":"AppError","code":"AUTH_REQUIRED","statusCode":401,"details":null},"requestId":22,"path":"/api/v1/me/avatar-upload-url","msg":"Authentication required"}
{"level":40,"time":1791249079523,"pid":13280,"hostname":"DESKTOP-APUHV9O","req":{"id":22,"method":"POST","url":"/api/v1/me/avatar-upload-url"},"res":{"statusCode":401},"responseTime":4,"msg":"POST /api/v1/me/avatar-upload-url 401"}
{"level":50,"time":1791249079816,"pid":17820,"hostname":"DESKTOP-APUHV9O","err":{"type":"AppError","message":"Not a member of this workspace","stack":"AppError: Not a member of this workspace\n    at loadWorkspace (C:\\Users\\lardg\\Desktop\\TASK APP\\BACKEND\\src\\middleware\\workspace.js:27:13)\n    at processTicksAndRejections (node:internal/process/task_queues:104:5)","name":"AppError","code":"NOT_A_MEMBER","statusCode":403,"details":null},"requestId":18,"userId":"f4c11da2-be4b-4780-903b-0f1dfb8be7a9","path":"/api/v1/workspaces/00000000-0000-0000-0000-000000000000/members","msg":"Not a member of this workspace"}
{"level":40,"time":1791249079817,"pid":17820,"hostname":"DESKTOP-APUHV9O","req":{"id":18,"method":"GET","url":"/api/v1/workspaces/00000000-0000-0000-0000-000000000000/members"},"res":{"statusCode":403},"responseTime":468,"msg":"GET /api/v1/workspaces/00000000-0000-0000-0000-000000000000/members 403"}
{"level":50,"time":1791249079838,"pid":13280,"hostname":"DESKTOP-APUHV9O","err":{"type":"AppError","message":"Validation failed","stack":"AppError: Validation failed\n    at C:\\Users\\lardg\\Desktop\\TASK APP\\BACKEND\\src\\middleware\\validate.js:21:15\n    at Layer.handle [as handle_request] (C:\\Users\\lardg\\Desktop\\TASK APP\\BACKEND\\node_modules\\express\\lib\\router\\layer.js:95:5)\n    at next (C:\\Users\\lardg\\Desktop\\TASK APP\\BACKEND\\node_modules\\express\\lib\\router\\route.js:149:13)\n    at Route.dispatch (C:\\Users\\lardg\\Desktop\\TASK APP\\BACKEND\\node_modules\\express\\lib\\router\\route.js:119:3)\n    at Layer.handle [as handle_request] (C:\\Users\\lardg\\Desktop\\TASK APP\\BACKEND\\node_modules\\express\\lib\\router\\layer.js:95:5)\n    at C:\\Users\\lardg\\Desktop\\TASK APP\\BACKEND\\node_modules\\express\\lib\\router\\index.js:284:15\n    at router.process_params (C:\\Users\\lardg\\Desktop\\TASK APP\\BACKEND\\node_modules\\express\\lib\\router\\index.js:346:12)\n    at next (C:\\Users\\lardg\\Desktop\\TASK APP\\BACKEND\\node_modules\\express\\lib\\router\\index.js:280:10)\n    at router.handle (C:\\Users\\lardg\\Desktop\\TASK APP\\BACKEND\\node_modules\\express\\lib\\router\\index.js:175:3)\n    at router (C:\\Users\\lardg\\Desktop\\TASK APP\\BACKEND\\node_modules\\express\\lib\\router\\index.js:47:12)\n    at Layer.handle [as handle_request] (C:\\Users\\lardg\\Desktop\\TASK APP\\BACKEND\\node_modules\\express\\lib\\router\\layer.js:95:5)\n    at trim_prefix (C:\\Users\\lardg\\Desktop\\TASK APP\\BACKEND\\node_modules\\express\\lib\\router\\index.js:328:13)\n    at C:\\Users\\lardg\\Desktop\\TASK APP\\BACKEND\\node_modules\\express\\lib\\router\\index.js:286:9\n    at router.process_params (C:\\Users\\lardg\\Desktop\\TASK APP\\BACKEND\\node_modules\\express\\lib\\router\\index.js:346:12)\n    at next (C:\\Users\\lardg\\Desktop\\TASK APP\\BACKEND\\node_modules\\express\\lib\\router\\index.js:280:10)\n    at C:\\Users\\lardg\\Desktop\\TASK APP\\BACKEND\\node_modules\\express-rate-limit\\dist\\index.mjs:779:7\n    at processTicksAndRejections (node:internal/process/task_queues:104:5)\n    at C:\\Users\\lardg\\Desktop\\TASK APP\\BACKEND\\node_modules\\express-rate-limit\\dist\\index.mjs:663:5","name":"AppError","code":"VALIDATION_FAILED","statusCode":400,"details":{"fields":[{"field":"mimeType","message":"Invalid"}]}},"requestId":23,"userId":"c08282a7-5ebd-45f1-ae31-05361bff6a51","path":"/api/v1/me/avatar-upload-url","msg":"Validation failed"}
{"level":40,"time":1791249079840,"pid":13280,"hostname":"DESKTOP-APUHV9O","req":{"id":23,"method":"POST","url":"/api/v1/me/avatar-upload-url"},"res":{"statusCode":400},"responseTime":306,"msg":"POST /api/v1/me/avatar-upload-url 400"}
{"level":30,"time":1791249079840,"pid":16976,"hostname":"DESKTOP-APUHV9O","req":{"id":12,"method":"GET","url":"/api/v1/workspaces/d3438227-7d1c-40b3-822d-34fac88ce549/labels"},"res":{"statusCode":200},"responseTime":647,"msg":"GET / 200"}
{"level":50,"time":1791249080349,"pid":17820,"hostname":"DESKTOP-APUHV9O","err":{"type":"AppError","message":"Not a member of this workspace","stack":"AppError: Not a member of this workspace\n    at loadWorkspace (C:\\Users\\lardg\\Desktop\\TASK APP\\BACKEND\\src\\middleware\\workspace.js:27:13)\n    at processTicksAndRejections (node:internal/process/task_queues:104:5)","name":"AppError","code":"NOT_A_MEMBER","statusCode":403,"details":null},"requestId":19,"userId":"f4c11da2-be4b-4780-903b-0f1dfb8be7a9","path":"/api/v1/workspaces/null/members/f4c11da2-be4b-4780-903b-0f1dfb8be7a9","msg":"Not a member of this workspace"}
{"level":40,"time":1791249080352,"pid":17820,"hostname":"DESKTOP-APUHV9O","req":{"id":19,"method":"PATCH","url":"/api/v1/workspaces/null/members/f4c11da2-be4b-4780-903b-0f1dfb8be7a9"},"res":{"statusCode":403},"responseTime":510,"msg":"PATCH /api/v1/workspaces/null/members/f4c11da2-be4b-4780-903b-0f1dfb8be7a9 403"}
{"level":50,"time":1791249080370,"pid":13280,"hostname":"DESKTOP-APUHV9O","msg":"Failed to create signed upload URL"}
{"level":50,"time":1791249080370,"pid":13280,"hostname":"DESKTOP-APUHV9O","err":{"type":"AppError","message":"Failed to generate upload URL","stack":"AppError: Failed to generate upload URL\n    at C:\\Users\\lardg\\Desktop\\TASK APP\\BACKEND\\src\\routes\\me.js:142:13\n    at processTicksAndRejections (node:internal/process/task_queues:104:5)","name":"AppError","code":"UPSTREAM_ERROR","statusCode":400,"details":null},"requestId":24,"userId":"c08282a7-5ebd-45f1-ae31-05361bff6a51","path":"/api/v1/me/avatar-upload-url","msg":"Failed to generate upload URL"}
{"level":40,"time":1791249080372,"pid":13280,"hostname":"DESKTOP-APUHV9O","req":{"id":24,"method":"POST","url":"/api/v1/me/avatar-upload-url"},"res":{"statusCode":400},"responseTime":522,"msg":"POST /api/v1/me/avatar-upload-url 400"}
{"level":50,"time":1791249080381,"pid":13280,"hostname":"DESKTOP-APUHV9O","err":{"type":"AppError","message":"Authentication required","stack":"AppError: Authentication required\n    at authenticate (C:\\Users\\lardg\\Desktop\\TASK APP\\BACKEND\\src\\middleware\\auth.js:13:13)\n    at Layer.handle [as handle_request] (C:\\Users\\lardg\\Desktop\\TASK APP\\BACKEND\\node_modules\\express\\lib\\router\\layer.js:95:5)\n    at trim_prefix (C:\\Users\\lardg\\Desktop\\TASK APP\\BACKEND\\node_modules\\express\\lib\\router\\index.js:328:13)\n    at C:\\Users\\lardg\\Desktop\\TASK APP\\BACKEND\\node_modules\\express\\lib\\router\\index.js:286:9\n    at router.process_params (C:\\Users\\lardg\\Desktop\\TASK APP\\BACKEND\\node_modules\\express\\lib\\router\\index.js:346:12)\n    at next (C:\\Users\\lardg\\Desktop\\TASK APP\\BACKEND\\node_modules\\express\\lib\\router\\index.js:280:10)\n    at router.handle (C:\\Users\\lardg\\Desktop\\TASK APP\\BACKEND\\node_modules\\express\\lib\\router\\index.js:175:3)\n    at router (C:\\Users\\lardg\\Desktop\\TASK APP\\BACKEND\\node_modules\\express\\lib\\router\\index.js:47:12)\n    at Layer.handle [as handle_request] (C:\\Users\\lardg\\Desktop\\TASK APP\\BACKEND\\node_modules\\express\\lib\\router\\layer.js:95:5)\n    at trim_prefix (C:\\Users\\lardg\\Desktop\\TASK APP\\BACKEND\\node_modules\\express\\lib\\router\\index.js:328:13)\n    at C:\\Users\\lardg\\Desktop\\TASK APP\\BACKEND\\node_modules\\express\\lib\\router\\index.js:286:9\n    at router.process_params (C:\\Users\\lardg\\Desktop\\TASK APP\\BACKEND\\node_modules\\express\\lib\\router\\index.js:346:12)\n    at next (C:\\Users\\lardg\\Desktop\\TASK APP\\BACKEND\\node_modules\\express\\lib\\router\\index.js:280:10)\n    at C:\\Users\\lardg\\Desktop\\TASK APP\\BACKEND\\src\\app.js:49:5\n    at Layer.handle [as handle_request] (C:\\Users\\lardg\\Desktop\\TASK APP\\BACKEND\\node_modules\\express\\lib\\router\\layer.js:95:5)\n    at trim_prefix (C:\\Users\\lardg\\Desktop\\TASK APP\\BACKEND\\node_modules\\express\\lib\\router\\index.js:328:13)\n    at C:\\Users\\lardg\\Desktop\\TASK APP\\BACKEND\\node_modules\\express\\lib\\router\\index.js:286:9\n    at router.process_params (C:\\Users\\lardg\\Desktop\\TASK APP\\BACKEND\\node_modules\\express\\lib\\router\\index.js:346:12)\n    at next (C:\\Users\\lardg\\Desktop\\TASK APP\\BACKEND\\node_modules\\express\\lib\\router\\index.js:280:10)\n    at loggingMiddleware (C:\\Users\\lardg\\Desktop\\TASK APP\\BACKEND\\node_modules\\pino-http\\logger.js:206:7)\n    at result (C:\\Users\\lardg\\Desktop\\TASK APP\\BACKEND\\node_modules\\pino-http\\logger.js:90:12)\n    at Layer.handle [as handle_request] (C:\\Users\\lardg\\Desktop\\TASK APP\\BACKEND\\node_modules\\express\\lib\\router\\layer.js:95:5)\n    at trim_prefix (C:\\Users\\lardg\\Desktop\\TASK APP\\BACKEND\\node_modules\\express\\lib\\router\\index.js:328:13)\n    at C:\\Users\\lardg\\Desktop\\TASK APP\\BACKEND\\node_modules\\express\\lib\\router\\index.js:286:9\n    at router.process_params (C:\\Users\\lardg\\Desktop\\TASK APP\\BACKEND\\node_modules\\express\\lib\\router\\index.js:346:12)\n    at next (C:\\Users\\lardg\\Desktop\\TASK APP\\BACKEND\\node_modules\\express\\lib\\router\\index.js:280:10)\n    at urlencodedParser (C:\\Users\\lardg\\Desktop\\TASK APP\\BACKEND\\node_modules\\body-parser\\lib\\types\\urlencoded.js:95:7)\n    at Layer.handle [as handle_request] (C:\\Users\\lardg\\Desktop\\TASK APP\\BACKEND\\node_modules\\express\\lib\\router\\layer.js:95:5)\n    at trim_prefix (C:\\Users\\lardg\\Desktop\\TASK APP\\BACKEND\\node_modules\\express\\lib\\router\\index.js:328:13)\n    at C:\\Users\\lardg\\Desktop\\TASK APP\\BACKEND\\node_modules\\express\\lib\\router\\index.js:286:9\n    at router.process_params (C:\\Users\\lardg\\Desktop\\TASK APP\\BACKEND\\node_modules\\express\\lib\\router\\index.js:346:12)\n    at next (C:\\Users\\lardg\\Desktop\\TASK APP\\BACKEND\\node_modules\\express\\lib\\router\\index.js:280:10)\n    at jsonParser (C:\\Users\\lardg\\Desktop\\TASK APP\\BACKEND\\node_modules\\body-parser\\lib\\types\\json.js:117:7)\n    at Layer.handle [as handle_request] (C:\\Users\\lardg\\Desktop\\TASK APP\\BACKEND\\node_modules\\express\\lib\\router\\layer.js:95:5)\n    at trim_prefix (C:\\Users\\lardg\\Desktop\\TASK APP\\BACKEND\\node_modules\\express\\lib\\router\\index.js:328:13)\n    at C:\\Users\\lardg\\Desktop\\TASK APP\\BACKEND\\node_modules\\express\\lib\\router\\index.js:286:9\n    at router.process_params (C:\\Users\\lardg\\Desktop\\TASK APP\\BACKEND\\node_modules\\express\\lib\\router\\index.js:346:12)\n    at next (C:\\Users\\lardg\\Desktop\\TASK APP\\BACKEND\\node_modules\\express\\lib\\router\\index.js:280:10)\n    at cors (C:\\Users\\lardg\\Desktop\\TASK APP\\BACKEND\\node_modules\\cors\\lib\\index.js:188:7)\n    at C:\\Users\\lardg\\Desktop\\TASK APP\\BACKEND\\node_modules\\cors\\lib\\index.js:224:17\n    at originCallback (C:\\Users\\lardg\\Desktop\\TASK APP\\BACKEND\\node_modules\\cors\\lib\\index.js:214:15)\n    at C:\\Users\\lardg\\Desktop\\TASK APP\\BACKEND\\node_modules\\cors\\lib\\index.js:219:13\n    at optionsCallback (C:\\Users\\lardg\\Desktop\\TASK APP\\BACKEND\\node_modules\\cors\\lib\\index.js:199:9)\n    at corsMiddleware (C:\\Users\\lardg\\Desktop\\TASK APP\\BACKEND\\node_modules\\cors\\lib\\index.js:204:7)\n    at Layer.handle [as handle_request] (C:\\Users\\lardg\\Desktop\\TASK APP\\BACKEND\\node_modules\\express\\lib\\router\\layer.js:95:5)\n    at trim_prefix (C:\\Users\\lardg\\Desktop\\TASK APP\\BACKEND\\node_modules\\express\\lib\\router\\index.js:328:13)\n    at C:\\Users\\lardg\\Desktop\\TASK APP\\BACKEND\\node_modules\\express\\lib\\router\\index.js:286:9\n    at router.process_params (C:\\Users\\lardg\\Desktop\\TASK APP\\BACKEND\\node_modules\\express\\lib\\router\\index.js:346:12)\n    at next (C:\\Users\\lardg\\Desktop\\TASK APP\\BACKEND\\node_modules\\express\\lib\\router\\index.js:280:10)\n    at internalNext (C:\\Users\\lardg\\Desktop\\TASK APP\\BACKEND\\node_modules\\helmet\\index.mjs:554:6)\n    at xXssProtectionMiddleware (C:\\Users\\lardg\\Desktop\\TASK APP\\BACKEND\\node_modules\\helmet\\index.mjs:334:3)\n    at internalNext (C:\\Users\\lardg\\Desktop\\TASK APP\\BACKEND\\node_modules\\helmet\\index.mjs:552:6)\n    at xPoweredByMiddleware (C:\\Users\\lardg\\Desktop\\TASK APP\\BACKEND\\node_modules\\helmet\\index.mjs:327:3)\n    at internalNext (C:\\Users\\lardg\\Desktop\\TASK APP\\BACKEND\\node_modules\\helmet\\index.mjs:552:6)\n    at xPermittedCrossDomainPoliciesMiddleware (C:\\Users\\lardg\\Desktop\\TASK APP\\BACKEND\\node_modules\\helmet\\index.mjs:320:3)\n    at internalNext (C:\\Users\\lardg\\Desktop\\TASK APP\\BACKEND\\node_modules\\helmet\\index.mjs:552:6)\n    at xFrameOptionsMiddleware (C:\\Users\\lardg\\Desktop\\TASK APP\\BACKEND\\node_modules\\helmet\\index.mjs:304:3)\n    at internalNext (C:\\Users\\lardg\\Desktop\\TASK APP\\BACKEND\\node_modules\\helmet\\index.mjs:552:6)\n    at xDownloadOptionsMiddleware (C:\\Users\\lardg\\Desktop\\TASK APP\\BACKEND\\node_modules\\helmet\\index.mjs:284:3)\n    at internalNext (C:\\Users\\lardg\\Desktop\\TASK APP\\BACKEND\\node_modules\\helmet\\index.mjs:552:6)\n    at xDnsPrefetchControlMiddleware (C:\\Users\\lardg\\Desktop\\TASK APP\\BACKEND\\node_modules\\helmet\\index.mjs:277:3)\n    at internalNext (C:\\Users\\lardg\\Desktop\\TASK APP\\BACKEND\\node_modules\\helmet\\index.mjs:552:6)\n    at xContentTypeOptionsMiddleware (C:\\Users\\lardg\\Desktop\\TASK APP\\BACKEND\\node_modules\\helmet\\index.mjs:269:3)\n    at internalNext (C:\\Users\\lardg\\Desktop\\TASK APP\\BACKEND\\node_modules\\helmet\\index.mjs:552:6)\n    at strictTransportSecurityMiddleware (C:\\Users\\lardg\\Desktop\\TASK APP\\BACKEND\\node_modules\\helmet\\index.mjs:262:3)\n    at internalNext (C:\\Users\\lardg\\Desktop\\TASK APP\\BACKEND\\node_modules\\helmet\\index.mjs:552:6)\n    at referrerPolicyMiddleware (C:\\Users\\lardg\\Desktop\\TASK APP\\BACKEND\\node_modules\\helmet\\index.mjs:230:3)\n    at internalNext (C:\\Users\\lardg\\Desktop\\TASK APP\\BACKEND\\node_modules\\helmet\\index.mjs:552:6)\n    at originAgentClusterMiddleware (C:\\Users\\lardg\\Desktop\\TASK APP\\BACKEND\\node_modules\\helmet\\index.mjs:205:3)\n    at internalNext (C:\\Users\\lardg\\Desktop\\TASK APP\\BACKEND\\node_modules\\helmet\\index.mjs:552:6)\n    at crossOriginResourcePolicyMiddleware (C:\\Users\\lardg\\Desktop\\TASK APP\\BACKEND\\node_modules\\helmet\\index.mjs:198:3)\n    at internalNext (C:\\Users\\lardg\\Desktop\\TASK APP\\BACKEND\\node_modules\\helmet\\index.mjs:552:6)\n    at crossOriginOpenerPolicyMiddleware (C:\\Users\\lardg\\Desktop\\TASK APP\\BACKEND\\node_modules\\helmet\\index.mjs:182:3)\n    at internalNext (C:\\Users\\lardg\\Desktop\\TASK APP\\BACKEND\\node_modules\\helmet\\index.mjs:552:6)\n    at contentSecurityPolicyMiddleware (C:\\Users\\lardg\\Desktop\\TASK APP\\BACKEND\\node_modules\\helmet\\index.mjs:138:4)\n    at internalNext (C:\\Users\\lardg\\Desktop\\TASK APP\\BACKEND\\node_modules\\helmet\\index.mjs:552:6)\n    at helmetMiddleware (C:\\Users\\lardg\\Desktop\\TASK APP\\BACKEND\\node_modules\\helmet\\index.mjs:556:6)\n    at Layer.handle [as handle_request] (C:\\Users\\lardg\\Desktop\\TASK APP\\BACKEND\\node_modules\\express\\lib\\router\\layer.js:95:5)\n    at trim_prefix (C:\\Users\\lardg\\Desktop\\TASK APP\\BACKEND\\node_modules\\express\\lib\\router\\index.js:328:13)\n    at C:\\Users\\lardg\\Desktop\\TASK APP\\BACKEND\\node_modules\\express\\lib\\router\\index.js:286:9\n    at router.process_params (C:\\Users\\lardg\\Desktop\\TASK APP\\BACKEND\\node_modules\\express\\lib\\router\\index.js:346:12)\n    at next (C:\\Users\\lardg\\Desktop\\TASK APP\\BACKEND\\node_modules\\express\\lib\\router\\index.js:280:10)\n    at expressInit (C:\\Users\\lardg\\Desktop\\TASK APP\\BACKEND\\node_modules\\express\\lib\\middleware\\init.js:40:5)\n    at Layer.handle [as handle_request] (C:\\Users\\lardg\\Desktop\\TASK APP\\BACKEND\\node_modules\\express\\lib\\router\\layer.js:95:5)\n    at trim_prefix (C:\\Users\\lardg\\Desktop\\TASK APP\\BACKEND\\node_modules\\express\\lib\\router\\index.js:328:13)\n    at C:\\Users\\lardg\\Desktop\\TASK APP\\BACKEND\\node_modules\\express\\lib\\router\\index.js:286:9\n    at router.process_params (C:\\Users\\lardg\\Desktop\\TASK APP\\BACKEND\\node_modules\\express\\lib\\router\\index.js:346:12)\n    at next (C:\\Users\\lardg\\Desktop\\TASK APP\\BACKEND\\node_modules\\express\\lib\\router\\index.js:280:10)\n    at query (C:\\Users\\lardg\\Desktop\\TASK APP\\BACKEND\\node_modules\\express\\lib\\middleware\\query.js:45:5)\n    at Layer.handle [as handle_request] (C:\\Users\\lardg\\Desktop\\TASK APP\\BACKEND\\node_modules\\express\\lib\\router\\layer.js:95:5)\n    at trim_prefix (C:\\Users\\lardg\\Desktop\\TASK APP\\BACKEND\\node_modules\\express\\lib\\router\\index.js:328:13)\n    at C:\\Users\\lardg\\Desktop\\TASK APP\\BACKEND\\node_modules\\express\\lib\\router\\index.js:286:9\n    at router.process_params (C:\\Users\\lardg\\Desktop\\TASK APP\\BACKEND\\node_modules\\express\\lib\\router\\index.js:346:12)\n    at next (C:\\Users\\lardg\\Desktop\\TASK APP\\BACKEND\\node_modules\\express\\lib\\router\\index.js:280:10)\n    at router.handle (C:\\Users\\lardg\\Desktop\\TASK APP\\BACKEND\\node_modules\\express\\lib\\router\\index.js:175:3)\n    at app.handle (C:\\Users\\lardg\\Desktop\\TASK APP\\BACKEND\\node_modules\\express\\lib\\application.js:181:10)\n    at Server.app (C:\\Users\\lardg\\Desktop\\TASK APP\\BACKEND\\node_modules\\express\\lib\\express.js:39:9)\n    at Server.emit (node:events:508:28)\n    at parserOnIncoming (node:_http_server:1210:12)\n    at HTTPParser.parserOnHeadersComplete (node:_http_common:125:17)","name":"AppError","code":"AUTH_REQUIRED","statusCode":401,"details":null},"requestId":25,"path":"/api/v1/me/avatar","msg":"Authentication required"}
{"level":40,"time":1791249080384,"pid":13280,"hostname":"DESKTOP-APUHV9O","req":{"id":25,"method":"DELETE","url":"/api/v1/me/avatar"},"res":{"statusCode":401},"responseTime":3,"msg":"DELETE /api/v1/me/avatar 401"}
{"level":30,"time":1791249080561,"pid":16976,"hostname":"DESKTOP-APUHV9O","req":{"id":13,"method":"PATCH","url":"/api/v1/workspaces/d3438227-7d1c-40b3-822d-34fac88ce549/labels/98f73523-8d29-4b0f-af4b-23976549f6e4"},"res":{"statusCode":200},"responseTime":710,"msg":"PATCH /98f73523-8d29-4b0f-af4b-23976549f6e4 200"}
{"level":50,"time":1791249080906,"pid":17820,"hostname":"DESKTOP-APUHV9O","err":{"type":"AppError","message":"Not a member of this workspace","stack":"AppError: Not a member of this workspace\n    at loadWorkspace (C:\\Users\\lardg\\Desktop\\TASK APP\\BACKEND\\src\\middleware\\workspace.js:27:13)\n    at processTicksAndRejections (node:internal/process/task_queues:104:5)","name":"AppError","code":"NOT_A_MEMBER","statusCode":403,"details":null},"requestId":20,"userId":"f4c11da2-be4b-4780-903b-0f1dfb8be7a9","path":"/api/v1/workspaces/null/members/f4c11da2-be4b-4780-903b-0f1dfb8be7a9","msg":"Not a member of this workspace"}
{"level":40,"time":1791249080907,"pid":17820,"hostname":"DESKTOP-APUHV9O","req":{"id":20,"method":"PATCH","url":"/api/v1/workspaces/null/members/f4c11da2-be4b-4780-903b-0f1dfb8be7a9"},"res":{"statusCode":403},"responseTime":538,"msg":"PATCH /api/v1/workspaces/null/members/f4c11da2-be4b-4780-903b-0f1dfb8be7a9 403"}
{"level":30,"time":1791249081248,"pid":13280,"hostname":"DESKTOP-APUHV9O","req":{"id":26,"method":"DELETE","url":"/api/v1/me/avatar"},"res":{"statusCode":200},"responseTime":856,"msg":"DELETE /avatar 200"}
{"level":30,"time":1791249081271,"pid":16976,"hostname":"DESKTOP-APUHV9O","req":{"id":14,"method":"PATCH","url":"/api/v1/workspaces/d3438227-7d1c-40b3-822d-34fac88ce549/labels/98f73523-8d29-4b0f-af4b-23976549f6e4"},"res":{"statusCode":200},"responseTime":690,"msg":"PATCH /98f73523-8d29-4b0f-af4b-23976549f6e4 200"}
{"level":50,"time":1791249081395,"pid":17820,"hostname":"DESKTOP-APUHV9O","err":{"type":"AppError","message":"Cannot leave or remove members from personal workspace","stack":"AppError: Cannot leave or remove members from personal workspace\n    at C:\\Users\\lardg\\Desktop\\TASK APP\\BACKEND\\src\\routes\\workspaces.js:377:15\n    at Layer.handle [as handle_request] (C:\\Users\\lardg\\Desktop\\TASK APP\\BACKEND\\node_modules\\express\\lib\\router\\layer.js:95:5)\n    at next (C:\\Users\\lardg\\Desktop\\TASK APP\\BACKEND\\node_modules\\express\\lib\\router\\route.js:149:13)\n    at loadWorkspace (C:\\Users\\lardg\\Desktop\\TASK APP\\BACKEND\\src\\middleware\\workspace.js:40:5)\n    at processTicksAndRejections (node:internal/process/task_queues:104:5)","name":"AppError","code":"FORBIDDEN","statusCode":403,"details":null},"requestId":21,"userId":"f4c11da2-be4b-4780-903b-0f1dfb8be7a9","path":"/api/v1/workspaces/3d4e9224-1957-4c4b-b852-dc143a3afc39/members/f4c11da2-be4b-4780-903b-0f1dfb8be7a9","msg":"Cannot leave or remove members from personal workspace"}
{"level":40,"time":1791249081396,"pid":17820,"hostname":"DESKTOP-APUHV9O","req":{"id":21,"method":"DELETE","url":"/api/v1/workspaces/3d4e9224-1957-4c4b-b852-dc143a3afc39/members/f4c11da2-be4b-4780-903b-0f1dfb8be7a9"},"res":{"statusCode":403},"responseTime":472,"msg":"DELETE /api/v1/workspaces/3d4e9224-1957-4c4b-b852-dc143a3afc39/members/f4c11da2-be4b-4780-903b-0f1dfb8be7a9 403"}
{"level":50,"time":1791249081876,"pid":17820,"hostname":"DESKTOP-APUHV9O","err":{"type":"AppError","message":"Not a member of this workspace","stack":"AppError: Not a member of this workspace\n    at loadWorkspace (C:\\Users\\lardg\\Desktop\\TASK APP\\BACKEND\\src\\middleware\\workspace.js:27:13)\n    at processTicksAndRejections (node:internal/process/task_queues:104:5)","name":"AppError","code":"NOT_A_MEMBER","statusCode":403,"details":null},"requestId":22,"userId":"f4c11da2-be4b-4780-903b-0f1dfb8be7a9","path":"/api/v1/workspaces/null/members/f4c11da2-be4b-4780-903b-0f1dfb8be7a9","msg":"Not a member of this workspace"}
{"level":40,"time":1791249081877,"pid":17820,"hostname":"DESKTOP-APUHV9O","req":{"id":22,"method":"DELETE","url":"/api/v1/workspaces/null/members/f4c11da2-be4b-4780-903b-0f1dfb8be7a9"},"res":{"statusCode":403},"responseTime":464,"msg":"DELETE /api/v1/workspaces/null/members/f4c11da2-be4b-4780-903b-0f1dfb8be7a9 403"}
{"level":50,"time":1791249081888,"pid":17820,"hostname":"DESKTOP-APUHV9O","err":{"type":"AppError","message":"Authentication required","stack":"AppError: Authentication required\n    at authenticate (C:\\Users\\lardg\\Desktop\\TASK APP\\BACKEND\\src\\middleware\\auth.js:13:13)\n    at Layer.handle [as handle_request] (C:\\Users\\lardg\\Desktop\\TASK APP\\BACKEND\\node_modules\\express\\lib\\router\\layer.js:95:5)\n    at trim_prefix (C:\\Users\\lardg\\Desktop\\TASK APP\\BACKEND\\node_modules\\express\\lib\\router\\index.js:328:13)\n    at C:\\Users\\lardg\\Desktop\\TASK APP\\BACKEND\\node_modules\\express\\lib\\router\\index.js:286:9\n    at router.process_params (C:\\Users\\lardg\\Desktop\\TASK APP\\BACKEND\\node_modules\\express\\lib\\router\\index.js:346:12)\n    at next (C:\\Users\\lardg\\Desktop\\TASK APP\\BACKEND\\node_modules\\express\\lib\\router\\index.js:280:10)\n    at router.handle (C:\\Users\\lardg\\Desktop\\TASK APP\\BACKEND\\node_modules\\express\\lib\\router\\index.js:175:3)\n    at router (C:\\Users\\lardg\\Desktop\\TASK APP\\BACKEND\\node_modules\\express\\lib\\router\\index.js:47:12)\n    at Layer.handle [as handle_request] (C:\\Users\\lardg\\Desktop\\TASK APP\\BACKEND\\node_modules\\express\\lib\\router\\layer.js:95:5)\n    at trim_prefix (C:\\Users\\lardg\\Desktop\\TASK APP\\BACKEND\\node_modules\\express\\lib\\router\\index.js:328:13)\n    at C:\\Users\\lardg\\Desktop\\TASK APP\\BACKEND\\node_modules\\express\\lib\\router\\index.js:286:9\n    at router.process_params (C:\\Users\\lardg\\Desktop\\TASK APP\\BACKEND\\node_modules\\express\\lib\\router\\index.js:346:12)\n    at next (C:\\Users\\lardg\\Desktop\\TASK APP\\BACKEND\\node_modules\\express\\lib\\router\\index.js:280:10)\n    at C:\\Users\\lardg\\Desktop\\TASK APP\\BACKEND\\src\\app.js:49:5\n    at Layer.handle [as handle_request] (C:\\Users\\lardg\\Desktop\\TASK APP\\BACKEND\\node_modules\\express\\lib\\router\\layer.js:95:5)\n    at trim_prefix (C:\\Users\\lardg\\Desktop\\TASK APP\\BACKEND\\node_modules\\express\\lib\\router\\index.js:328:13)\n    at C:\\Users\\lardg\\Desktop\\TASK APP\\BACKEND\\node_modules\\express\\lib\\router\\index.js:286:9\n    at router.process_params (C:\\Users\\lardg\\Desktop\\TASK APP\\BACKEND\\node_modules\\express\\lib\\router\\index.js:346:12)\n    at next (C:\\Users\\lardg\\Desktop\\TASK APP\\BACKEND\\node_modules\\express\\lib\\router\\index.js:280:10)\n    at loggingMiddleware (C:\\Users\\lardg\\Desktop\\TASK APP\\BACKEND\\node_modules\\pino-http\\logger.js:206:7)\n    at result (C:\\Users\\lardg\\Desktop\\TASK APP\\BACKEND\\node_modules\\pino-http\\logger.js:90:12)\n    at Layer.handle [as handle_request] (C:\\Users\\lardg\\Desktop\\TASK APP\\BACKEND\\node_modules\\express\\lib\\router\\layer.js:95:5)\n    at trim_prefix (C:\\Users\\lardg\\Desktop\\TASK APP\\BACKEND\\node_modules\\express\\lib\\router\\index.js:328:13)\n    at C:\\Users\\lardg\\Desktop\\TASK APP\\BACKEND\\node_modules\\express\\lib\\router\\index.js:286:9\n    at router.process_params (C:\\Users\\lardg\\Desktop\\TASK APP\\BACKEND\\node_modules\\express\\lib\\router\\index.js:346:12)\n    at next (C:\\Users\\lardg\\Desktop\\TASK APP\\BACKEND\\node_modules\\express\\lib\\router\\index.js:280:10)\n    at urlencodedParser (C:\\Users\\lardg\\Desktop\\TASK APP\\BACKEND\\node_modules\\body-parser\\lib\\types\\urlencoded.js:95:7)\n    at Layer.handle [as handle_request] (C:\\Users\\lardg\\Desktop\\TASK APP\\BACKEND\\node_modules\\express\\lib\\router\\layer.js:95:5)\n    at trim_prefix (C:\\Users\\lardg\\Desktop\\TASK APP\\BACKEND\\node_modules\\express\\lib\\router\\index.js:328:13)\n    at C:\\Users\\lardg\\Desktop\\TASK APP\\BACKEND\\node_modules\\express\\lib\\router\\index.js:286:9\n    at router.process_params (C:\\Users\\lardg\\Desktop\\TASK APP\\BACKEND\\node_modules\\express\\lib\\router\\index.js:346:12)\n    at next (C:\\Users\\lardg\\Desktop\\TASK APP\\BACKEND\\node_modules\\express\\lib\\router\\index.js:280:10)\n    at jsonParser (C:\\Users\\lardg\\Desktop\\TASK APP\\BACKEND\\node_modules\\body-parser\\lib\\types\\json.js:117:7)\n    at Layer.handle [as handle_request] (C:\\Users\\lardg\\Desktop\\TASK APP\\BACKEND\\node_modules\\express\\lib\\router\\layer.js:95:5)\n    at trim_prefix (C:\\Users\\lardg\\Desktop\\TASK APP\\BACKEND\\node_modules\\express\\lib\\router\\index.js:328:13)\n    at C:\\Users\\lardg\\Desktop\\TASK APP\\BACKEND\\node_modules\\express\\lib\\router\\index.js:286:9\n    at router.process_params (C:\\Users\\lardg\\Desktop\\TASK APP\\BACKEND\\node_modules\\express\\lib\\router\\index.js:346:12)\n    at next (C:\\Users\\lardg\\Desktop\\TASK APP\\BACKEND\\node_modules\\express\\lib\\router\\index.js:280:10)\n    at cors (C:\\Users\\lardg\\Desktop\\TASK APP\\BACKEND\\node_modules\\cors\\lib\\index.js:188:7)\n    at C:\\Users\\lardg\\Desktop\\TASK APP\\BACKEND\\node_modules\\cors\\lib\\index.js:224:17\n    at originCallback (C:\\Users\\lardg\\Desktop\\TASK APP\\BACKEND\\node_modules\\cors\\lib\\index.js:214:15)\n    at C:\\Users\\lardg\\Desktop\\TASK APP\\BACKEND\\node_modules\\cors\\lib\\index.js:219:13\n    at optionsCallback (C:\\Users\\lardg\\Desktop\\TASK APP\\BACKEND\\node_modules\\cors\\lib\\index.js:199:9)\n    at corsMiddleware (C:\\Users\\lardg\\Desktop\\TASK APP\\BACKEND\\node_modules\\cors\\lib\\index.js:204:7)\n    at Layer.handle [as handle_request] (C:\\Users\\lardg\\Desktop\\TASK APP\\BACKEND\\node_modules\\express\\lib\\router\\layer.js:95:5)\n    at trim_prefix (C:\\Users\\lardg\\Desktop\\TASK APP\\BACKEND\\node_modules\\express\\lib\\router\\index.js:328:13)\n    at C:\\Users\\lardg\\Desktop\\TASK APP\\BACKEND\\node_modules\\express\\lib\\router\\index.js:286:9\n    at router.process_params (C:\\Users\\lardg\\Desktop\\TASK APP\\BACKEND\\node_modules\\express\\lib\\router\\index.js:346:12)\n    at next (C:\\Users\\lardg\\Desktop\\TASK APP\\BACKEND\\node_modules\\express\\lib\\router\\index.js:280:10)\n    at internalNext (C:\\Users\\lardg\\Desktop\\TASK APP\\BACKEND\\node_modules\\helmet\\index.mjs:554:6)\n    at xXssProtectionMiddleware (C:\\Users\\lardg\\Desktop\\TASK APP\\BACKEND\\node_modules\\helmet\\index.mjs:334:3)\n    at internalNext (C:\\Users\\lardg\\Desktop\\TASK APP\\BACKEND\\node_modules\\helmet\\index.mjs:552:6)\n    at xPoweredByMiddleware (C:\\Users\\lardg\\Desktop\\TASK APP\\BACKEND\\node_modules\\helmet\\index.mjs:327:3)\n    at internalNext (C:\\Users\\lardg\\Desktop\\TASK APP\\BACKEND\\node_modules\\helmet\\index.mjs:552:6)\n    at xPermittedCrossDomainPoliciesMiddleware (C:\\Users\\lardg\\Desktop\\TASK APP\\BACKEND\\node_modules\\helmet\\index.mjs:320:3)\n    at internalNext (C:\\Users\\lardg\\Desktop\\TASK APP\\BACKEND\\node_modules\\helmet\\index.mjs:552:6)\n    at xFrameOptionsMiddleware (C:\\Users\\lardg\\Desktop\\TASK APP\\BACKEND\\node_modules\\helmet\\index.mjs:304:3)\n    at internalNext (C:\\Users\\lardg\\Desktop\\TASK APP\\BACKEND\\node_modules\\helmet\\index.mjs:552:6)\n    at xDownloadOptionsMiddleware (C:\\Users\\lardg\\Desktop\\TASK APP\\BACKEND\\node_modules\\helmet\\index.mjs:284:3)\n    at internalNext (C:\\Users\\lardg\\Desktop\\TASK APP\\BACKEND\\node_modules\\helmet\\index.mjs:552:6)\n    at xDnsPrefetchControlMiddleware (C:\\Users\\lardg\\Desktop\\TASK APP\\BACKEND\\node_modules\\helmet\\index.mjs:277:3)\n    at internalNext (C:\\Users\\lardg\\Desktop\\TASK APP\\BACKEND\\node_modules\\helmet\\index.mjs:552:6)\n    at xContentTypeOptionsMiddleware (C:\\Users\\lardg\\Desktop\\TASK APP\\BACKEND\\node_modules\\helmet\\index.mjs:269:3)\n    at internalNext (C:\\Users\\lardg\\Desktop\\TASK APP\\BACKEND\\node_modules\\helmet\\index.mjs:552:6)\n    at strictTransportSecurityMiddleware (C:\\Users\\lardg\\Desktop\\TASK APP\\BACKEND\\node_modules\\helmet\\index.mjs:262:3)\n    at internalNext (C:\\Users\\lardg\\Desktop\\TASK APP\\BACKEND\\node_modules\\helmet\\index.mjs:552:6)\n    at referrerPolicyMiddleware (C:\\Users\\lardg\\Desktop\\TASK APP\\BACKEND\\node_modules\\helmet\\index.mjs:230:3)\n    at internalNext (C:\\Users\\lardg\\Desktop\\TASK APP\\BACKEND\\node_modules\\helmet\\index.mjs:552:6)\n    at originAgentClusterMiddleware (C:\\Users\\lardg\\Desktop\\TASK APP\\BACKEND\\node_modules\\helmet\\index.mjs:205:3)\n    at internalNext (C:\\Users\\lardg\\Desktop\\TASK APP\\BACKEND\\node_modules\\helmet\\index.mjs:552:6)\n    at crossOriginResourcePolicyMiddleware (C:\\Users\\lardg\\Desktop\\TASK APP\\BACKEND\\node_modules\\helmet\\index.mjs:198:3)\n    at internalNext (C:\\Users\\lardg\\Desktop\\TASK APP\\BACKEND\\node_modules\\helmet\\index.mjs:552:6)\n    at crossOriginOpenerPolicyMiddleware (C:\\Users\\lardg\\Desktop\\TASK APP\\BACKEND\\node_modules\\helmet\\index.mjs:182:3)\n    at internalNext (C:\\Users\\lardg\\Desktop\\TASK APP\\BACKEND\\node_modules\\helmet\\index.mjs:552:6)\n    at contentSecurityPolicyMiddleware (C:\\Users\\lardg\\Desktop\\TASK APP\\BACKEND\\node_modules\\helmet\\index.mjs:138:4)\n    at internalNext (C:\\Users\\lardg\\Desktop\\TASK APP\\BACKEND\\node_modules\\helmet\\index.mjs:552:6)\n    at helmetMiddleware (C:\\Users\\lardg\\Desktop\\TASK APP\\BACKEND\\node_modules\\helmet\\index.mjs:556:6)\n    at Layer.handle [as handle_request] (C:\\Users\\lardg\\Desktop\\TASK APP\\BACKEND\\node_modules\\express\\lib\\router\\layer.js:95:5)\n    at trim_prefix (C:\\Users\\lardg\\Desktop\\TASK APP\\BACKEND\\node_modules\\express\\lib\\router\\index.js:328:13)\n    at C:\\Users\\lardg\\Desktop\\TASK APP\\BACKEND\\node_modules\\express\\lib\\router\\index.js:286:9\n    at router.process_params (C:\\Users\\lardg\\Desktop\\TASK APP\\BACKEND\\node_modules\\express\\lib\\router\\index.js:346:12)\n    at next (C:\\Users\\lardg\\Desktop\\TASK APP\\BACKEND\\node_modules\\express\\lib\\router\\index.js:280:10)\n    at expressInit (C:\\Users\\lardg\\Desktop\\TASK APP\\BACKEND\\node_modules\\express\\lib\\middleware\\init.js:40:5)\n    at Layer.handle [as handle_request] (C:\\Users\\lardg\\Desktop\\TASK APP\\BACKEND\\node_modules\\express\\lib\\router\\layer.js:95:5)\n    at trim_prefix (C:\\Users\\lardg\\Desktop\\TASK APP\\BACKEND\\node_modules\\express\\lib\\router\\index.js:328:13)\n    at C:\\Users\\lardg\\Desktop\\TASK APP\\BACKEND\\node_modules\\express\\lib\\router\\index.js:286:9\n    at router.process_params (C:\\Users\\lardg\\Desktop\\TASK APP\\BACKEND\\node_modules\\express\\lib\\router\\index.js:346:12)\n    at next (C:\\Users\\lardg\\Desktop\\TASK APP\\BACKEND\\node_modules\\express\\lib\\router\\index.js:280:10)\n    at query (C:\\Users\\lardg\\Desktop\\TASK APP\\BACKEND\\node_modules\\express\\lib\\middleware\\query.js:45:5)\n    at Layer.handle [as handle_request] (C:\\Users\\lardg\\Desktop\\TASK APP\\BACKEND\\node_modules\\express\\lib\\router\\layer.js:95:5)\n    at trim_prefix (C:\\Users\\lardg\\Desktop\\TASK APP\\BACKEND\\node_modules\\express\\lib\\router\\index.js:328:13)\n    at C:\\Users\\lardg\\Desktop\\TASK APP\\BACKEND\\node_modules\\express\\lib\\router\\index.js:286:9\n    at router.process_params (C:\\Users\\lardg\\Desktop\\TASK APP\\BACKEND\\node_modules\\express\\lib\\router\\index.js:346:12)\n    at next (C:\\Users\\lardg\\Desktop\\TASK APP\\BACKEND\\node_modules\\express\\lib\\router\\index.js:280:10)\n    at router.handle (C:\\Users\\lardg\\Desktop\\TASK APP\\BACKEND\\node_modules\\express\\lib\\router\\index.js:175:3)\n    at app.handle (C:\\Users\\lardg\\Desktop\\TASK APP\\BACKEND\\node_modules\\express\\lib\\application.js:181:10)\n    at Server.app (C:\\Users\\lardg\\Desktop\\TASK APP\\BACKEND\\node_modules\\express\\lib\\express.js:39:9)\n    at Server.emit (node:events:508:28)\n    at parserOnIncoming (node:_http_server:1210:12)\n    at HTTPParser.parserOnHeadersComplete (node:_http_common:125:17)","name":"AppError","code":"AUTH_REQUIRED","statusCode":401,"details":null},"requestId":23,"path":"/api/v1/workspaces","msg":"Authentication required"}
{"level":40,"time":1791249081891,"pid":17820,"hostname":"DESKTOP-APUHV9O","req":{"id":23,"method":"GET","url":"/api/v1/workspaces"},"res":{"statusCode":401},"responseTime":3,"msg":"GET /api/v1/workspaces 401"}
{"level":30,"time":1791249081944,"pid":13280,"hostname":"DESKTOP-APUHV9O","req":{"id":28,"method":"GET","url":"/api/v1/me"},"res":{"statusCode":200},"responseTime":652,"msg":"GET / 200"}
{"level":30,"time":1791249081999,"pid":16976,"hostname":"DESKTOP-APUHV9O","req":{"id":15,"method":"PATCH","url":"/api/v1/workspaces/d3438227-7d1c-40b3-822d-34fac88ce549/labels/98f73523-8d29-4b0f-af4b-23976549f6e4"},"res":{"statusCode":200},"responseTime":716,"msg":"PATCH /98f73523-8d29-4b0f-af4b-23976549f6e4 200"}
{"level":30,"time":1791249081999,"pid":13280,"hostname":"DESKTOP-APUHV9O","req":{"id":27,"method":"GET","url":"/api/v1/me"},"res":{"statusCode":200},"responseTime":707,"msg":"GET / 200"}
{"level":30,"time":1791249082076,"pid":13280,"hostname":"DESKTOP-APUHV9O","req":{"id":31,"method":"GET","url":"/api/v1/me"},"res":{"statusCode":200},"responseTime":779,"msg":"GET / 200"}
{"level":30,"time":1791249082090,"pid":13280,"hostname":"DESKTOP-APUHV9O","req":{"id":29,"method":"GET","url":"/api/v1/me"},"res":{"statusCode":200},"responseTime":797,"msg":"GET / 200"}
{"level":30,"time":1791249082093,"pid":13280,"hostname":"DESKTOP-APUHV9O","req":{"id":30,"method":"GET","url":"/api/v1/me"},"res":{"statusCode":200},"responseTime":798,"msg":"GET / 200"}
{"level":50,"time":1791249082192,"pid":17820,"hostname":"DESKTOP-APUHV9O","err":{"type":"AppError","message":"Validation failed","stack":"AppError: Validation failed\n    at C:\\Users\\lardg\\Desktop\\TASK APP\\BACKEND\\src\\middleware\\validate.js:21:15\n    at Layer.handle [as handle_request] (C:\\Users\\lardg\\Desktop\\TASK APP\\BACKEND\\node_modules\\express\\lib\\router\\layer.js:95:5)\n    at next (C:\\Users\\lardg\\Desktop\\TASK APP\\BACKEND\\node_modules\\express\\lib\\router\\route.js:149:13)\n    at Route.dispatch (C:\\Users\\lardg\\Desktop\\TASK APP\\BACKEND\\node_modules\\express\\lib\\router\\route.js:119:3)\n    at Layer.handle [as handle_request] (C:\\Users\\lardg\\Desktop\\TASK APP\\BACKEND\\node_modules\\express\\lib\\router\\layer.js:95:5)\n    at C:\\Users\\lardg\\Desktop\\TASK APP\\BACKEND\\node_modules\\express\\lib\\router\\index.js:284:15\n    at router.process_params (C:\\Users\\lardg\\Desktop\\TASK APP\\BACKEND\\node_modules\\express\\lib\\router\\index.js:346:12)\n    at next (C:\\Users\\lardg\\Desktop\\TASK APP\\BACKEND\\node_modules\\express\\lib\\router\\index.js:280:10)\n    at router.handle (C:\\Users\\lardg\\Desktop\\TASK APP\\BACKEND\\node_modules\\express\\lib\\router\\index.js:175:3)\n    at router (C:\\Users\\lardg\\Desktop\\TASK APP\\BACKEND\\node_modules\\express\\lib\\router\\index.js:47:12)\n    at Layer.handle [as handle_request] (C:\\Users\\lardg\\Desktop\\TASK APP\\BACKEND\\node_modules\\express\\lib\\router\\layer.js:95:5)\n    at trim_prefix (C:\\Users\\lardg\\Desktop\\TASK APP\\BACKEND\\node_modules\\express\\lib\\router\\index.js:328:13)\n    at C:\\Users\\lardg\\Desktop\\TASK APP\\BACKEND\\node_modules\\express\\lib\\router\\index.js:286:9\n    at router.process_params (C:\\Users\\lardg\\Desktop\\TASK APP\\BACKEND\\node_modules\\express\\lib\\router\\index.js:346:12)\n    at next (C:\\Users\\lardg\\Desktop\\TASK APP\\BACKEND\\node_modules\\express\\lib\\router\\index.js:280:10)\n    at C:\\Users\\lardg\\Desktop\\TASK APP\\BACKEND\\node_modules\\express-rate-limit\\dist\\index.mjs:779:7\n    at processTicksAndRejections (node:internal/process/task_queues:104:5)\n    at C:\\Users\\lardg\\Desktop\\TASK APP\\BACKEND\\node_modules\\express-rate-limit\\dist\\index.mjs:663:5","name":"AppError","code":"VALIDATION_FAILED","statusCode":400,"details":{"fields":[{"field":"name","message":"String must contain at least 1 character(s)"}]}},"requestId":24,"userId":"f4c11da2-be4b-4780-903b-0f1dfb8be7a9","path":"/api/v1/workspaces","msg":"Validation failed"}
{"level":40,"time":1791249082195,"pid":17820,"hostname":"DESKTOP-APUHV9O","req":{"id":24,"method":"POST","url":"/api/v1/workspaces"},"res":{"statusCode":400},"responseTime":295,"msg":"POST /api/v1/workspaces 400"}
FAIL tests/stage2-foundation.test.js (18.566 s)
  Stage 2: Backend Foundation
    Health Endpoints (S2.2, S2.15)
      ΓêÜ GET /health returns 200 without auth (63 ms)
      ΓêÜ GET /health/db returns 200 without auth (191 ms)
    Auth Middleware (S2.5)
      ΓêÜ GET /api/v1/me without token returns 401 AUTH_REQUIRED (26 ms)
      ΓêÜ GET /api/v1/me with invalid token returns 401 AUTH_EXPIRED (282 ms)
      ΓêÜ Valid token allows access to protected routes (700 ms)
    Error Format (S2.7)
      ΓêÜ Every error has error.code and requestId (22 ms)
      ΓêÜ 404 errors have proper format (307 ms)
      ΓêÜ Response includes X-Request-Id header (15 ms)
    Validation Errors (S2.8)
      ΓêÜ PATCH /api/v1/me with invalid data returns VALIDATION_FAILED (360 ms)
      ΓêÜ Validation error includes field-specific messages (316 ms)
    GET /api/v1/me (S2.9)
      ΓêÜ Returns profile with all fields (710 ms)
      ΓêÜ Returns workspaces array with roles (740 ms)
      ΓêÜ Returns personalWorkspaceId (688 ms)
    PATCH /api/v1/me (S2.10)
      ΓêÜ Updates fullName (478 ms)
      ΓêÜ Updates timezone (495 ms)
      ΓêÜ Updates language (valid enum) (485 ms)
      ΓêÜ Updates theme (valid enum) (475 ms)
      ΓêÜ Updates multiple fields at once (463 ms)
      ΓêÜ Rejects invalid language (302 ms)
      ΓêÜ Rejects invalid theme (300 ms)
      ΓêÜ Ignores unknown fields (496 ms)
    Avatar Endpoints (S2.11)
      ΓêÜ POST /api/v1/me/avatar-upload-url requires auth (19 ms)
      ΓêÜ POST /api/v1/me/avatar-upload-url validates mime type (316 ms)
      ├ù POST /api/v1/me/avatar-upload-url returns signed URL (533 ms)
      ΓêÜ DELETE /api/v1/me/avatar requires auth (11 ms)
      ΓêÜ DELETE /api/v1/me/avatar succeeds even with no avatar (869 ms)
    Rate Limiting (S2.3)
      ΓêÜ API routes are rate limited (841 ms)

  ΓùÅ Stage 2: Backend Foundation ΓÇ║ Avatar Endpoints (S2.11) ΓÇ║ POST /api/v1/me/avatar-upload-url returns signed URL

    expected 200 "OK", got 400 "Bad Request"

      366 |         .set('Authorization', `Bearer ${testUserToken}`)
      367 |         .send({ mimeType: 'image/jpeg' })
    > 368 |         .expect(200);
          |          ^
      369 |
      370 |       expect(res.body).toHaveProperty('uploadUrl');
      371 |       expect(res.body).toHaveProperty('path');

      at Object.<anonymous> (tests/stage2-foundation.test.js:368:10)
      ----
      at Test._assertStatus (node_modules/supertest/lib/test.js:376:14)
      at node_modules/supertest/lib/test.js:432:13
      at Test._assertFunction (node_modules/supertest/lib/test.js:409:13)
      at Test.assert (node_modules/supertest/lib/test.js:274:23)
      at localAssert (node_modules/supertest/lib/test.js:196:38)
      at Server.<anonymous> (node_modules/supertest/lib/test.js:203:13)

{"level":50,"time":1791249082517,"pid":17820,"hostname":"DESKTOP-APUHV9O","err":{"type":"AppError","message":"Validation failed","stack":"AppError: Validation failed\n    at C:\\Users\\lardg\\Desktop\\TASK APP\\BACKEND\\src\\middleware\\validate.js:21:15\n    at Layer.handle [as handle_request] (C:\\Users\\lardg\\Desktop\\TASK APP\\BACKEND\\node_modules\\express\\lib\\router\\layer.js:95:5)\n    at next (C:\\Users\\lardg\\Desktop\\TASK APP\\BACKEND\\node_modules\\express\\lib\\router\\route.js:149:13)\n    at Route.dispatch (C:\\Users\\lardg\\Desktop\\TASK APP\\BACKEND\\node_modules\\express\\lib\\router\\route.js:119:3)\n    at Layer.handle [as handle_request] (C:\\Users\\lardg\\Desktop\\TASK APP\\BACKEND\\node_modules\\express\\lib\\router\\layer.js:95:5)\n    at C:\\Users\\lardg\\Desktop\\TASK APP\\BACKEND\\node_modules\\express\\lib\\router\\index.js:284:15\n    at router.process_params (C:\\Users\\lardg\\Desktop\\TASK APP\\BACKEND\\node_modules\\express\\lib\\router\\index.js:346:12)\n    at next (C:\\Users\\lardg\\Desktop\\TASK APP\\BACKEND\\node_modules\\express\\lib\\router\\index.js:280:10)\n    at router.handle (C:\\Users\\lardg\\Desktop\\TASK APP\\BACKEND\\node_modules\\express\\lib\\router\\index.js:175:3)\n    at router (C:\\Users\\lardg\\Desktop\\TASK APP\\BACKEND\\node_modules\\express\\lib\\router\\index.js:47:12)\n    at Layer.handle [as handle_request] (C:\\Users\\lardg\\Desktop\\TASK APP\\BACKEND\\node_modules\\express\\lib\\router\\layer.js:95:5)\n    at trim_prefix (C:\\Users\\lardg\\Desktop\\TASK APP\\BACKEND\\node_modules\\express\\lib\\router\\index.js:328:13)\n    at C:\\Users\\lardg\\Desktop\\TASK APP\\BACKEND\\node_modules\\express\\lib\\router\\index.js:286:9\n    at router.process_params (C:\\Users\\lardg\\Desktop\\TASK APP\\BACKEND\\node_modules\\express\\lib\\router\\index.js:346:12)\n    at next (C:\\Users\\lardg\\Desktop\\TASK APP\\BACKEND\\node_modules\\express\\lib\\router\\index.js:280:10)\n    at C:\\Users\\lardg\\Desktop\\TASK APP\\BACKEND\\node_modules\\express-rate-limit\\dist\\index.mjs:779:7\n    at processTicksAndRejections (node:internal/process/task_queues:104:5)\n    at C:\\Users\\lardg\\Desktop\\TASK APP\\BACKEND\\node_modules\\express-rate-limit\\dist\\index.mjs:663:5","name":"AppError","code":"VALIDATION_FAILED","statusCode":400,"details":{"fields":[{"field":"name","message":"Required"}]}},"requestId":25,"userId":"f4c11da2-be4b-4780-903b-0f1dfb8be7a9","path":"/api/v1/workspaces","msg":"Validation failed"}
{"level":40,"time":1791249082519,"pid":17820,"hostname":"DESKTOP-APUHV9O","req":{"id":25,"method":"POST","url":"/api/v1/workspaces"},"res":{"statusCode":400},"responseTime":306,"msg":"POST /api/v1/workspaces 400"}
{"level":50,"time":1791249082530,"pid":16976,"hostname":"DESKTOP-APUHV9O","err":{"type":"AppError","message":"Validation failed","stack":"AppError: Validation failed\n    at C:\\Users\\lardg\\Desktop\\TASK APP\\BACKEND\\src\\middleware\\validate.js:21:15\n    at Layer.handle [as handle_request] (C:\\Users\\lardg\\Desktop\\TASK APP\\BACKEND\\node_modules\\express\\lib\\router\\layer.js:95:5)\n    at next (C:\\Users\\lardg\\Desktop\\TASK APP\\BACKEND\\node_modules\\express\\lib\\router\\route.js:149:13)\n    at loadWorkspace (C:\\Users\\lardg\\Desktop\\TASK APP\\BACKEND\\src\\middleware\\workspace.js:40:5)\n    at processTicksAndRejections (node:internal/process/task_queues:104:5)","name":"AppError","code":"VALIDATION_FAILED","statusCode":400,"details":{"fields":[{"field":"color","message":"Invalid"}]}},"requestId":16,"userId":"c68ee6e6-32d6-411b-ae0e-63ef7ce28cd4","path":"/api/v1/workspaces/d3438227-7d1c-40b3-822d-34fac88ce549/labels/98f73523-8d29-4b0f-af4b-23976549f6e4","msg":"Validation failed"}
{"level":40,"time":1791249082532,"pid":16976,"hostname":"DESKTOP-APUHV9O","req":{"id":16,"method":"PATCH","url":"/api/v1/workspaces/d3438227-7d1c-40b3-822d-34fac88ce549/labels/98f73523-8d29-4b0f-af4b-23976549f6e4"},"res":{"statusCode":400},"responseTime":519,"msg":"PATCH /api/v1/workspaces/d3438227-7d1c-40b3-822d-34fac88ce549/labels/98f73523-8d29-4b0f-af4b-23976549f6e4 400"}
PASS tests/simple.test.js
  Simple Test
    ΓêÜ 1 + 1 = 2 (4 ms)

{"level":50,"time":1791249083024,"pid":16976,"hostname":"DESKTOP-APUHV9O","err":{"type":"AppError","message":"Validation failed","stack":"AppError: Validation failed\n    at C:\\Users\\lardg\\Desktop\\TASK APP\\BACKEND\\src\\middleware\\validate.js:21:15\n    at Layer.handle [as handle_request] (C:\\Users\\lardg\\Desktop\\TASK APP\\BACKEND\\node_modules\\express\\lib\\router\\layer.js:95:5)\n    at next (C:\\Users\\lardg\\Desktop\\TASK APP\\BACKEND\\node_modules\\express\\lib\\router\\route.js:149:13)\n    at loadWorkspace (C:\\Users\\lardg\\Desktop\\TASK APP\\BACKEND\\src\\middleware\\workspace.js:40:5)\n    at processTicksAndRejections (node:internal/process/task_queues:104:5)","name":"AppError","code":"VALIDATION_FAILED","statusCode":400,"details":{"fields":[{"field":"","message":"At least one of name or color must be provided"}]}},"requestId":17,"userId":"c68ee6e6-32d6-411b-ae0e-63ef7ce28cd4","path":"/api/v1/workspaces/d3438227-7d1c-40b3-822d-34fac88ce549/labels/98f73523-8d29-4b0f-af4b-23976549f6e4","msg":"Validation failed"}
{"level":40,"time":1791249083027,"pid":16976,"hostname":"DESKTOP-APUHV9O","req":{"id":17,"method":"PATCH","url":"/api/v1/workspaces/d3438227-7d1c-40b3-822d-34fac88ce549/labels/98f73523-8d29-4b0f-af4b-23976549f6e4"},"res":{"statusCode":400},"responseTime":482,"msg":"PATCH /api/v1/workspaces/d3438227-7d1c-40b3-822d-34fac88ce549/labels/98f73523-8d29-4b0f-af4b-23976549f6e4 400"}
{"level":30,"time":1791249083045,"pid":17820,"hostname":"DESKTOP-APUHV9O","req":{"id":26,"method":"GET","url":"/api/v1/workspaces"},"res":{"statusCode":200},"responseTime":517,"msg":"GET / 200"}
FAIL tests/stage5-workspaces.test.js (19.845 s)
  Stage 5: Workspaces, Members, and Invite Codes
    S5.1: List Workspaces
      ΓêÜ should return user workspaces including personal workspace (566 ms)
      ΓêÜ should require authentication (33 ms)
    S5.2: Create Team Workspace
      ├ù should create a new team workspace (513 ms)
      ΓêÜ should reject invalid workspace name (302 ms)
      ΓêÜ should reject missing name field (303 ms)
    S5.3: Get Workspace Details
      ├ù should return workspace details with counts (478 ms)
      ΓêÜ should return 403 for non-member workspace (497 ms)
    S5.4: Update Workspace
      ├ù should rename team workspace (547 ms)
      ΓêÜ should reject renaming personal workspace (499 ms)
      ΓêÜ should require admin role (1 ms)
    S5.5: Delete Workspace
      ΓêÜ should reject deleting personal workspace (510 ms)
      ├ù should soft delete team workspace (557 ms)
    S5.6: Invite Codes
      ├ù should create invite code (admin) (608 ms)
      ├ù should validate invite role (545 ms)
      ├ù should list invite codes (admin) (466 ms)
      ├ù should revoke invite code (admin) (483 ms)
    S5.7: Join Workspace
      ├ù should reject invalid invite code
      ├ù should reject already member
      ├ù should validate code format
    S5.8: Workspace Members
      ├ù should list workspace members (462 ms)
      ΓêÜ should require workspace membership (477 ms)
    S5.9: Update Member Role
      ├ù should validate role value (535 ms)
      ├ù should reject demoting last admin (560 ms)
    S5.10: Remove Member / Leave Workspace
      ΓêÜ should reject leaving personal workspace (484 ms)
      ├ù should reject removing last admin (479 ms)
      ΓêÜ should require admin role to remove others
    S5.11: Error Response Format
      ├ù should include requestId in all error responses (12 ms)
      ΓêÜ should include code and message in errors (307 ms)
      ΓêÜ should include details for validation errors (319 ms)
    S5.12: Request ID Header
      ΓêÜ should include X-Request-Id in response headers (528 ms)

  ΓùÅ Stage 5: Workspaces, Members, and Invite Codes ΓÇ║ S5.2: Create Team Workspace ΓÇ║ should create a new team workspace

    expected 201 "Created", got 502 "Bad Gateway"

      93 |         .set('Authorization', `Bearer ${authToken}`)
      94 |         .send({ name: 'Test Team' })
    > 95 |         .expect(201);
         |          ^
      96 |
      97 |       expect(res.body.workspace).toMatchObject({
      98 |         name: 'Test Team',

      at Object.<anonymous> (tests/stage5-workspaces.test.js:95:10)
      ----
      at Test._assertStatus (node_modules/supertest/lib/test.js:376:14)
      at node_modules/supertest/lib/test.js:432:13
      at Test._assertFunction (node_modules/supertest/lib/test.js:409:13)
      at Test.assert (node_modules/supertest/lib/test.js:274:23)
      at localAssert (node_modules/supertest/lib/test.js:196:38)
      at Server.<anonymous> (node_modules/supertest/lib/test.js:203:13)

  ΓùÅ Stage 5: Workspaces, Members, and Invite Codes ΓÇ║ S5.3: Get Workspace Details ΓÇ║ should return workspace details with counts

    expected 200 "OK", got 403 "Forbidden"

      130 |         .get(`/api/v1/workspaces/${teamWorkspaceId}`)
      131 |         .set('Authorization', `Bearer ${authToken}`)
    > 132 |         .expect(200);
          |          ^
      133 |
      134 |       expect(res.body.workspace).toMatchObject({
      135 |         id: teamWorkspaceId,

      at Object.<anonymous> (tests/stage5-workspaces.test.js:132:10)
      ----
      at Test._assertStatus (node_modules/supertest/lib/test.js:376:14)
      at node_modules/supertest/lib/test.js:432:13
      at Test._assertFunction (node_modules/supertest/lib/test.js:409:13)
      at Test.assert (node_modules/supertest/lib/test.js:274:23)
      at localAssert (node_modules/supertest/lib/test.js:196:38)
      at Server.<anonymous> (node_modules/supertest/lib/test.js:203:13)

  ΓùÅ Stage 5: Workspaces, Members, and Invite Codes ΓÇ║ S5.4: Update Workspace ΓÇ║ should rename team workspace

    expected 200 "OK", got 403 "Forbidden"

      162 |         .set('Authorization', `Bearer ${authToken}`)
      163 |         .send({ name: 'Renamed Team' })
    > 164 |         .expect(200);
          |          ^
      165 |
      166 |       expect(res.body.workspace.name).toBe('Renamed Team');
      167 |     });

      at Object.<anonymous> (tests/stage5-workspaces.test.js:164:10)
      ----
      at Test._assertStatus (node_modules/supertest/lib/test.js:376:14)
      at node_modules/supertest/lib/test.js:432:13
      at Test._assertFunction (node_modules/supertest/lib/test.js:409:13)
      at Test.assert (node_modules/supertest/lib/test.js:274:23)
      at localAssert (node_modules/supertest/lib/test.js:196:38)
      at Server.<anonymous> (node_modules/supertest/lib/test.js:203:13)

  ΓùÅ Stage 5: Workspaces, Members, and Invite Codes ΓÇ║ S5.5: Delete Workspace ΓÇ║ should soft delete team workspace

    TypeError: Cannot read properties of undefined (reading 'id')

      202 |         .send({ name: 'Temporary Workspace' });
      203 |
    > 204 |       const tempWorkspaceId = createRes.body.workspace.id;
          |                                                        ^
      205 |
      206 |       await request(app)
      207 |         .delete(`/api/v1/workspaces/${tempWorkspaceId}`)

      at Object.<anonymous> (tests/stage5-workspaces.test.js:204:56)

  ΓùÅ Stage 5: Workspaces, Members, and Invite Codes ΓÇ║ S5.6: Invite Codes ΓÇ║ should create invite code (admin)

    expected 201 "Created", got 403 "Forbidden"

      228 |           maxUses: 5,
      229 |         })
    > 230 |         .expect(201);
          |          ^
      231 |
      232 |       expect(res.body.invite).toBeDefined();
      233 |       expect(res.body.invite.code).toHaveLength(8);

      at Object.<anonymous> (tests/stage5-workspaces.test.js:230:10)
      ----
      at Test._assertStatus (node_modules/supertest/lib/test.js:376:14)
      at node_modules/supertest/lib/test.js:432:13
      at Test._assertFunction (node_modules/supertest/lib/test.js:409:13)
      at Test.assert (node_modules/supertest/lib/test.js:274:23)
      at localAssert (node_modules/supertest/lib/test.js:196:38)
      at Server.<anonymous> (node_modules/supertest/lib/test.js:203:13)

  ΓùÅ Stage 5: Workspaces, Members, and Invite Codes ΓÇ║ S5.6: Invite Codes ΓÇ║ should validate invite role

    expected 400 "Bad Request", got 403 "Forbidden"

      246 |           role: 'invalid_role',
      247 |         })
    > 248 |         .expect(400);
          |          ^
      249 |
      250 |       expect(res.body.error.code).toBe('VALIDATION_FAILED');
      251 |     });

      at Object.<anonymous> (tests/stage5-workspaces.test.js:248:10)
      ----
      at Test._assertStatus (node_modules/supertest/lib/test.js:376:14)
      at node_modules/supertest/lib/test.js:432:13
      at Test._assertFunction (node_modules/supertest/lib/test.js:409:13)
      at Test.assert (node_modules/supertest/lib/test.js:274:23)
      at localAssert (node_modules/supertest/lib/test.js:196:38)
      at Server.<anonymous> (node_modules/supertest/lib/test.js:203:13)

  ΓùÅ Stage 5: Workspaces, Members, and Invite Codes ΓÇ║ S5.6: Invite Codes ΓÇ║ should list invite codes (admin)

    expected 200 "OK", got 403 "Forbidden"

      255 |         .get(`/api/v1/workspaces/${teamWorkspaceId}/invites`)
      256 |         .set('Authorization', `Bearer ${authToken}`)
    > 257 |         .expect(200);
          |          ^
      258 |
      259 |       expect(res.body.invites).toBeDefined();
      260 |       expect(Array.isArray(res.body.invites)).toBe(true);

      at Object.<anonymous> (tests/stage5-workspaces.test.js:257:10)
      ----
      at Test._assertStatus (node_modules/supertest/lib/test.js:376:14)
      at node_modules/supertest/lib/test.js:432:13
      at Test._assertFunction (node_modules/supertest/lib/test.js:409:13)
      at Test.assert (node_modules/supertest/lib/test.js:274:23)
      at localAssert (node_modules/supertest/lib/test.js:196:38)
      at Server.<anonymous> (node_modules/supertest/lib/test.js:203:13)

  ΓùÅ Stage 5: Workspaces, Members, and Invite Codes ΓÇ║ S5.6: Invite Codes ΓÇ║ should revoke invite code (admin)

    expected 204 "No Content", got 403 "Forbidden"

      269 |         .delete(`/api/v1/workspaces/${teamWorkspaceId}/invites/${inviteId}`)
      270 |         .set('Authorization', `Bearer ${authToken}`)
    > 271 |         .expect(204);
          |          ^
      272 |
      273 |       // Verify it's no longer in active invites
      274 |       const res = await request(app)

      at Object.<anonymous> (tests/stage5-workspaces.test.js:271:10)
      ----
      at Test._assertStatus (node_modules/supertest/lib/test.js:376:14)
      at node_modules/supertest/lib/test.js:432:13
      at Test._assertFunction (node_modules/supertest/lib/test.js:409:13)
      at Test.assert (node_modules/supertest/lib/test.js:274:23)
      at localAssert (node_modules/supertest/lib/test.js:196:38)
      at Server.<anonymous> (node_modules/supertest/lib/test.js:203:13)

  ΓùÅ Stage 5: Workspaces, Members, and Invite Codes ΓÇ║ S5.7: Join Workspace ΓÇ║ should reject invalid invite code

    TypeError: Cannot read properties of undefined (reading 'code')

      291 |         .send({ role: 'full' });
      292 |       
    > 293 |       validInviteCode = res.body.invite.code;
          |                                         ^
      294 |     });
      295 |
      296 |     it('should reject invalid invite code', async () => {

      at Object.<anonymous> (tests/stage5-workspaces.test.js:293:41)

  ΓùÅ Stage 5: Workspaces, Members, and Invite Codes ΓÇ║ S5.7: Join Workspace ΓÇ║ should reject already member

    TypeError: Cannot read properties of undefined (reading 'code')

      291 |         .send({ role: 'full' });
      292 |       
    > 293 |       validInviteCode = res.body.invite.code;
          |                                         ^
      294 |     });
      295 |
      296 |     it('should reject invalid invite code', async () => {

      at Object.<anonymous> (tests/stage5-workspaces.test.js:293:41)

  ΓùÅ Stage 5: Workspaces, Members, and Invite Codes ΓÇ║ S5.7: Join Workspace ΓÇ║ should validate code format

    TypeError: Cannot read properties of undefined (reading 'code')

      291 |         .send({ role: 'full' });
      292 |       
    > 293 |       validInviteCode = res.body.invite.code;
          |                                         ^
      294 |     });
      295 |
      296 |     it('should reject invalid invite code', async () => {

      at Object.<anonymous> (tests/stage5-workspaces.test.js:293:41)

  ΓùÅ Stage 5: Workspaces, Members, and Invite Codes ΓÇ║ S5.8: Workspace Members ΓÇ║ should list workspace members

    expected 200 "OK", got 403 "Forbidden"

      331 |         .get(`/api/v1/workspaces/${teamWorkspaceId}/members`)
      332 |         .set('Authorization', `Bearer ${authToken}`)
    > 333 |         .expect(200);
          |          ^
      334 |
      335 |       expect(res.body.members).toBeDefined();
      336 |       expect(Array.isArray(res.body.members)).toBe(true);

      at Object.<anonymous> (tests/stage5-workspaces.test.js:333:10)
      ----
      at Test._assertStatus (node_modules/supertest/lib/test.js:376:14)
      at node_modules/supertest/lib/test.js:432:13
      at Test._assertFunction (node_modules/supertest/lib/test.js:409:13)
      at Test.assert (node_modules/supertest/lib/test.js:274:23)
      at localAssert (node_modules/supertest/lib/test.js:196:38)
      at Server.<anonymous> (node_modules/supertest/lib/test.js:203:13)

  ΓùÅ Stage 5: Workspaces, Members, and Invite Codes ΓÇ║ S5.9: Update Member Role ΓÇ║ should validate role value

    expected 400 "Bad Request", got 403 "Forbidden"

      360 |         .set('Authorization', `Bearer ${authToken}`)
      361 |         .send({ role: 'invalid' })
    > 362 |         .expect(400);
          |          ^
      363 |
      364 |       expect(res.body.error.code).toBe('VALIDATION_FAILED');
      365 |     });

      at Object.<anonymous> (tests/stage5-workspaces.test.js:362:10)
      ----
      at Test._assertStatus (node_modules/supertest/lib/test.js:376:14)
      at node_modules/supertest/lib/test.js:432:13
      at Test._assertFunction (node_modules/supertest/lib/test.js:409:13)
      at Test.assert (node_modules/supertest/lib/test.js:274:23)
      at localAssert (node_modules/supertest/lib/test.js:196:38)
      at Server.<anonymous> (node_modules/supertest/lib/test.js:203:13)

  ΓùÅ Stage 5: Workspaces, Members, and Invite Codes ΓÇ║ S5.9: Update Member Role ΓÇ║ should reject demoting last admin

    expect(received).toBe(expected) // Object.is equality

    Expected: "LAST_ADMIN"
    Received: "NOT_A_MEMBER"

      372 |         .expect(403);
      373 |
    > 374 |       expect(res.body.error.code).toBe('LAST_ADMIN');
          |                                   ^
      375 |     });
      376 |   });
      377 |

      at Object.<anonymous> (tests/stage5-workspaces.test.js:374:35)

  ΓùÅ Stage 5: Workspaces, Members, and Invite Codes ΓÇ║ S5.10: Remove Member / Leave Workspace ΓÇ║ should reject removing last admin

    expect(received).toBe(expected) // Object.is equality

    Expected: "LAST_ADMIN"
    Received: "NOT_A_MEMBER"

      393 |         .expect(403);
      394 |
    > 395 |       expect(res.body.error.code).toBe('LAST_ADMIN');
          |                                   ^
      396 |     });
      397 |
      398 |     it('should require admin role to remove others', async () => {

      at Object.<anonymous> (tests/stage5-workspaces.test.js:395:35)

  ΓùÅ Stage 5: Workspaces, Members, and Invite Codes ΓÇ║ S5.11: Error Response Format ΓÇ║ should include requestId in all error responses

    expect(received).toBe(expected) // Object.is equality

    Expected: "string"
    Received: "number"

      409 |
      410 |       expect(res.body.error.requestId).toBeDefined();
    > 411 |       expect(typeof res.body.error.requestId).toBe('string');
          |                                               ^
      412 |     });
      413 |
      414 |     it('should include code and message in errors', async () => {

      at Object.<anonymous> (tests/stage5-workspaces.test.js:411:47)

{"level":30,"time":1791249083823,"pid":16976,"hostname":"DESKTOP-APUHV9O","req":{"id":18,"method":"POST","url":"/api/v1/workspaces/d3438227-7d1c-40b3-822d-34fac88ce549/labels"},"res":{"statusCode":201},"responseTime":777,"msg":"POST / 201"}
{"level":30,"time":1791249084520,"pid":16976,"hostname":"DESKTOP-APUHV9O","req":{"id":19,"method":"DELETE","url":"/api/v1/workspaces/d3438227-7d1c-40b3-822d-34fac88ce549/labels/17a9598e-9fe3-4833-91d0-9ddf15003c91"},"res":{"statusCode":204},"responseTime":685,"msg":"DELETE /17a9598e-9fe3-4833-91d0-9ddf15003c91 204"}
{"level":30,"time":1791249085229,"pid":16976,"hostname":"DESKTOP-APUHV9O","req":{"id":20,"method":"GET","url":"/api/v1/workspaces/d3438227-7d1c-40b3-822d-34fac88ce549/labels"},"res":{"statusCode":200},"responseTime":693,"msg":"GET / 200"}
{"level":30,"time":1791249086128,"pid":16976,"hostname":"DESKTOP-APUHV9O","req":{"id":21,"method":"GET","url":"/api/v1/workspaces/d3438227-7d1c-40b3-822d-34fac88ce549/sync"},"res":{"statusCode":200},"responseTime":881,"msg":"GET / 200"}
{"level":30,"time":1791249086936,"pid":16976,"hostname":"DESKTOP-APUHV9O","req":{"id":22,"method":"GET","url":"/api/v1/workspaces/d3438227-7d1c-40b3-822d-34fac88ce549/sync"},"res":{"statusCode":200},"responseTime":776,"msg":"GET / 200"}
{"level":30,"time":1791249087721,"pid":16976,"hostname":"DESKTOP-APUHV9O","req":{"id":23,"method":"GET","url":"/api/v1/workspaces/d3438227-7d1c-40b3-822d-34fac88ce549/sync"},"res":{"statusCode":200},"responseTime":771,"msg":"GET / 200"}
{"level":30,"time":1791249088413,"pid":16976,"hostname":"DESKTOP-APUHV9O","req":{"id":24,"method":"GET","url":"/api/v1/workspaces/d3438227-7d1c-40b3-822d-34fac88ce549/sync"},"res":{"statusCode":200},"responseTime":678,"msg":"GET / 200"}
{"level":30,"time":1791249089078,"pid":16976,"hostname":"DESKTOP-APUHV9O","req":{"id":25,"method":"POST","url":"/api/v1/workspaces/d3438227-7d1c-40b3-822d-34fac88ce549/labels"},"res":{"statusCode":201},"responseTime":654,"msg":"POST / 201"}
{"level":30,"time":1791249089799,"pid":16976,"hostname":"DESKTOP-APUHV9O","req":{"id":26,"method":"GET","url":"/api/v1/workspaces/d3438227-7d1c-40b3-822d-34fac88ce549/sync?since=2026-10-06T01%3A11%3A28.412Z"},"res":{"statusCode":200},"responseTime":691,"msg":"GET /?since=2026-10-06T01%3A11%3A28.412Z 200"}
{"level":30,"time":1791249090437,"pid":16976,"hostname":"DESKTOP-APUHV9O","req":{"id":27,"method":"POST","url":"/api/v1/workspaces/d3438227-7d1c-40b3-822d-34fac88ce549/labels"},"res":{"statusCode":201},"responseTime":627,"msg":"POST / 201"}
{"level":30,"time":1791249091080,"pid":16976,"hostname":"DESKTOP-APUHV9O","req":{"id":28,"method":"DELETE","url":"/api/v1/workspaces/d3438227-7d1c-40b3-822d-34fac88ce549/labels/f2c9eeb8-8f31-4b4a-9eed-686b61ec1290"},"res":{"statusCode":204},"responseTime":633,"msg":"DELETE /f2c9eeb8-8f31-4b4a-9eed-686b61ec1290 204"}
{"level":30,"time":1791249091848,"pid":16976,"hostname":"DESKTOP-APUHV9O","req":{"id":29,"method":"GET","url":"/api/v1/workspaces/d3438227-7d1c-40b3-822d-34fac88ce549/sync?since=2026-10-06T01%3A11%3A30.440Z"},"res":{"statusCode":200},"responseTime":758,"msg":"GET /?since=2026-10-06T01%3A11%3A30.440Z 200"}
{"level":50,"time":1791249092319,"pid":16976,"hostname":"DESKTOP-APUHV9O","err":{"type":"AppError","message":"Validation failed","stack":"AppError: Validation failed\n    at C:\\Users\\lardg\\Desktop\\TASK APP\\BACKEND\\src\\middleware\\validate.js:21:15\n    at Layer.handle [as handle_request] (C:\\Users\\lardg\\Desktop\\TASK APP\\BACKEND\\node_modules\\express\\lib\\router\\layer.js:95:5)\n    at next (C:\\Users\\lardg\\Desktop\\TASK APP\\BACKEND\\node_modules\\express\\lib\\router\\route.js:149:13)\n    at loadWorkspace (C:\\Users\\lardg\\Desktop\\TASK APP\\BACKEND\\src\\middleware\\workspace.js:40:5)\n    at processTicksAndRejections (node:internal/process/task_queues:104:5)","name":"AppError","code":"VALIDATION_FAILED","statusCode":400,"details":{"fields":[{"field":"since","message":"Invalid datetime"}]}},"requestId":30,"userId":"c68ee6e6-32d6-411b-ae0e-63ef7ce28cd4","path":"/api/v1/workspaces/d3438227-7d1c-40b3-822d-34fac88ce549/sync","msg":"Validation failed"}
{"level":40,"time":1791249092320,"pid":16976,"hostname":"DESKTOP-APUHV9O","req":{"id":30,"method":"GET","url":"/api/v1/workspaces/d3438227-7d1c-40b3-822d-34fac88ce549/sync?since=invalid-timestamp"},"res":{"statusCode":400},"responseTime":460,"msg":"GET /api/v1/workspaces/d3438227-7d1c-40b3-822d-34fac88ce549/sync?since=invalid-timestamp 400"}
{"level":30,"time":1791249093087,"pid":16976,"hostname":"DESKTOP-APUHV9O","req":{"id":31,"method":"GET","url":"/api/v1/workspaces/d3438227-7d1c-40b3-822d-34fac88ce549/sync"},"res":{"statusCode":200},"responseTime":757,"msg":"GET / 200"}
{"level":50,"time":1791249093101,"pid":16976,"hostname":"DESKTOP-APUHV9O","err":{"type":"AppError","message":"Authentication required","stack":"AppError: Authentication required\n    at authenticate (C:\\Users\\lardg\\Desktop\\TASK APP\\BACKEND\\src\\middleware\\auth.js:13:13)\n    at Layer.handle [as handle_request] (C:\\Users\\lardg\\Desktop\\TASK APP\\BACKEND\\node_modules\\express\\lib\\router\\layer.js:95:5)\n    at trim_prefix (C:\\Users\\lardg\\Desktop\\TASK APP\\BACKEND\\node_modules\\express\\lib\\router\\index.js:328:13)\n    at C:\\Users\\lardg\\Desktop\\TASK APP\\BACKEND\\node_modules\\express\\lib\\router\\index.js:286:9\n    at router.process_params (C:\\Users\\lardg\\Desktop\\TASK APP\\BACKEND\\node_modules\\express\\lib\\router\\index.js:346:12)\n    at next (C:\\Users\\lardg\\Desktop\\TASK APP\\BACKEND\\node_modules\\express\\lib\\router\\index.js:280:10)\n    at router.handle (C:\\Users\\lardg\\Desktop\\TASK APP\\BACKEND\\node_modules\\express\\lib\\router\\index.js:175:3)\n    at router (C:\\Users\\lardg\\Desktop\\TASK APP\\BACKEND\\node_modules\\express\\lib\\router\\index.js:47:12)\n    at Layer.handle [as handle_request] (C:\\Users\\lardg\\Desktop\\TASK APP\\BACKEND\\node_modules\\express\\lib\\router\\layer.js:95:5)\n    at trim_prefix (C:\\Users\\lardg\\Desktop\\TASK APP\\BACKEND\\node_modules\\express\\lib\\router\\index.js:328:13)\n    at C:\\Users\\lardg\\Desktop\\TASK APP\\BACKEND\\node_modules\\express\\lib\\router\\index.js:286:9\n    at router.process_params (C:\\Users\\lardg\\Desktop\\TASK APP\\BACKEND\\node_modules\\express\\lib\\router\\index.js:346:12)\n    at next (C:\\Users\\lardg\\Desktop\\TASK APP\\BACKEND\\node_modules\\express\\lib\\router\\index.js:280:10)\n    at C:\\Users\\lardg\\Desktop\\TASK APP\\BACKEND\\src\\app.js:49:5\n    at Layer.handle [as handle_request] (C:\\Users\\lardg\\Desktop\\TASK APP\\BACKEND\\node_modules\\express\\lib\\router\\layer.js:95:5)\n    at trim_prefix (C:\\Users\\lardg\\Desktop\\TASK APP\\BACKEND\\node_modules\\express\\lib\\router\\index.js:328:13)\n    at C:\\Users\\lardg\\Desktop\\TASK APP\\BACKEND\\node_modules\\express\\lib\\router\\index.js:286:9\n    at router.process_params (C:\\Users\\lardg\\Desktop\\TASK APP\\BACKEND\\node_modules\\express\\lib\\router\\index.js:346:12)\n    at next (C:\\Users\\lardg\\Desktop\\TASK APP\\BACKEND\\node_modules\\express\\lib\\router\\index.js:280:10)\n    at loggingMiddleware (C:\\Users\\lardg\\Desktop\\TASK APP\\BACKEND\\node_modules\\pino-http\\logger.js:206:7)\n    at result (C:\\Users\\lardg\\Desktop\\TASK APP\\BACKEND\\node_modules\\pino-http\\logger.js:90:12)\n    at Layer.handle [as handle_request] (C:\\Users\\lardg\\Desktop\\TASK APP\\BACKEND\\node_modules\\express\\lib\\router\\layer.js:95:5)\n    at trim_prefix (C:\\Users\\lardg\\Desktop\\TASK APP\\BACKEND\\node_modules\\express\\lib\\router\\index.js:328:13)\n    at C:\\Users\\lardg\\Desktop\\TASK APP\\BACKEND\\node_modules\\express\\lib\\router\\index.js:286:9\n    at router.process_params (C:\\Users\\lardg\\Desktop\\TASK APP\\BACKEND\\node_modules\\express\\lib\\router\\index.js:346:12)\n    at next (C:\\Users\\lardg\\Desktop\\TASK APP\\BACKEND\\node_modules\\express\\lib\\router\\index.js:280:10)\n    at urlencodedParser (C:\\Users\\lardg\\Desktop\\TASK APP\\BACKEND\\node_modules\\body-parser\\lib\\types\\urlencoded.js:95:7)\n    at Layer.handle [as handle_request] (C:\\Users\\lardg\\Desktop\\TASK APP\\BACKEND\\node_modules\\express\\lib\\router\\layer.js:95:5)\n    at trim_prefix (C:\\Users\\lardg\\Desktop\\TASK APP\\BACKEND\\node_modules\\express\\lib\\router\\index.js:328:13)\n    at C:\\Users\\lardg\\Desktop\\TASK APP\\BACKEND\\node_modules\\express\\lib\\router\\index.js:286:9\n    at router.process_params (C:\\Users\\lardg\\Desktop\\TASK APP\\BACKEND\\node_modules\\express\\lib\\router\\index.js:346:12)\n    at next (C:\\Users\\lardg\\Desktop\\TASK APP\\BACKEND\\node_modules\\express\\lib\\router\\index.js:280:10)\n    at jsonParser (C:\\Users\\lardg\\Desktop\\TASK APP\\BACKEND\\node_modules\\body-parser\\lib\\types\\json.js:117:7)\n    at Layer.handle [as handle_request] (C:\\Users\\lardg\\Desktop\\TASK APP\\BACKEND\\node_modules\\express\\lib\\router\\layer.js:95:5)\n    at trim_prefix (C:\\Users\\lardg\\Desktop\\TASK APP\\BACKEND\\node_modules\\express\\lib\\router\\index.js:328:13)\n    at C:\\Users\\lardg\\Desktop\\TASK APP\\BACKEND\\node_modules\\express\\lib\\router\\index.js:286:9\n    at router.process_params (C:\\Users\\lardg\\Desktop\\TASK APP\\BACKEND\\node_modules\\express\\lib\\router\\index.js:346:12)\n    at next (C:\\Users\\lardg\\Desktop\\TASK APP\\BACKEND\\node_modules\\express\\lib\\router\\index.js:280:10)\n    at cors (C:\\Users\\lardg\\Desktop\\TASK APP\\BACKEND\\node_modules\\cors\\lib\\index.js:188:7)\n    at C:\\Users\\lardg\\Desktop\\TASK APP\\BACKEND\\node_modules\\cors\\lib\\index.js:224:17\n    at originCallback (C:\\Users\\lardg\\Desktop\\TASK APP\\BACKEND\\node_modules\\cors\\lib\\index.js:214:15)\n    at C:\\Users\\lardg\\Desktop\\TASK APP\\BACKEND\\node_modules\\cors\\lib\\index.js:219:13\n    at optionsCallback (C:\\Users\\lardg\\Desktop\\TASK APP\\BACKEND\\node_modules\\cors\\lib\\index.js:199:9)\n    at corsMiddleware (C:\\Users\\lardg\\Desktop\\TASK APP\\BACKEND\\node_modules\\cors\\lib\\index.js:204:7)\n    at Layer.handle [as handle_request] (C:\\Users\\lardg\\Desktop\\TASK APP\\BACKEND\\node_modules\\express\\lib\\router\\layer.js:95:5)\n    at trim_prefix (C:\\Users\\lardg\\Desktop\\TASK APP\\BACKEND\\node_modules\\express\\lib\\router\\index.js:328:13)\n    at C:\\Users\\lardg\\Desktop\\TASK APP\\BACKEND\\node_modules\\express\\lib\\router\\index.js:286:9\n    at router.process_params (C:\\Users\\lardg\\Desktop\\TASK APP\\BACKEND\\node_modules\\express\\lib\\router\\index.js:346:12)\n    at next (C:\\Users\\lardg\\Desktop\\TASK APP\\BACKEND\\node_modules\\express\\lib\\router\\index.js:280:10)\n    at internalNext (C:\\Users\\lardg\\Desktop\\TASK APP\\BACKEND\\node_modules\\helmet\\index.mjs:554:6)\n    at xXssProtectionMiddleware (C:\\Users\\lardg\\Desktop\\TASK APP\\BACKEND\\node_modules\\helmet\\index.mjs:334:3)\n    at internalNext (C:\\Users\\lardg\\Desktop\\TASK APP\\BACKEND\\node_modules\\helmet\\index.mjs:552:6)\n    at xPoweredByMiddleware (C:\\Users\\lardg\\Desktop\\TASK APP\\BACKEND\\node_modules\\helmet\\index.mjs:327:3)\n    at internalNext (C:\\Users\\lardg\\Desktop\\TASK APP\\BACKEND\\node_modules\\helmet\\index.mjs:552:6)\n    at xPermittedCrossDomainPoliciesMiddleware (C:\\Users\\lardg\\Desktop\\TASK APP\\BACKEND\\node_modules\\helmet\\index.mjs:320:3)\n    at internalNext (C:\\Users\\lardg\\Desktop\\TASK APP\\BACKEND\\node_modules\\helmet\\index.mjs:552:6)\n    at xFrameOptionsMiddleware (C:\\Users\\lardg\\Desktop\\TASK APP\\BACKEND\\node_modules\\helmet\\index.mjs:304:3)\n    at internalNext (C:\\Users\\lardg\\Desktop\\TASK APP\\BACKEND\\node_modules\\helmet\\index.mjs:552:6)\n    at xDownloadOptionsMiddleware (C:\\Users\\lardg\\Desktop\\TASK APP\\BACKEND\\node_modules\\helmet\\index.mjs:284:3)\n    at internalNext (C:\\Users\\lardg\\Desktop\\TASK APP\\BACKEND\\node_modules\\helmet\\index.mjs:552:6)\n    at xDnsPrefetchControlMiddleware (C:\\Users\\lardg\\Desktop\\TASK APP\\BACKEND\\node_modules\\helmet\\index.mjs:277:3)\n    at internalNext (C:\\Users\\lardg\\Desktop\\TASK APP\\BACKEND\\node_modules\\helmet\\index.mjs:552:6)\n    at xContentTypeOptionsMiddleware (C:\\Users\\lardg\\Desktop\\TASK APP\\BACKEND\\node_modules\\helmet\\index.mjs:269:3)\n    at internalNext (C:\\Users\\lardg\\Desktop\\TASK APP\\BACKEND\\node_modules\\helmet\\index.mjs:552:6)\n    at strictTransportSecurityMiddleware (C:\\Users\\lardg\\Desktop\\TASK APP\\BACKEND\\node_modules\\helmet\\index.mjs:262:3)\n    at internalNext (C:\\Users\\lardg\\Desktop\\TASK APP\\BACKEND\\node_modules\\helmet\\index.mjs:552:6)\n    at referrerPolicyMiddleware (C:\\Users\\lardg\\Desktop\\TASK APP\\BACKEND\\node_modules\\helmet\\index.mjs:230:3)\n    at internalNext (C:\\Users\\lardg\\Desktop\\TASK APP\\BACKEND\\node_modules\\helmet\\index.mjs:552:6)\n    at originAgentClusterMiddleware (C:\\Users\\lardg\\Desktop\\TASK APP\\BACKEND\\node_modules\\helmet\\index.mjs:205:3)\n    at internalNext (C:\\Users\\lardg\\Desktop\\TASK APP\\BACKEND\\node_modules\\helmet\\index.mjs:552:6)\n    at crossOriginResourcePolicyMiddleware (C:\\Users\\lardg\\Desktop\\TASK APP\\BACKEND\\node_modules\\helmet\\index.mjs:198:3)\n    at internalNext (C:\\Users\\lardg\\Desktop\\TASK APP\\BACKEND\\node_modules\\helmet\\index.mjs:552:6)\n    at crossOriginOpenerPolicyMiddleware (C:\\Users\\lardg\\Desktop\\TASK APP\\BACKEND\\node_modules\\helmet\\index.mjs:182:3)\n    at internalNext (C:\\Users\\lardg\\Desktop\\TASK APP\\BACKEND\\node_modules\\helmet\\index.mjs:552:6)\n    at contentSecurityPolicyMiddleware (C:\\Users\\lardg\\Desktop\\TASK APP\\BACKEND\\node_modules\\helmet\\index.mjs:138:4)\n    at internalNext (C:\\Users\\lardg\\Desktop\\TASK APP\\BACKEND\\node_modules\\helmet\\index.mjs:552:6)\n    at helmetMiddleware (C:\\Users\\lardg\\Desktop\\TASK APP\\BACKEND\\node_modules\\helmet\\index.mjs:556:6)\n    at Layer.handle [as handle_request] (C:\\Users\\lardg\\Desktop\\TASK APP\\BACKEND\\node_modules\\express\\lib\\router\\layer.js:95:5)\n    at trim_prefix (C:\\Users\\lardg\\Desktop\\TASK APP\\BACKEND\\node_modules\\express\\lib\\router\\index.js:328:13)\n    at C:\\Users\\lardg\\Desktop\\TASK APP\\BACKEND\\node_modules\\express\\lib\\router\\index.js:286:9\n    at router.process_params (C:\\Users\\lardg\\Desktop\\TASK APP\\BACKEND\\node_modules\\express\\lib\\router\\index.js:346:12)\n    at next (C:\\Users\\lardg\\Desktop\\TASK APP\\BACKEND\\node_modules\\express\\lib\\router\\index.js:280:10)\n    at expressInit (C:\\Users\\lardg\\Desktop\\TASK APP\\BACKEND\\node_modules\\express\\lib\\middleware\\init.js:40:5)\n    at Layer.handle [as handle_request] (C:\\Users\\lardg\\Desktop\\TASK APP\\BACKEND\\node_modules\\express\\lib\\router\\layer.js:95:5)\n    at trim_prefix (C:\\Users\\lardg\\Desktop\\TASK APP\\BACKEND\\node_modules\\express\\lib\\router\\index.js:328:13)\n    at C:\\Users\\lardg\\Desktop\\TASK APP\\BACKEND\\node_modules\\express\\lib\\router\\index.js:286:9\n    at router.process_params (C:\\Users\\lardg\\Desktop\\TASK APP\\BACKEND\\node_modules\\express\\lib\\router\\index.js:346:12)\n    at next (C:\\Users\\lardg\\Desktop\\TASK APP\\BACKEND\\node_modules\\express\\lib\\router\\index.js:280:10)\n    at query (C:\\Users\\lardg\\Desktop\\TASK APP\\BACKEND\\node_modules\\express\\lib\\middleware\\query.js:45:5)\n    at Layer.handle [as handle_request] (C:\\Users\\lardg\\Desktop\\TASK APP\\BACKEND\\node_modules\\express\\lib\\router\\layer.js:95:5)\n    at trim_prefix (C:\\Users\\lardg\\Desktop\\TASK APP\\BACKEND\\node_modules\\express\\lib\\router\\index.js:328:13)\n    at C:\\Users\\lardg\\Desktop\\TASK APP\\BACKEND\\node_modules\\express\\lib\\router\\index.js:286:9\n    at router.process_params (C:\\Users\\lardg\\Desktop\\TASK APP\\BACKEND\\node_modules\\express\\lib\\router\\index.js:346:12)\n    at next (C:\\Users\\lardg\\Desktop\\TASK APP\\BACKEND\\node_modules\\express\\lib\\router\\index.js:280:10)\n    at router.handle (C:\\Users\\lardg\\Desktop\\TASK APP\\BACKEND\\node_modules\\express\\lib\\router\\index.js:175:3)\n    at app.handle (C:\\Users\\lardg\\Desktop\\TASK APP\\BACKEND\\node_modules\\express\\lib\\application.js:181:10)\n    at Server.app (C:\\Users\\lardg\\Desktop\\TASK APP\\BACKEND\\node_modules\\express\\lib\\express.js:39:9)\n    at Server.emit (node:events:508:28)\n    at parserOnIncoming (node:_http_server:1210:12)\n    at HTTPParser.parserOnHeadersComplete (node:_http_common:125:17)","name":"AppError","code":"AUTH_REQUIRED","statusCode":401,"details":null},"requestId":32,"path":"/api/v1/workspaces/d3438227-7d1c-40b3-822d-34fac88ce549/sync","msg":"Authentication required"}
{"level":40,"time":1791249093113,"pid":16976,"hostname":"DESKTOP-APUHV9O","req":{"id":32,"method":"GET","url":"/api/v1/workspaces/d3438227-7d1c-40b3-822d-34fac88ce549/sync"},"res":{"statusCode":401},"responseTime":13,"msg":"GET /api/v1/workspaces/d3438227-7d1c-40b3-822d-34fac88ce549/sync 401"}
{"level":50,"time":1791249093622,"pid":16976,"hostname":"DESKTOP-APUHV9O","err":{"type":"AppError","message":"Not a member of this workspace","stack":"AppError: Not a member of this workspace\n    at loadWorkspace (C:\\Users\\lardg\\Desktop\\TASK APP\\BACKEND\\src\\middleware\\workspace.js:27:13)\n    at processTicksAndRejections (node:internal/process/task_queues:104:5)","name":"AppError","code":"NOT_A_MEMBER","statusCode":403,"details":null},"requestId":33,"userId":"c68ee6e6-32d6-411b-ae0e-63ef7ce28cd4","path":"/api/v1/workspaces/00000000-0000-0000-0000-000000000000/sync","msg":"Not a member of this workspace"}
{"level":40,"time":1791249093623,"pid":16976,"hostname":"DESKTOP-APUHV9O","req":{"id":33,"method":"GET","url":"/api/v1/workspaces/00000000-0000-0000-0000-000000000000/sync"},"res":{"statusCode":403},"responseTime":500,"msg":"GET /api/v1/workspaces/00000000-0000-0000-0000-000000000000/sync 403"}
PASS tests/stage6-labels-sync.test.js (25.707 s)
  Stage 6: Labels and Sync
    S6.1: Labels - Create
      ΓêÜ should create a new label (747 ms)
      ΓêÜ should validate color format (517 ms)
      ΓêÜ should validate name is not empty (540 ms)
      ΓêÜ should require workspace membership (492 ms)
    S6.2: Labels - List
      ΓêÜ should list workspace labels (797 ms)
      ΓêÜ should return labels sorted by name (2181 ms)
      ΓêÜ should not include deleted labels (1955 ms)
    S6.3: Labels - Update
      ΓêÜ should update label name (722 ms)
      ΓêÜ should update label color (709 ms)
      ΓêÜ should update both name and color (729 ms)
      ΓêÜ should validate color format on update (531 ms)
      ΓêÜ should require at least one field (497 ms)
    S6.4: Labels - Delete
      ΓêÜ should require admin role (1 ms)
      ΓêÜ should soft delete label (2199 ms)
    S6.5: Sync - Initial Sync
      ΓêÜ should return all workspace data without since parameter (917 ms)
      ΓêÜ should include labels we created (789 ms)
      ΓêÜ should return ISO timestamp for serverTime (785 ms)
    S6.6: Sync - Incremental Sync
      ΓêÜ should return only changes after since timestamp (2077 ms)
      ΓêÜ should include soft-deleted rows (2049 ms)
      ΓêÜ should validate since timestamp format (471 ms)
    S6.7: Sync - Pagination
      ΓêÜ should set hasMore to false for small datasets (769 ms)
      ΓêÜ should set hasMore to true when exceeding 1000 rows
    S6.8: Sync - RLS Enforcement
      ΓêÜ should only return data user can access
    S6.9: Error Handling
      ΓêÜ should require authentication (22 ms)
      ΓêÜ should require workspace membership (510 ms)

Test Suites: 2 failed, 1 skipped, 2 passed, 4 of 5 total
Tests:       17 failed, 23 skipped, 66 passed, 106 total
Snapshots:   0 total
Time:        31.555 s
Ran all test suites.
